C51 COMPILER V9.01   MYDEBUG                                                               07/15/2020 14:47:17 PAGE 1   


C51 COMPILER V9.01, COMPILATION OF MODULE MYDEBUG
OBJECT MODULE PLACED IN .\Out_File\MyDebug.obj
COMPILER INVOKED BY: C:\Keil_v5\C51\BIN\C51.EXE ..\CODE\MyDebug.c LARGE OPTIMIZE(8,SPEED) BROWSE INCDIR(..\..\Libraries\
                    -libraries;..\..\Libraries\seekfree_libraries;..\..\Libraries\seekfree_peripheral;..\USER\inc;..\USER\src;..\CODE) DEBUG 
                    -OBJECTEXTEND PRINT(.\Out_File\MyDebug.lst) TABS(2) OBJECT(.\Out_File\MyDebug.obj)

line level    source

   1          /*
   2           * @Description  : 
   3           * @Version      : 
   4           * @Date         : 2020-06-22 16:48:49
   5           * @LastEditTime : 2020-07-15 13:03:22
   6           */ 
   7          #include "MyDebug.h"
   8          //按键屏幕相关定义
   9          uint8 KEY_UP,KEY_DOWN,KEY_LEFT,KEY_RIGHT,KEY_CEL,KEY_SURE;
  10          uint8 Page_Index=3,Para_Index=1,Para_Checked=0,Para_Choice=0;
  11          uint8 Para_Index_Limit=7;   //一页最多有7个变量序号
  12          uint8 Display_Edge=1;
  13          uint8 I_MAD = 0,MAD = 0;
  14          //对应不同的页面
  15          char Para_Name0[7][12]={"angle\0","Eangle\0","T_anglemin\0","T_anglemax\0","Speed_P\0","TURN_lim\0"};
  16          float *Control_Para0[6]={&Attitude_Angle.Y,&Zero_Angle,&Target_Angle_min,&Target_Angle_max,&MOTOR[0],&TURN
             -_lim};
  17          char Para_Name1[6][12]={"I_LAD\0","I_LADC\0","I_MAD\0","I_RADC\0","I_RAD\0","O_I\0"};
  18          int *Control_Para1[6]={&I_LAD,&I_LADC,&I_MAD,&I_RADC,&I_RAD,&O_I};
  19          ///////////////////////////////////////////////////////////////////////
  20          char Car_Set_Name0[6][12]={"Speed_Set\0","Speed_L\0","Speed_R\0","System_OK\0","Run_Flag\0","Stop_Flag\0"}
             -;
  21          char Car_Set_Name1[6][12]={"LAD\0","LADC\0","MAD\0","RADC\0","RAD\0"};
  22          float Step[4]={1.000,10.00,100.0,1000};   //默认调节步长为0.01
  23          unsigned char Step_Index=2;
  24          /**************上位机函数************/
  25          void Testdata_generate()
  26          {
  27   1        //OutData[i]=LAD;
  28   1        //OutData[i]=LADC;
  29   1        //OutData[i]=MAD;
  30   1        //OutData[i]=RADC;
  31   1        //OutData[i]=RAD;
  32   1        //OutData[i]=In_Roundabout_Flag;
  33   1        //OutData[i]=Out_Roundabout_Flag;
  34   1        //OutData[i]=In_Out_Roundabout_ture_I;
  35   1        //OutData[i]=Attitude_Angle.Z;
  36   1        OutPut_Data();
  37   1      }
  38          /**************屏幕显示************/
  39          void OLED_Draw_UI()  //画出界面
  40          { 
  41   1        uint8 i;
  42   1      
  43   1           OLED_PrintValueF(72, 0,Step[Step_Index],4);            //显示调节步进值
  44   1           if((Page_Index!=3)&&Para_Index==7)
  45   1           {
  46   2              reverse=1; 
  47   2               OLED_P6x8Str(110,0,"BYS");
  48   2               OLED_P6x8Str(110,1,"NO1");
  49   2               OLED_P6x8Str(110,2,"GHC");
  50   2               OLED_P6x8Str(110,3,"TYB");
  51   2               OLED_P6x8Str(110,4,"Y S");
C51 COMPILER V9.01   MYDEBUG                                                               07/15/2020 14:47:17 PAGE 2   

  52   2              reverse=0;
  53   2           }
  54   1           else  
  55   1           {
  56   2               OLED_P6x8Str(110,0,"BYS");
  57   2               OLED_P6x8Str(110,1,"NO1");
  58   2               OLED_P6x8Str(110,2,"GHC");
  59   2               OLED_P6x8Str(110,3,"TYB");
  60   2               OLED_P6x8Str(110,4,"Y S");
  61   2           }
  62   1           OLED_Set_Pos(122,7);
  63   1           OLED_P6x8Char(Page_Index+48);                         //写出页面序号
  64   1      
  65   1        /////////////////////////////////////////////////////////第0页  发车调试
  66   1        if(Page_Index==0)                
  67   1        {
  68   2          for(i=0;i<6;i++)
  69   2          {
  70   3            if(i==Para_Index&&Para_Choice==true&&Para_Checked==false)
  71   3            {
  72   4             reverse=1;
  73   4             OLED_P6x8Str(0,i+1,Para_Name0[i]);   //将参量名反转显示
  74   4             reverse=0;
  75   4            }
  76   3            else OLED_P6x8Str(0,i+1,Para_Name0[i]);
  77   3      
  78   3            if(i==(Para_Index)&&Para_Checked)
  79   3            {
  80   4              reverse=1;
  81   4              OLED_PrintValueF(72, i+1,*Control_Para0[i],4);
  82   4              reverse=0;
  83   4            }
  84   3            else  OLED_PrintValueF(72, i+1,*Control_Para0[i],4);
  85   3            
  86   3            OLED_Set_Pos(116,i+1);
  87   3      
  88   3          }
  89   2        }
  90   1          /////////////////////////////////////////////////////////第1页  发车调试
  91   1        if(Page_Index==1)                
  92   1        {
  93   2          for(i=0;i<5;i++)
  94   2          {
  95   3            if(i==Para_Index&&Para_Choice==true&&Para_Checked==false)
  96   3            {
  97   4             reverse=1;
  98   4             OLED_P6x8Str(0,i+1,Para_Name1[i]);   //将参量名反转显示
  99   4             reverse=0;
 100   4            }
 101   3            else OLED_P6x8Str(0,i+1,Para_Name1[i]);
 102   3      
 103   3            if(i==(Para_Index)&&Para_Checked)
 104   3            {
 105   4              reverse=1;
 106   4              OLED_PrintValueF(72, i+1,*Control_Para1[i],4);
 107   4              reverse=0;
 108   4            }
 109   3            else  OLED_PrintValueF(72, i+1,*Control_Para1[i],4);
 110   3            
 111   3            OLED_Set_Pos(116,i+1);
 112   3      
 113   3          }
C51 COMPILER V9.01   MYDEBUG                                                               07/15/2020 14:47:17 PAGE 3   

 114   2        }
 115   1      
 116   1        /////////////////////////////////////////////////////////第3页   查看车身信息
 117   1        else if(Page_Index==2)
 118   1        {   
 119   2          for(i=0;i<6;i++)
 120   2          {
 121   3            if(i==Para_Index&&Para_Choice==true&&Para_Checked==false)
 122   3            {
 123   4             reverse=1;
 124   4             OLED_P6x8Str(0,i+1,Car_Set_Name0[i]);   //将查看量名反转显示
 125   4             reverse=0;
 126   4            }
 127   3            else OLED_P6x8Str(0,i+1,Car_Set_Name0[i]);
 128   3      
 129   3            OLED_Set_Pos(116,i+1);
 130   3        
 131   3          }  
 132   2           //参数的反转显示
 133   2            if((0==Para_Index)&&Para_Checked)    //查看0    设定速度
 134   2            {
 135   3              reverse=1;
 136   3              OLED_PrintValueF(72, 1,Speed_Set,4);
 137   3              reverse=0;
 138   3            }
 139   2            else    OLED_PrintValueF(72,1,Speed_Set,4);
 140   2          
 141   2            if((1==Para_Index)&&Para_Checked)    //查看1    左编码器
 142   2            {
 143   3              reverse=1;
 144   3              OLED_PrintValueF(72, 2,MOTOR_Speed_Left,4);
 145   3              reverse=0;
 146   3            }
 147   2            else    OLED_PrintValueF(72,2,MOTOR_Speed_Left,4);
 148   2            
 149   2            if((2==Para_Index)&&Para_Checked)    //查看2    右编码器
 150   2            {
 151   3              reverse=1;
 152   3              OLED_PrintValueF(72, 3,MOTOR_Speed_Right,4);
 153   3              reverse=0;
 154   3            }
 155   2            else    OLED_PrintValueF(72,3,MOTOR_Speed_Right,4);
 156   2            if((3==Para_Index)&&Para_Checked)    //查看3    系统初始化
 157   2            {
 158   3              reverse=1;
 159   3              OLED_PrintValueF(72, 4,System_OK,4);
 160   3              reverse=0;
 161   3            }
 162   2            else    OLED_PrintValueF(72,4,System_OK,4);
 163   2            
 164   2            if((4==Para_Index)&&Para_Checked)    //查看4    开跑标志
 165   2            {
 166   3              reverse=1;
 167   3              OLED_PrintValueF(72, 5,Run_Flag,4);
 168   3              reverse=0;
 169   3            }
 170   2            else    OLED_PrintValueF(72,5,Run_Flag,4);
 171   2            
 172   2            if((5==Para_Index)&&Para_Checked)    //查看5    停车标志
 173   2            {
 174   3              reverse=1;
 175   3              OLED_PrintValueF(72, 6,Stop_Flag,4);
C51 COMPILER V9.01   MYDEBUG                                                               07/15/2020 14:47:17 PAGE 4   

 176   3              reverse=0;
 177   3            }
 178   2            else    OLED_PrintValueF(72,6,Stop_Flag,4);
 179   2            
 180   2        }
 181   1          /////////////////////////////////////////////////////////第4页 测场地电感值
 182   1        else if(Page_Index==3)
 183   1        {
 184   2          OLED_P6x8Str(0,1,"LAD");
 185   2          OLED_PrintValueF(72,1,LAD,3);
 186   2          OLED_P6x8Str(0,2,"LADC");
 187   2          OLED_PrintValueF(72, 2,LADC,3);
 188   2          OLED_P6x8Str(0,3,"MAD");
 189   2          OLED_PrintValueF(72, 3,MAD,3);
 190   2          OLED_P6x8Str(0,4,"RADC");
 191   2          OLED_PrintValueF(72, 4,RADC,4);
 192   2          OLED_P6x8Str(0,5,"RAD");
 193   2          OLED_PrintValueF(72, 5,RAD,4);
 194   2        } 
 195   1      }
 196          /**************按键选择函数************/
 197          void Check_BottonPress()
 198          {   //按键读值
 199   1        KEY_UP    = P40;
 200   1        KEY_DOWN  = P41;    
 201   1        KEY_LEFT  = P42;
 202   1        KEY_RIGHT = P43;
 203   1        KEY_CEL   = P44;
 204   1        KEY_SURE  = P45;
 205   1         //确定键
 206   1         if(KEY_SURE==0) 
 207   1         {
 208   2           //去抖
 209   2            delay_ms(10);
 210   2            if(KEY_SURE==0)
 211   2           {    
 212   3             if(Para_Index==7) 
 213   3             { 
 214   4               Para_Index=0; 
 215   4             }
 216   3             else
 217   3             {
 218   4              if(Para_Choice==false)  Para_Choice=true;  //  选择参量   
 219   4              else
 220   4             {
 221   5               if(Para_Checked==false) Para_Checked=true;
 222   5               else Para_Checked=false;       
 223   5              }
 224   4             }
 225   3            }
 226   2            while(KEY_SURE==1); //直到按键松开再运行
 227   2         }
 228   1         //取消键
 229   1           if(KEY_CEL==0)
 230   1         {
 231   2            //去抖
 232   2            delay_ms(10);
 233   2            if(KEY_CEL==0)
 234   2            {    
 235   3             if(Para_Choice==true) Para_Choice=false; //不选择参量
 236   3             if(Para_Checked==true)Para_Checked=false;
 237   3             if(Page_Index==6)
C51 COMPILER V9.01   MYDEBUG                                                               07/15/2020 14:47:17 PAGE 5   

 238   3             {
 239   4               if(Display_Edge) Display_Edge=0;
 240   4               else Display_Edge=1;
 241   4             }
 242   3            }
 243   2            while(KEY_CEL==1);  //直到按键松开再运行
 244   2         } 
 245   1         //向左键
 246   1           if(KEY_LEFT==0)
 247   1         {
 248   2            //去抖
 249   2            delay_ms(10);
 250   2            if(KEY_LEFT==0)
 251   2            {
 252   3              if(Para_Checked) 
 253   3              {
 254   4                if(Step_Index==4) 
 255   4                Step_Index=4;   //最大的步长为1000
 256   4                else Step_Index++;
 257   4              }
 258   3              else 
 259   3              { 
 260   4                Para_Index=0;
 261   4                if(Page_Index==0) Page_Index=3; //当参数没被选中的时候，按左右键翻页
 262   4                else Page_Index--;
 263   4                OLED_Fill(0);//清屏 
 264   4              }
 265   3            }
 266   2            while(KEY_LEFT==1);//直到按键松开再运行
 267   2         } 
 268   1         //向右键
 269   1           if(KEY_RIGHT==0)
 270   1         {
 271   2            //去抖
 272   2            delay_ms(10);
 273   2            if(KEY_RIGHT==0)
 274   2            {
 275   3              if(Para_Checked) 
 276   3              {
 277   4                if(Step_Index==0) 
 278   4                 Step_Index=0;//最小的步长为0.01
 279   4                else
 280   4                {
 281   5                  Step_Index--;
 282   5                }
 283   4              }
 284   3              else 
 285   3              { 
 286   4                Para_Index=0;
 287   4                if(Page_Index==3) Page_Index=0;
 288   4                else Page_Index++;
 289   4               OLED_Fill(0);//清屏 
 290   4              }
 291   3            }
 292   2            while(KEY_RIGHT==1);      //直到按键松开再运行
 293   2         }
 294   1         //向上键
 295   1           if(KEY_UP==0)
 296   1         {
 297   2            delay_ms(10);
 298   2            if(KEY_UP==0)
 299   2            {
C51 COMPILER V9.01   MYDEBUG                                                               07/15/2020 14:47:17 PAGE 6   

 300   3              if(Para_Choice==true)
 301   3              {
 302   4                if(Para_Checked==false)
 303   4                {
 304   5                 if(Para_Index==0) Para_Index=Para_Index_Limit;
 305   5                 else Para_Index-=1;
 306   5                }
 307   4                else
 308   4                {
 309   5                    if(Page_Index==0&&Para_Index<=6)                    //修改第0页的参数
 310   5                  {
 311   6                    *Control_Para0[Para_Index]+=Step[Step_Index];
 312   6                  }
 313   5                  
 314   5                    if(Page_Index==1&&Para_Index<=6)                    //修改第1页的参数
 315   5                  {
 316   6                    *Control_Para1[Para_Index]+=Step[Step_Index];
 317   6                  }
 318   5           
 319   5                    if(Page_Index==2&&Para_Index<=6)                    //修改第3页的参数
 320   5                  {
 321   6                    if(Para_Index==0) Speed_Set+=(int)Step[Step_Index];  //设定速度 
 322   6                  }
 323   5                }
 324   4              }
 325   3            }  
 326   2            while(KEY_UP==1);//直到按键松开再运行  
 327   2         }
 328   1         //向下键
 329   1           if(KEY_DOWN==0)
 330   1         {
 331   2            delay_ms(10);
 332   2            if(KEY_DOWN==0)
 333   2            {
 334   3             if(Para_Choice==true)
 335   3              {
 336   4                if(Para_Checked==false)
 337   4                {             
 338   5                  if(Para_Index==Para_Index_Limit)Para_Index=0;   //防止序号超出范围
 339   5                  else  Para_Index+=1; 
 340   5                }
 341   4                else
 342   4                {
 343   5                    if(Page_Index==0&&Para_Index<=6)                    //修改第0页的参数
 344   5                  {
 345   6                    *Control_Para0[Para_Index]-=Step[Step_Index];
 346   6                  }
 347   5                  
 348   5                    if(Page_Index==1&&Para_Index<=6)                    //修改第1页的参数
 349   5                  {
 350   6                    *Control_Para1[Para_Index]-=Step[Step_Index];
 351   6                  }
 352   5                  
 353   5                    if(Page_Index==2&&Para_Index<=6)                    //修改第3页的参数
 354   5                  {
 355   6                    if(Para_Index==0) Speed_Set-=(int)Step[Step_Index];  //设定速度 
 356   6                  }
 357   5                }
 358   4              }
 359   3            }
 360   2            while(KEY_DOWN==1);  //直到按键松开再运行
 361   2         }
C51 COMPILER V9.01   MYDEBUG                                                               07/15/2020 14:47:17 PAGE 7   

 362   1      }


MODULE INFORMATION:   STATIC OVERLAYABLE
   CODE SIZE        =   2773    ----
   CONSTANT SIZE    =     42    ----
   XDATA SIZE       =    367       1
   PDATA SIZE       =   ----    ----
   DATA SIZE        =   ----    ----
   IDATA SIZE       =   ----    ----
   BIT SIZE         =   ----    ----
END OF MODULE INFORMATION.


C51 COMPILATION COMPLETE.  0 WARNING(S),  0 ERROR(S)
