BL51 BANKED LINKER/LOCATER V6.22                                                        07/15/2020  14:47:17  PAGE 1


BL51 BANKED LINKER/LOCATER V6.22, INVOKED BY:
C:\KEIL_V5\C51\BIN\BL51.EXE .\Out_File\common.obj, .\Out_File\board.obj, .\Out_File\zf_spi.obj, .\Out_File\zf_iic.obj, .
>> \Out_File\zf_uart.obj, .\Out_File\zf_adc.obj, .\Out_File\zf_tim.obj, .\Out_File\zf_pwm.obj, .\Out_File\zf_pca_pit.obj
>> , .\Out_File\zf_exti.obj, .\Out_File\zf_pca_delay.obj, .\Out_File\zf_gpio.obj, .\Out_File\zf_eeprom.obj, .\Out_File\z
>> f_delay.obj, .\Out_File\SEEKFREE_18TFT.obj, .\Out_File\SEEKFREE_FONT.obj, .\Out_File\SEEKFREE_ICM20602.obj, .\Out_Fil
>> e\SEEKFREE_IIC.obj, .\Out_File\SEEKFREE_TSL1401.obj, .\Out_File\SEEKFREE_IPS114_SPI.obj, .\Out_File\SEEKFREE_MPU6050.
>> obj, .\Out_File\SEEKFREE_ABSOLUTE_ENCODER.obj, .\Out_File\SEEKFREE_WIRELESS.obj, .\Out_File\SEEKFREE_VIRSCO.obj, .\Ou
>> t_File\SEEKFREE_PRINTF.obj, .\Out_File\isr.obj, .\Out_File\main.obj, .\Out_File\Balance.obj, .\Out_File\Mpu6050.obj, 
>> .\Out_File\MyControl.obj, .\Out_File\PID.obj, .\Out_File\System_Init.obj, .\Out_File\MyDebug.obj, .\Out_File\oled.obj
>> , .\Out_File\outputdata.obj TO .\Out_File\SEEKFREE PRINT (.\Out_File\SEEKFREE.m51) RAMSIZE (256) DISABLEWARNING (16) 
>> CODE (0X0000-0XFFF8) XDATA (0X0000-0X1FFF)


MEMORY MODEL: LARGE WITH FLOATING POINT ARITHMETIC


INPUT MODULES INCLUDED:
  .\Out_File\common.obj (COMMON)
  .\Out_File\board.obj (BOARD)
  .\Out_File\zf_spi.obj (ZF_SPI)
  .\Out_File\zf_iic.obj (ZF_IIC)
  .\Out_File\zf_uart.obj (ZF_UART)
  .\Out_File\zf_adc.obj (ZF_ADC)
  .\Out_File\zf_tim.obj (ZF_TIM)
  .\Out_File\zf_pwm.obj (ZF_PWM)
  .\Out_File\zf_pca_pit.obj (ZF_PCA_PIT)
  .\Out_File\zf_exti.obj (ZF_EXTI)
  .\Out_File\zf_pca_delay.obj (ZF_PCA_DELAY)
  .\Out_File\zf_gpio.obj (ZF_GPIO)
  .\Out_File\zf_eeprom.obj (ZF_EEPROM)
  .\Out_File\zf_delay.obj (ZF_DELAY)
  .\Out_File\SEEKFREE_18TFT.obj (SEEKFREE_18TFT)
  .\Out_File\SEEKFREE_FONT.obj (SEEKFREE_FONT)
  .\Out_File\SEEKFREE_ICM20602.obj (SEEKFREE_ICM20602)
  .\Out_File\SEEKFREE_IIC.obj (SEEKFREE_IIC)
  .\Out_File\SEEKFREE_TSL1401.obj (SEEKFREE_TSL1401)
  .\Out_File\SEEKFREE_IPS114_SPI.obj (SEEKFREE_IPS114_SPI)
  .\Out_File\SEEKFREE_MPU6050.obj (SEEKFREE_MPU6050)
  .\Out_File\SEEKFREE_ABSOLUTE_ENCODER.obj (SEEKFREE_ABSOLUTE_ENCODER)
  .\Out_File\SEEKFREE_WIRELESS.obj (SEEKFREE_WIRELESS)
  .\Out_File\SEEKFREE_VIRSCO.obj (SEEKFREE_VIRSCO)
  .\Out_File\SEEKFREE_PRINTF.obj (SEEKFREE_PRINTF)
  .\Out_File\isr.obj (ISR)
  .\Out_File\main.obj (MAIN)
  .\Out_File\Balance.obj (BALANCE)
  .\Out_File\Mpu6050.obj (MPU6050)
  .\Out_File\MyControl.obj (MYCONTROL)
  .\Out_File\PID.obj (PID)
  .\Out_File\System_Init.obj (SYSTEM_INIT)
  .\Out_File\MyDebug.obj (MYDEBUG)
  .\Out_File\oled.obj (OLED)
  .\Out_File\outputdata.obj (OUTPUTDATA)
  C:\KEIL_V5\C51\LIB\C51FPL.LIB (?C?FPADD)
  C:\KEIL_V5\C51\LIB\C51FPL.LIB (?C?FPMUL)
  C:\KEIL_V5\C51\LIB\C51FPL.LIB (?C?FPDIV)
  C:\KEIL_V5\C51\LIB\C51FPL.LIB (?C?FPCMP)
  C:\KEIL_V5\C51\LIB\C51FPL.LIB (?C?FPNEG)
  C:\KEIL_V5\C51\LIB\C51FPL.LIB (?C?FCAST)
BL51 BANKED LINKER/LOCATER V6.22                                                      07/15/2020  14:47:17  PAGE 2


  C:\KEIL_V5\C51\LIB\C51FPL.LIB (?C?CASTF)
  C:\KEIL_V5\C51\LIB\C51FPL.LIB (ATAN2)
  C:\KEIL_V5\C51\LIB\C51FPL.LIB (?C?FPGETOPN)
  C:\KEIL_V5\C51\LIB\C51FPL.LIB (ATAN)
  C:\KEIL_V5\C51\LIB\C51FPL.LIB (?C?FPSERIES)
  C:\KEIL_V5\C51\LIB\C51L.LIB (?C_STARTUP)
  C:\KEIL_V5\C51\LIB\C51L.LIB (?C?COPY)
  C:\KEIL_V5\C51\LIB\C51L.LIB (?C?SCDIV)
  C:\KEIL_V5\C51\LIB\C51L.LIB (?C?CLDPTR)
  C:\KEIL_V5\C51\LIB\C51L.LIB (?C?CLDOPTR)
  C:\KEIL_V5\C51\LIB\C51L.LIB (?C?CSTPTR)
  C:\KEIL_V5\C51\LIB\C51L.LIB (?C?CSTOPTR)
  C:\KEIL_V5\C51\LIB\C51L.LIB (?C?IMUL)
  C:\KEIL_V5\C51\LIB\C51L.LIB (?C?UIDIV)
  C:\KEIL_V5\C51\LIB\C51L.LIB (?C?SIDIV)
  C:\KEIL_V5\C51\LIB\C51L.LIB (?C?IILDX)
  C:\KEIL_V5\C51\LIB\C51L.LIB (?C?ILDIX)
  C:\KEIL_V5\C51\LIB\C51L.LIB (?C?ILDPTR)
  C:\KEIL_V5\C51\LIB\C51L.LIB (?C?ILDOPTR)
  C:\KEIL_V5\C51\LIB\C51L.LIB (?C?ISTPTR)
  C:\KEIL_V5\C51\LIB\C51L.LIB (?C?ISTOPTR)
  C:\KEIL_V5\C51\LIB\C51L.LIB (?C?LMUL)
  C:\KEIL_V5\C51\LIB\C51L.LIB (?C?ULDIV)
  C:\KEIL_V5\C51\LIB\C51L.LIB (?C?SLDIV)
  C:\KEIL_V5\C51\LIB\C51L.LIB (?C?LNEG)
  C:\KEIL_V5\C51\LIB\C51L.LIB (?C?SLCMP)
  C:\KEIL_V5\C51\LIB\C51L.LIB (?C?ULCMP)
  C:\KEIL_V5\C51\LIB\C51L.LIB (?C?ULSHR)
  C:\KEIL_V5\C51\LIB\C51L.LIB (?C?LLDPTR)
  C:\KEIL_V5\C51\LIB\C51L.LIB (?C?LLDOPTR)
  C:\KEIL_V5\C51\LIB\C51L.LIB (?C?LSTPTR)
  C:\KEIL_V5\C51\LIB\C51L.LIB (?C?LSTOPTR)
  C:\KEIL_V5\C51\LIB\C51L.LIB (?C?LLDCODE)
  C:\KEIL_V5\C51\LIB\C51L.LIB (?C?LLDXDATA0)
  C:\KEIL_V5\C51\LIB\C51L.LIB (?C?LLDCODE0)
  C:\KEIL_V5\C51\LIB\C51L.LIB (?C?LLDPTR0)
  C:\KEIL_V5\C51\LIB\C51L.LIB (?C?LLDOPTR0)
  C:\KEIL_V5\C51\LIB\C51L.LIB (?C?LSTXDATA)
  C:\KEIL_V5\C51\LIB\C51L.LIB (?C?LSTKXDATA)
  C:\KEIL_V5\C51\LIB\C51L.LIB (?C?LSTKPTR)
  C:\KEIL_V5\C51\LIB\C51L.LIB (?C?LSTKOPTR)
  C:\KEIL_V5\C51\LIB\C51L.LIB (?C?PLDPTR)
  C:\KEIL_V5\C51\LIB\C51L.LIB (?C?CCASE)
  C:\KEIL_V5\C51\LIB\C51L.LIB (?C?LIMUL)
  C:\KEIL_V5\C51\LIB\C51L.LIB (?C_INIT)
  C:\KEIL_V5\C51\LIB\C51L.LIB (?C?LLDIDATA)
  C:\KEIL_V5\C51\LIB\C51L.LIB (?C?LLDXDATA)
  C:\KEIL_V5\C51\LIB\C51L.LIB (?C?LLDPDATA)
  C:\KEIL_V5\C51\LIB\C51L.LIB (?C?LLDIDATA0)
  C:\KEIL_V5\C51\LIB\C51L.LIB (?C?LLDPDATA0)
  C:\KEIL_V5\C51\LIB\C51L.LIB (?C?LSTIDATA)
  C:\KEIL_V5\C51\LIB\C51L.LIB (?C?LSTPDATA)
  C:\KEIL_V5\C51\LIB\C51L.LIB (?C?LSTKIDATA)
  C:\KEIL_V5\C51\LIB\C51L.LIB (?C?LSTKPDATA)
  C:\KEIL_V5\C51\LIB\C51L.LIB (?C?PLDIDATA)
  C:\KEIL_V5\C51\LIB\C51L.LIB (?C?PLDXDATA)
  C:\KEIL_V5\C51\LIB\C51L.LIB (?C?PLDPDATA)
BL51 BANKED LINKER/LOCATER V6.22                                                      07/15/2020  14:47:17  PAGE 3


  C:\KEIL_V5\C51\LIB\C51L.LIB (?C?PLDCODE)


LINK MAP OF MODULE:  .\Out_File\SEEKFREE (COMMON)


            TYPE    BASE      LENGTH    RELOCATION   SEGMENT NAME
            -----------------------------------------------------

            * * * * * * *   D A T A   M E M O R Y   * * * * * * *
            REG     0000H     0008H     ABSOLUTE     "REG BANK 0"
                    0008H     0018H                  *** GAP ***
            BIT     0020H.0   0000H.4   UNIT         _BIT_GROUP_
                    0020H.4   0000H.4                *** GAP ***
            IDATA   0021H     0001H     UNIT         ?STACK

            * * * * * * *  X D A T A   M E M O R Y  * * * * * * *
            XDATA   0000H     022FH     UNIT         ?XD?OLED
            XDATA   022FH     016FH     UNIT         ?XD?MYDEBUG
            XDATA   039EH     0101H     UNIT         ?XD?SEEKFREE_TSL1401
            XDATA   049FH     00F4H     UNIT         ?XD?PID
            XDATA   0593H     00D2H     UNIT         ?XD?BALANCE
            XDATA   0665H     00CDH     UNIT         ?XD?ZF_UART
            XDATA   0732H     0080H     UNIT         _XDATA_GROUP_
            XDATA   07B2H     005CH     UNIT         ?XD?_ZF_SPRINTF?SEEKFREE_PRINTF
            XDATA   080EH     0059H     UNIT         ?XD?MPU6050
            XDATA   0867H     0040H     UNIT         ?XD?MYCONTROL
            XDATA   08A7H     0036H     UNIT         ?XD?SYSTEM_INIT
            XDATA   08DDH     002FH     UNIT         ?XD?_LCD_SHOWFLOAT?SEEKFREE_18TFT
            XDATA   090CH     002FH     UNIT         ?XD?_IPS114_SHOWFLOAT?SEEKFREE_IPS114_SPI
            XDATA   093BH     002CH     UNIT         ?XD?_LCD_SHOWINT32?SEEKFREE_18TFT
            XDATA   0967H     002CH     UNIT         ?XD?_IPS114_SHOWINT32?SEEKFREE_IPS114_SPI
            XDATA   0993H     0016H     UNIT         ?XD?_IPS114_DISPLAY_CHINESE?SEEKFREE_IPS114_SPI
            XDATA   09A9H     0013H     UNIT         ?XD?_NUMBER_CONVERSION_ASCII?SEEKFREE_PRINTF
            XDATA   09BCH     0011H     UNIT         ?XD?_OLED_PRINTVALUEF?OLED
            XDATA   09CDH     0010H     UNIT         ?XD?ZF_PCA_PIT
            XDATA   09DDH     0010H     UNIT         ?XD?OUTPUTDATA
            XDATA   09EDH     000CH     UNIT         ?XD?_LCD_SHOWINT16?SEEKFREE_18TFT
            XDATA   09F9H     000CH     UNIT         ?XD?SEEKFREE_ICM20602
            XDATA   0A05H     000CH     UNIT         ?XD?_IPS114_SHOWINT16?SEEKFREE_IPS114_SPI
            XDATA   0A11H     000CH     UNIT         ?XD?SEEKFREE_MPU6050
            XDATA   0A1DH     000CH     UNIT         ?XD?_PRINTF_REVERSE_ORDER?SEEKFREE_PRINTF
            XDATA   0A29H     000BH     UNIT         ?XD?_SHOWIMAGE?SEEKFREE_18TFT
            XDATA   0A34H     000BH     UNIT         ?XD?_DATA_CONVERSION?SEEKFREE_VIRSCO
            XDATA   0A3FH     000AH     UNIT         ?XD?_LCD_SHOWUINT16?SEEKFREE_18TFT
            XDATA   0A49H     000AH     UNIT         ?XD?_IPS114_SHOWUINT16?SEEKFREE_IPS114_SPI
            XDATA   0A53H     000AH     UNIT         ?XD?SEEKFREE_VIRSCO
            XDATA   0A5DH     0009H     UNIT         ?XD?_LCD_SHOWSTR?SEEKFREE_18TFT
            XDATA   0A66H     0009H     UNIT         ?XD?_LCD_SHOWINT8?SEEKFREE_18TFT
            XDATA   0A6FH     0009H     UNIT         ?XD?_IPS114_SHOWSTR?SEEKFREE_IPS114_SPI
            XDATA   0A78H     0009H     UNIT         ?XD?_IPS114_SHOWINT8?SEEKFREE_IPS114_SPI
            XDATA   0A81H     0008H     UNIT         ?XD?_LCD_SET_REGION?SEEKFREE_18TFT
            XDATA   0A89H     0008H     UNIT         ?XD?_LCD_SHOWCHAR?SEEKFREE_18TFT
            XDATA   0A91H     0008H     UNIT         ?XD?_LCD_SHOWUINT8?SEEKFREE_18TFT
            XDATA   0A99H     0008H     UNIT         ?XD?_IPS114_SET_REGION?SEEKFREE_IPS114_SPI
            XDATA   0AA1H     0008H     UNIT         ?XD?_IPS114_SHOWCHAR?SEEKFREE_IPS114_SPI
            XDATA   0AA9H     0008H     UNIT         ?XD?_IPS114_SHOWUINT8?SEEKFREE_IPS114_SPI
BL51 BANKED LINKER/LOCATER V6.22                                                      07/15/2020  14:47:17  PAGE 4


            XDATA   0AB1H     0008H     UNIT         ?XD?_OLED_P6X8STR?OLED
            XDATA   0AB9H     0007H     UNIT         ?XD?_SPI_INIT?ZF_SPI
            XDATA   0AC0H     0007H     UNIT         ?XD?_IIC_INIT?ZF_IIC
            XDATA   0AC7H     0007H     UNIT         ?XD?_ICM_SPI_R_REG_BYTES?SEEKFREE_ICM20602
            XDATA   0ACEH     0007H     UNIT         ?XD?_SIMIIC_READ_REGS?SEEKFREE_IIC
            XDATA   0AD5H     0007H     UNIT         ?XD?_SEEKFREE_WIRELESS_SEND_BUFF?SEEKFREE_WIRELESS
            XDATA   0ADCH     0007H     UNIT         ?XD?_CRC_CHECK?SEEKFREE_VIRSCO
            XDATA   0AE3H     0006H     UNIT         ?XD?_IIC_READ_REG_BYTES?ZF_IIC
            XDATA   0AE9H     0006H     UNIT         ?XD?_UART_PUTBUFF?ZF_UART
            XDATA   0AEFH     0006H     UNIT         ?XD?_IAP_READ_BYTES?ZF_EEPROM
            XDATA   0AF5H     0006H     UNIT         ?XD?_IAP_WRITE_BYTES?ZF_EEPROM
            XDATA   0AFBH     0006H     UNIT         ?XD?_LCD_DRAWPOINT?SEEKFREE_18TFT
            XDATA   0B01H     0006H     UNIT         ?XD?GET_ICM20602_ACCDATA_SIMIIC?SEEKFREE_ICM20602
            XDATA   0B07H     0006H     UNIT         ?XD?GET_ICM20602_GYRO_SIMIIC?SEEKFREE_ICM20602
            XDATA   0B0DH     0006H     UNIT         ?XD?GET_ICM20602_ACCDATA_SIMSPI?SEEKFREE_ICM20602
            XDATA   0B13H     0006H     UNIT         ?XD?GET_ICM20602_GYRO_SIMSPI?SEEKFREE_ICM20602
            XDATA   0B19H     0006H     UNIT         ?XD?GET_ICM20602_ACCDATA_SPI?SEEKFREE_ICM20602
            XDATA   0B1FH     0006H     UNIT         ?XD?GET_ICM20602_GYRO_SPI?SEEKFREE_ICM20602
            XDATA   0B25H     0006H     UNIT         ?XD?SEEKFREE_IIC
            XDATA   0B2BH     0006H     UNIT         ?XD?_IPS114_CLEAR?SEEKFREE_IPS114_SPI
            XDATA   0B31H     0006H     UNIT         ?XD?_IPS114_DRAWPOINT?SEEKFREE_IPS114_SPI
            XDATA   0B37H     0006H     UNIT         ?XD?MPU6050_GET_ACCDATA?SEEKFREE_MPU6050
            XDATA   0B3DH     0006H     UNIT         ?XD?MPU6050_GET_GYRO?SEEKFREE_MPU6050
            XDATA   0B43H     0006H     UNIT         ?XD?_OLED_PRINTVALUEI?OLED
            XDATA   0B49H     0006H     UNIT         ?XD?_OLED_PRINTVALUEFP?OLED
            XDATA   0B4FH     0005H     UNIT         ?XD?_IIC_READ_REG?ZF_IIC
            XDATA   0B54H     0005H     UNIT         ?XD?_PWM_FREQ?ZF_PWM
            XDATA   0B59H     0005H     UNIT         ?XD?_ICM_SIMSPI_R_REG_BYTES?SEEKFREE_ICM20602
            XDATA   0B5EH     0005H     UNIT         ?XD?_CCD_SEND_DATA?SEEKFREE_TSL1401
            XDATA   0B63H     0004H     UNIT         ?XD?BOARD
            XDATA   0B67H     0004H     UNIT         ?XD?_SPI_CHANGE_PIN?ZF_SPI
            XDATA   0B6BH     0004H     UNIT         ?XD?_LCD_CLEAR?SEEKFREE_18TFT
            XDATA   0B6FH     0004H     UNIT         ?XD?ISR
            XDATA   0B73H     0003H     UNIT         ?XD?_UART_PUTSTR?ZF_UART
            XDATA   0B76H     0003H     UNIT         ?XD?_PCA_INIT_INTERRUPT_MS?ZF_PCA_PIT
            XDATA   0B79H     0003H     UNIT         ?XD?_ICM_SPI_R_REG_BYTE?SEEKFREE_ICM20602
            XDATA   0B7CH     0003H     UNIT         ?XD?_ENCODER_SIMSPI_R_REG_BYTE?SEEKFREE_ABSOLUTE_ENCODER
            XDATA   0B7FH     0003H     UNIT         ?XD?_SPI_R_REG_BYTE?SEEKFREE_ABSOLUTE_ENCODER
            XDATA   0B82H     0003H     UNIT         ?XD?_ENCODER_SPI_R_REG_BYTE?SEEKFREE_ABSOLUTE_ENCODER
            XDATA   0B85H     0003H     UNIT         ?XD?_OLED_PRINTVALUEC?OLED
            XDATA   0B88H     0002H     UNIT         ?XD?WAIT?ZF_IIC
            XDATA   0B8AH     0002H     UNIT         ?XD?ZF_PCA_DELAY
            XDATA   0B8CH     0002H     UNIT         ?XD?_LCD_WRITEDATA_16BIT?SEEKFREE_18TFT
            XDATA   0B8EH     0002H     UNIT         ?XD?_IPS114_WRITEDATA_16BIT?SEEKFREE_IPS114_SPI
            XDATA   0B90H     0002H     UNIT         ?XD?_ENCODER_SPI_W_REG_BYTE?SEEKFREE_ABSOLUTE_ENCODER
            XDATA   0B92H     0002H     UNIT         ?XD?_SET_ZERO_POSITION_SPI?SEEKFREE_ABSOLUTE_ENCODER
            XDATA   0B94H     0002H     UNIT         ?XD?ENCODER_ANGLE_SPI?SEEKFREE_ABSOLUTE_ENCODER
            XDATA   0B96H     0001H     UNIT         ?XD?_PUTCHAR?BOARD
            XDATA   0B97H     0001H     UNIT         ?XD?_IIC_WRITE_REG?ZF_IIC
            XDATA   0B98H     0001H     UNIT         ?XD?ICM20602_SELF1_CHECK?SEEKFREE_ICM20602
            XDATA   0B99H     0001H     UNIT         ?XD?ICM20602_SELF4_CHECK?SEEKFREE_ICM20602
            XDATA   0B9AH     0001H     UNIT         ?XD?ICM20602_INIT_SIMSPI?SEEKFREE_ICM20602
            XDATA   0B9BH     0001H     UNIT         ?XD?_ICM_SPI_W_REG_BYTE?SEEKFREE_ICM20602
            XDATA   0B9CH     0001H     UNIT         ?XD?ICM20602_SELF3_CHECK?SEEKFREE_ICM20602
            XDATA   0B9DH     0001H     UNIT         ?XD?ICM20602_INIT_SPI?SEEKFREE_ICM20602
            XDATA   0B9EH     0001H     UNIT         ?XD?CCD_COLLECT?SEEKFREE_TSL1401
            XDATA   0B9FH     0001H     UNIT         ?XD?ENCODER_SELF4_CHECK?SEEKFREE_ABSOLUTE_ENCODER
BL51 BANKED LINKER/LOCATER V6.22                                                      07/15/2020  14:47:17  PAGE 5


            XDATA   0BA0H     0001H     UNIT         ?XD?_SPI_W_REG_BYTE?SEEKFREE_ABSOLUTE_ENCODER
            XDATA   0BA1H     0001H     UNIT         ?XD?ENCODER_SELF5_CHECK?SEEKFREE_ABSOLUTE_ENCODER
            XDATA   0BA2H     0001H     UNIT         ?XD?OLED_DRAW_UI?MYDEBUG

            * * * * * * *   C O D E   M E M O R Y   * * * * * * *
            CODE    0000H     0003H     ABSOLUTE     
            CODE    0003H     0003H     ABSOLUTE     
            CODE    0006H     000DH     UNIT         ?PR?_SPI_MOSI?ZF_SPI
            CODE    0013H     0003H     ABSOLUTE     
            CODE    0016H     000DH     UNIT         ?PR?_ICM_SIMSPI_W_REG_BYTE?SEEKFREE_ICM20602
            CODE    0023H     0003H     ABSOLUTE     
            CODE    0026H     0015H     UNIT         ?PR?_ICM_SPI_W_REG_BYTE?SEEKFREE_ICM20602
            CODE    003BH     0003H     ABSOLUTE     
            CODE    003EH     0004H     UNIT         ?PR?IAP_IDLE?ZF_EEPROM
            CODE    0042H     0001H     UNIT         ?PR?SIMIIC_INIT?SEEKFREE_IIC
            CODE    0043H     0003H     ABSOLUTE     
            CODE    0046H     000CH     UNIT         ?PR?IAP_GET_CMD_STATE?ZF_EEPROM
            CODE    0052H     0001H     UNIT         ?PR?INT0_ISR?ISR
            CODE    0053H     0003H     ABSOLUTE     
            CODE    0056H     0003H     UNIT         ?PR?DISABLEGLOBALIRQ?BOARD
            CODE    0059H     0001H     UNIT         ?PR?INT1_ISR?ISR
            CODE    005AH     0001H     UNIT         ?PR?INT2_ISR?ISR
            CODE    005BH     0003H     ABSOLUTE     
            CODE    005EH     0025H     UNIT         ?PR?_IIC_CHANGE_PIN?ZF_IIC
            CODE    0083H     0003H     ABSOLUTE     
            CODE    0086H     0003H     UNIT         ?PR?ENABLEGLOBALIRQ?BOARD
            CODE    0089H     0001H     UNIT         ?PR?INT3_ISR?ISR
            CODE    008AH     0001H     UNIT         ?PR?INT4_ISR?ISR
            CODE    008BH     0003H     ABSOLUTE     
            CODE    008EH     0003H     UNIT         ?PR?TESTDATA_GENERATE?MYDEBUG
                    0091H     0002H                  *** GAP ***
            CODE    0093H     0003H     ABSOLUTE     
                    0096H     0005H                  *** GAP ***
            CODE    009BH     0003H     ABSOLUTE     
            CODE    009EH     0E08H     UNIT         ?CO?SEEKFREE_FONT
            CODE    0EA6H     0B3EH     UNIT         ?C?LIB_CODE
            CODE    19E4H     0691H     UNIT         ?PR?OLED_DRAW_UI?MYDEBUG
            CODE    2075H     0689H     UNIT         ?PR?SPEED_MEASURE?MYCONTROL
            CODE    26FEH     05A5H     UNIT         ?C_INITSEG
            CODE    2CA3H     059DH     UNIT         ?PR?AD_LVBO?MYCONTROL
            CODE    3240H     0595H     UNIT         ?PR?_ZF_SPRINTF?SEEKFREE_PRINTF
            CODE    37D5H     04B4H     UNIT         ?PR?DATA_FILTER?MPU6050
            CODE    3C89H     04A1H     UNIT         ?PR?MAIN?MAIN
            CODE    412AH     048FH     UNIT         ?PR?BALANCE_CONTROL?BALANCE
            CODE    45B9H     0441H     UNIT         ?PR?CHECK_BOTTONPRESS?MYDEBUG
            CODE    49FAH     0362H     UNIT         ?PR?_GPIO_MODE?ZF_GPIO
            CODE    4D5CH     0336H     UNIT         ?PR?SYSTEM_INIT?SYSTEM_INIT
            CODE    5092H     024CH     UNIT         ?PR?_OLED_PRINTVALUEF?OLED
            CODE    52DEH     0248H     UNIT         ?PR?MPU6050_OFFSET?MPU6050
            CODE    5526H     0246H     UNIT         ?PR?_PID_REALIZE_D?PID
            CODE    576CH     020FH     UNIT         ?PR?LCD_INIT?SEEKFREE_18TFT
            CODE    597BH     020BH     UNIT         ?PR?_PID_REALIZE?PID
            CODE    5B86H     01F1H     UNIT         ?PR?GET_CLK?BOARD
            CODE    5D77H     01B2H     UNIT         ?PR?_NUMBER_CONVERSION_ASCII?SEEKFREE_PRINTF
            CODE    5F29H     01A7H     UNIT         ?PR?_UART_INIT?ZF_UART
            CODE    60D0H     0194H     UNIT         ?PR?IAP_SET_TPS?ZF_EEPROM
            CODE    6264H     0194H     UNIT         ?PR?_IPS114_DISPLAY_CHINESE?SEEKFREE_IPS114_SPI
BL51 BANKED LINKER/LOCATER V6.22                                                      07/15/2020  14:47:17  PAGE 6


            CODE    63F8H     0194H     UNIT         ?PR?_PID_INCREASE?PID
            CODE    658CH     017CH     UNIT         ?PR?_PLACEPID_CONTROL?PID
            CODE    6708H     0171H     UNIT         ?PR?_MOTOR_CONTROL?MYCONTROL
            CODE    6879H     0166H     UNIT         ?PR?_LCD_SHOWFLOAT?SEEKFREE_18TFT
            CODE    69DFH     0166H     UNIT         ?PR?IPS114_INIT?SEEKFREE_IPS114_SPI
            CODE    6B45H     0166H     UNIT         ?PR?_IPS114_SHOWFLOAT?SEEKFREE_IPS114_SPI
            CODE    6CABH     0144H     UNIT         ?PR?_PCA_INIT_INTERRUPT_MS?ZF_PCA_PIT
            CODE    6DEFH     0141H     UNIT         ?PR?OUTPUT_DATA?OUTPUTDATA
            CODE    6F30H     0122H     UNIT         ?PR?ATAN?ATAN
            CODE    7052H     0121H     UNIT         ?PR?_MPU6050_GETDATA?MPU6050
            CODE    7173H     011BH     UNIT         ?PR?_PWM_INIT?ZF_PWM
            CODE    728EH     011BH     UNIT         ?PR?_SHOWIMAGE?SEEKFREE_18TFT
            CODE    73A9H     0118H     UNIT         ?PR?_LCD_SHOWINT16?SEEKFREE_18TFT
            CODE    74C1H     0118H     UNIT         ?PR?_IPS114_SHOWINT16?SEEKFREE_IPS114_SPI
            CODE    75D9H     0114H     UNIT         ?PR?_OLED_PRINTVALUEI?OLED
            CODE    76EDH     00F9H     UNIT         ?PR?_PRINTF_REVERSE_ORDER?SEEKFREE_PRINTF
            CODE    77E6H     00F0H     UNIT         ?PR?ANOTHER_GET_ATTITUDE?MPU6050
            CODE    78D6H     00EAH     UNIT         ?PR?_LCD_SHOWINT32?SEEKFREE_18TFT
            CODE    79C0H     00EAH     UNIT         ?PR?_IPS114_SHOWINT32?SEEKFREE_IPS114_SPI
            CODE    7AAAH     00DCH     UNIT         ?PR?_SPI_CHANGE_PIN?ZF_SPI
            CODE    7B86H     00D5H     UNIT         ?PR?_IPS114_SHOWCHAR?SEEKFREE_IPS114_SPI
            CODE    7C5BH     00D3H     UNIT         ?PR?OLED_INIT?OLED
            CODE    7D2EH     00CEH     UNIT         ?PR?_LCD_SHOWINT8?SEEKFREE_18TFT
            CODE    7DFCH     00CEH     UNIT         ?PR?_IPS114_SHOWINT8?SEEKFREE_IPS114_SPI
            CODE    7ECAH     00C0H     UNIT         ?PR?_LCD_SHOWCHAR?SEEKFREE_18TFT
            CODE    7F8AH     00B9H     UNIT         ?PR?_SPI_INIT?ZF_SPI
            CODE    8043H     00AFH     UNIT         ?PR?_LCD_SHOWUINT16?SEEKFREE_18TFT
            CODE    80F2H     00AFH     UNIT         ?PR?_IPS114_SHOWUINT16?SEEKFREE_IPS114_SPI
            CODE    81A1H     00ACH     UNIT         ?PR?_SEEKFREE_WIRELESS_SEND_BUFF?SEEKFREE_WIRELESS
            CODE    824DH     00A9H     UNIT         ?PR?_OLED_P6X8STR?OLED
            CODE    82F6H     00A3H     UNIT         ?PR?_DATA_CONVERSION?SEEKFREE_VIRSCO
            CODE    8399H     00A3H     UNIT         ?PR?_OLED_PRINTVALUEFP?OLED
            CODE    843CH     009DH     UNIT         ?PR?_ATAN2?ATAN2
            CODE    84D9H     0093H     UNIT         ?PR?_CCD_SEND_DATA?SEEKFREE_TSL1401
            CODE    856CH     0092H     UNIT         ?PR?_PCA_RELOAD_COUNTER?ZF_PCA_PIT
            CODE    85FEH     008EH     UNIT         ?PR?_OLED_PRINTVALUEC?OLED
            CODE    868CH     008CH     UNIT         ?C_C51STARTUP
            CODE    8718H     008BH     UNIT         ?PR?_IIC_READ_REG_BYTES?ZF_IIC
            CODE    87A3H     0089H     UNIT         ?PR?_CRC_CHECK?SEEKFREE_VIRSCO
            CODE    882CH     0089H     UNIT         ?PR?MY_MPU6050_INIT?MPU6050
            CODE    88B5H     0089H     UNIT         ?PR?_MY_CRC_CHECK?OUTPUTDATA
            CODE    893EH     0088H     UNIT         ?PR?_PIT_TIMER_MS?ZF_TIM
            CODE    89C6H     0084H     UNIT         ?PR?_PWM_FREQ?ZF_PWM
            CODE    8A4AH     007CH     UNIT         ?PR?TM3_ISR?ISR
            CODE    8AC6H     0078H     UNIT         ?PR?_SIMIIC_READ_REGS?SEEKFREE_IIC
            CODE    8B3EH     0076H     UNIT         ?PR?_LCD_SHOWSTR?SEEKFREE_18TFT
            CODE    8BB4H     0076H     UNIT         ?PR?_IPS114_SHOWSTR?SEEKFREE_IPS114_SPI
            CODE    8C2AH     0075H     UNIT         ?PR?ICM20602_INIT_SPI?SEEKFREE_ICM20602
            CODE    8C9FH     0071H     UNIT         ?PR?_LCD_SHOWUINT8?SEEKFREE_18TFT
            CODE    8D10H     0071H     UNIT         ?PR?_IPS114_CLEAR?SEEKFREE_IPS114_SPI
            CODE    8D81H     0071H     UNIT         ?PR?_IPS114_SHOWUINT8?SEEKFREE_IPS114_SPI
            CODE    8DF2H     006EH     UNIT         ?PR?_IIC_READ_REG?ZF_IIC
            CODE    8E60H     006EH     UNIT         ?PR?_RANGE_PROTECT?BALANCE
            CODE    8ECEH     0066H     UNIT         ?PR?ICM20602_INIT_SIMIIC?SEEKFREE_ICM20602
            CODE    8F34H     0063H     UNIT         ?PR?_RANGE_PROTECT_MAIN?BALANCE
            CODE    8F97H     0061H     UNIT         ?PR?BOARD_INIT?BOARD
            CODE    8FF8H     0061H     UNIT         ?PR?_LCD_SET_REGION?SEEKFREE_18TFT
BL51 BANKED LINKER/LOCATER V6.22                                                      07/15/2020  14:47:17  PAGE 7


            CODE    9059H     0060H     UNIT         ?PR?_PCA_INIT?ZF_PCA_PIT
            CODE    90B9H     005FH     UNIT         ?PR?PCA_ISR?ISR
            CODE    9118H     005BH     UNIT         ?PR?_UART_PUTCHAR?ZF_UART
            CODE    9173H     0059H     UNIT         ?PR?_IIC_WRITE_REG?ZF_IIC
            CODE    91CCH     0058H     UNIT         ?PR?_GPIO_PULL_SET?ZF_GPIO
            CODE    9224H     0056H     UNIT         ?PR?_PWM_DUTY?ZF_PWM
            CODE    927AH     0052H     UNIT         ?PR?ICM20602_INIT_SIMSPI?SEEKFREE_ICM20602
            CODE    92CCH     0052H     UNIT         ?PR?_ICM_SPI_R_REG_BYTES?SEEKFREE_ICM20602
            CODE    931EH     0051H     UNIT         ?PR?_IPS114_SET_REGION?SEEKFREE_IPS114_SPI
            CODE    936FH     004DH     UNIT         ?PR?GET_ICM20602_ACCDATA_SIMIIC?SEEKFREE_ICM20602
            CODE    93BCH     004DH     UNIT         ?PR?GET_ICM20602_GYRO_SIMIIC?SEEKFREE_ICM20602
            CODE    9409H     004DH     UNIT         ?PR?MPU6050_GET_ACCDATA?SEEKFREE_MPU6050
            CODE    9456H     004DH     UNIT         ?PR?MPU6050_GET_GYRO?SEEKFREE_MPU6050
            CODE    94A3H     004BH     UNIT         ?PR?_LCD_CLEAR?SEEKFREE_18TFT
            CODE    94EEH     004AH     UNIT         ?PR?_IIC_INIT?ZF_IIC
            CODE    9538H     004AH     UNIT         ?PR?UARTISR?ISR
            CODE    9582H     0049H     UNIT         ?PR?_CTIMER_COUNT_CLEAN?ZF_TIM
            CODE    95CBH     0049H     UNIT         ?PR?MPU6050_INIT?SEEKFREE_MPU6050
            CODE    9614H     0049H     UNIT         ?PR?_OLED_P6X8CHAR?OLED
            CODE    965DH     0048H     UNIT         ?PR?GET_ICM20602_ACCDATA_SIMSPI?SEEKFREE_ICM20602
            CODE    96A5H     0048H     UNIT         ?PR?GET_ICM20602_GYRO_SIMSPI?SEEKFREE_ICM20602
            CODE    96EDH     0048H     UNIT         ?PR?GET_ICM20602_ACCDATA_SPI?SEEKFREE_ICM20602
            CODE    9735H     0048H     UNIT         ?PR?GET_ICM20602_GYRO_SPI?SEEKFREE_ICM20602
            CODE    977DH     0047H     UNIT         ?PR?_ADC_INIT?ZF_ADC
            CODE    97C4H     0046H     UNIT         ?PR?_CTIMER_COUNT_READ?ZF_TIM
            CODE    980AH     0045H     UNIT         ?PR?_IAP_READ_BYTES?ZF_EEPROM
            CODE    984FH     0045H     UNIT         ?PR?_IAP_WRITE_BYTES?ZF_EEPROM
            CODE    9894H     0044H     UNIT         ?C?LDIV
            CODE    98D8H     0042H     UNIT         ?PR?_CTIMER_COUNT_INIT?ZF_TIM
            CODE    991AH     0042H     UNIT         ?PR?_LCD_DRAWPOINT?SEEKFREE_18TFT
            CODE    995CH     0042H     UNIT         ?PR?_IPS114_DRAWPOINT?SEEKFREE_IPS114_SPI
            CODE    999EH     0041H     UNIT         ?PR?ENCODER_ANGLE_SPI?SEEKFREE_ABSOLUTE_ENCODER
            CODE    99DFH     0040H     UNIT         ?PR?_ICM_SIMSPI_R_REG_BYTES?SEEKFREE_ICM20602
            CODE    9A1FH     0040H     UNIT         ?PR?_ENCODER_SIMSPI_R_REG_BYTE?SEEKFREE_ABSOLUTE_ENCODER
            CODE    9A5FH     003FH     UNIT         ?PR?_GETDATA?MPU6050
            CODE    9A9EH     003EH     UNIT         ?PR?CCD_COLLECT?SEEKFREE_TSL1401
            CODE    9ADCH     003DH     UNIT         ?PR?_ENCODER_SPI_W_REG_BYTE?SEEKFREE_ABSOLUTE_ENCODER
            CODE    9B19H     003BH     UNIT         ?PR?WAIT?ZF_IIC
            CODE    9B54H     003AH     UNIT         ?PR?_SIMIIC_READ_REG?SEEKFREE_IIC
            CODE    9B8EH     0038H     UNIT         ?PR?_SET_ZERO_POSITION_SPI?SEEKFREE_ABSOLUTE_ENCODER
            CODE    9BC6H     0038H     UNIT         ?PR?_OLED_WRCMD?OLED
            CODE    9BFEH     0035H     UNIT         ?PR?_PWM_SET_GPIO?ZF_PWM
            CODE    9C33H     0033H     UNIT         ?PR?_OLED_WRDAT?OLED
            CODE    9C66H     002DH     UNIT         ?PR?_READ_CH?SEEKFREE_IIC
            CODE    9C93H     002BH     UNIT         ?PR?_ADC_ONCE?ZF_ADC
            CODE    9CBEH     002BH     UNIT         ?PR?_EXIT_INIT?ZF_EXTI
            CODE    9CE9H     002BH     UNIT         ?PR?_ENCODER_SPI_R_REG_BYTE?SEEKFREE_ABSOLUTE_ENCODER
            CODE    9D14H     002AH     UNIT         ?PR?_IPS114_WRITEDATA_16BIT?SEEKFREE_IPS114_SPI
            CODE    9D3EH     002AH     UNIT         ?CO?MYDEBUG
            CODE    9D68H     0029H     UNIT         ?PR?PCA_DEALY_INIT?ZF_PCA_DELAY
            CODE    9D91H     0029H     UNIT         ?PR?BALANCE_INIT?BALANCE
            CODE    9DBAH     0028H     UNIT         ?PR?_UART_PUTBUFF?ZF_UART
            CODE    9DE2H     0028H     UNIT         ?PR?_UART_PUTSTR?ZF_UART
            CODE    9E0AH     0028H     UNIT         ?PR?_SET_ZERO_POSITION_SIMSPI?SEEKFREE_ABSOLUTE_ENCODER
            CODE    9E32H     0026H     UNIT         ?PR?_SEND_CH?SEEKFREE_IIC
            CODE    9E58H     0026H     UNIT         ?PR?ENCODER_INIT_SPI?SEEKFREE_ABSOLUTE_ENCODER
            CODE    9E7EH     0026H     UNIT         ?PR?_PID_PARAMETER_INIT?PID
BL51 BANKED LINKER/LOCATER V6.22                                                      07/15/2020  14:47:17  PAGE 8


            CODE    9EA4H     0025H     UNIT         ?PR?ICM20602_SELF1_CHECK?SEEKFREE_ICM20602
            CODE    9EC9H     0025H     UNIT         ?PR?_SIMSPI_WR_BYTE?SEEKFREE_ABSOLUTE_ENCODER
            CODE    9EEEH     0025H     UNIT         ?PR?ENCODER_ANGLE_SIMSPI?SEEKFREE_ABSOLUTE_ENCODER
            CODE    9F13H     0023H     UNIT         ?PR?_LCD_WRITEDATA_16BIT?SEEKFREE_18TFT
            CODE    9F36H     0022H     UNIT         ?PR?ICM20602_SELF3_CHECK?SEEKFREE_ICM20602
            CODE    9F58H     0022H     UNIT         ?PR?UART2ISR?ISR
            CODE    9F7AH     0022H     UNIT         ?PR?UART3ISR?ISR
            CODE    9F9CH     0022H     UNIT         ?PR?UART4ISR?ISR
            CODE    9FBEH     0021H     UNIT         ?PR?_ENCODER_SIMSPI_W_REG_BYTE?SEEKFREE_ABSOLUTE_ENCODER
            CODE    9FDFH     0020H     UNIT         ?PR?_ICM_SIMSPI_WR_BYTE?SEEKFREE_ICM20602
            CODE    9FFFH     001FH     UNIT         ?PR?MPU6050_SELF1_CHECK?SEEKFREE_MPU6050
            CODE    A01EH     001EH     UNIT         ?PR?SEND_ACK?ZF_IIC
            CODE    A03CH     001DH     UNIT         ?PR?PCA_DELAY?ZF_PCA_DELAY
            CODE    A059H     001DH     UNIT         ?PR?_ICM_SPI_R_REG_BYTE?SEEKFREE_ICM20602
            CODE    A076H     001DH     UNIT         ?PR?_SPI_R_REG_BYTE?SEEKFREE_ABSOLUTE_ENCODER
            CODE    A093H     001CH     UNIT         ?PR?_SIMIIC_WRITE_REG?SEEKFREE_IIC
            CODE    A0AFH     001CH     UNIT         ?PR?_OLED_SET_POS?OLED
            CODE    A0CBH     001CH     UNIT         ?PR?_OLED_FILL?OLED
            CODE    A0E7H     001BH     UNIT         ?PR?_SPI_CHANGE_MODE?ZF_SPI
            CODE    A102H     001AH     UNIT         ?PR?_SIMIIC_SENDACK?SEEKFREE_IIC
            CODE    A11CH     001AH     UNIT         ?PR?_OLED_DLY_MS?OLED
            CODE    A136H     001AH     UNIT         ?CO?OUTPUTDATA
            CODE    A150H     0019H     UNIT         ?PR?_SPI_W_REG_BYTE?SEEKFREE_ABSOLUTE_ENCODER
            CODE    A169H     0019H     UNIT         ?PR?SEEKFREE_WIRELESS_INIT?SEEKFREE_WIRELESS
            CODE    A182H     0019H     UNIT         ?PR?OLED_CLS?OLED
            CODE    A19BH     0018H     UNIT         ?CO?MPU6050
            CODE    A1B3H     0017H     UNIT         ?PR?_DELAY_MS?ZF_DELAY
            CODE    A1CAH     0016H     UNIT         ?PR?SIMIIC_DELAY?SEEKFREE_IIC
            CODE    A1E0H     0016H     UNIT         ?PR?SCCB_WAITACK?SEEKFREE_IIC
            CODE    A1F6H     0015H     UNIT         ?PR?_SIMSPI_R_REG_BYTE?SEEKFREE_ABSOLUTE_ENCODER
            CODE    A20BH     0014H     UNIT         ?PR?START?ZF_IIC
            CODE    A21FH     0014H     UNIT         ?PR?_PCA_DELAY_MS?ZF_PCA_DELAY
            CODE    A233H     0013H     UNIT         ?PR?_IIC_DELAY_US?ZF_IIC
            CODE    A246H     0013H     UNIT         ?PR?_DELAY_US2?ZF_DELAY
            CODE    A259H     0013H     UNIT         ?PR?ICM20602_SELF4_CHECK?SEEKFREE_ICM20602
            CODE    A26CH     0013H     UNIT         ?PR?_ENCODER_DELAY_US?SEEKFREE_ABSOLUTE_ENCODER
            CODE    A27FH     0013H     UNIT         ?PR?ENCODER_SELF4_CHECK?SEEKFREE_ABSOLUTE_ENCODER
            CODE    A292H     0013H     UNIT         ?PR?ENCODER_SELF5_CHECK?SEEKFREE_ABSOLUTE_ENCODER
            CODE    A2A5H     0012H     UNIT         ?PR?_ICM_SPI_WR_BYTE?SEEKFREE_ICM20602
            CODE    A2B7H     0012H     UNIT         ?PR?_SPI_WR_BYTE?SEEKFREE_ABSOLUTE_ENCODER
            CODE    A2C9H     0011H     UNIT         ?PR?_PUTCHAR?BOARD
            CODE    A2DAH     0011H     UNIT         ?PR?_PCA_GET?ZF_PCA_PIT
            CODE    A2EBH     0010H     UNIT         ?PR?_IAP_ERASE_PAGE?ZF_EEPROM
            CODE    A2FBH     0010H     UNIT         ?PR?CCD_INIT?SEEKFREE_TSL1401
            CODE    A30BH     0010H     UNIT         ?PR?ENCODER_INIT_SIMSPI?SEEKFREE_ABSOLUTE_ENCODER
            CODE    A31BH     000FH     UNIT         ?PR?_SEND_DATA?ZF_IIC
            CODE    A32AH     000FH     UNIT         ?PR?RECV_DATA?ZF_IIC
            CODE    A339H     000FH     UNIT         ?PR?SEND_NAK?ZF_IIC
            CODE    A348H     000FH     UNIT         ?PR?_ICM_SIMSPI_R_REG_BYTE?SEEKFREE_ICM20602
            CODE    A357H     000FH     UNIT         ?PR?SIMIIC_START?SEEKFREE_IIC
            CODE    A366H     000AH     UNIT         ?PR?RECV_ACK?ZF_IIC
            CODE    A370H     000AH     UNIT         ?PR?STOP?ZF_IIC
            CODE    A37AH     000AH     UNIT         ?PR?_PCA_CLEAN?ZF_PCA_PIT
            CODE    A384H     000AH     UNIT         ?PR?_LCD_WRITEINDEX?SEEKFREE_18TFT
            CODE    A38EH     000AH     UNIT         ?PR?_LCD_WRITEDATA?SEEKFREE_18TFT
            CODE    A398H     000AH     UNIT         ?PR?SIMIIC_STOP?SEEKFREE_IIC
            CODE    A3A2H     000AH     UNIT         ?PR?_IPS114_WRITEINDEX?SEEKFREE_IPS114_SPI
BL51 BANKED LINKER/LOCATER V6.22                                                      07/15/2020  14:47:17  PAGE 9


            CODE    A3ACH     000AH     UNIT         ?PR?_IPS114_WRITEDATA?SEEKFREE_IPS114_SPI
            CODE    A3B6H     000AH     UNIT         ?PR?READ_SWITCH?SYSTEM_INIT
            CODE    A3C0H     0006H     UNIT         ?PR?IAP_INIT?ZF_EEPROM
            CODE    A3C6H     0006H     UNIT         ?CO?SEEKFREE_18TFT
            CODE    A3CCH     0006H     UNIT         ?CO?SEEKFREE_IPS114_SPI
            CODE    A3D2H     0006H     UNIT         ?PR?_SIMSPI_W_REG_BYTE?SEEKFREE_ABSOLUTE_ENCODER



OVERLAY MAP OF MODULE:   .\Out_File\SEEKFREE (COMMON)


SEGMENT                                             BIT_GROUP          XDATA_GROUP
  +--> CALLED SEGMENT                            START    LENGTH     START    LENGTH
------------------------------------------------------------------------------------
?PR?PCA_ISR?ISR                                  -----    -----      -----    -----
  +--> ?PR?_PCA_RELOAD_COUNTER?ZF_PCA_PIT

*** NEW ROOT ***************************************************

?PR?TM3_ISR?ISR                                  -----    -----      -----    -----
  +--> ?PR?READ_SWITCH?SYSTEM_INIT
  +--> ?PR?BALANCE_CONTROL?BALANCE

?PR?BALANCE_CONTROL?BALANCE                      -----    -----      -----    -----
  +--> ?PR?_MPU6050_GETDATA?MPU6050
  +--> ?PR?DATA_FILTER?MPU6050
  +--> ?PR?_PID_INCREASE?PID
  +--> ?PR?_RANGE_PROTECT?BALANCE
  +--> ?PR?_PID_REALIZE_D?PID
  +--> ?PR?_MOTOR_CONTROL?MYCONTROL
  +--> ?PR?_DELAY_MS?ZF_DELAY
  +--> ?PR?ANOTHER_GET_ATTITUDE?MPU6050
  +--> ?PR?SPEED_MEASURE?MYCONTROL
  +--> ?PR?_PID_REALIZE?PID

?PR?_MPU6050_GETDATA?MPU6050                     -----    -----      076AH    0006H
  +--> ?PR?_GETDATA?MPU6050

?PR?_GETDATA?MPU6050                             -----    -----      0770H    0002H
  +--> ?PR?_SIMIIC_READ_REG?SEEKFREE_IIC

?PR?_SIMIIC_READ_REG?SEEKFREE_IIC                -----    -----      0772H    0001H
  +--> ?PR?SIMIIC_START?SEEKFREE_IIC
  +--> ?PR?_SEND_CH?SEEKFREE_IIC
  +--> ?PR?SIMIIC_STOP?SEEKFREE_IIC
  +--> ?PR?_READ_CH?SEEKFREE_IIC

?PR?SIMIIC_START?SEEKFREE_IIC                    -----    -----      -----    -----
  +--> ?PR?SIMIIC_DELAY?SEEKFREE_IIC

?PR?_SEND_CH?SEEKFREE_IIC                        -----    -----      -----    -----
  +--> ?PR?SIMIIC_DELAY?SEEKFREE_IIC
  +--> ?PR?SCCB_WAITACK?SEEKFREE_IIC

?PR?SCCB_WAITACK?SEEKFREE_IIC                    -----    -----      -----    -----
  +--> ?PR?SIMIIC_DELAY?SEEKFREE_IIC
BL51 BANKED LINKER/LOCATER V6.22                                                      07/15/2020  14:47:17  PAGE 10



?PR?SIMIIC_STOP?SEEKFREE_IIC                     -----    -----      -----    -----
  +--> ?PR?SIMIIC_DELAY?SEEKFREE_IIC

?PR?_READ_CH?SEEKFREE_IIC                        -----    -----      -----    -----
  +--> ?PR?SIMIIC_DELAY?SEEKFREE_IIC
  +--> ?PR?_SIMIIC_SENDACK?SEEKFREE_IIC

?PR?_SIMIIC_SENDACK?SEEKFREE_IIC                 -----    -----      -----    -----
  +--> ?PR?SIMIIC_DELAY?SEEKFREE_IIC

?PR?DATA_FILTER?MPU6050                          -----    -----      0732H    0019H

?PR?_PID_INCREASE?PID                            -----    -----      0732H    0016H

?PR?_RANGE_PROTECT?BALANCE                       -----    -----      073AH    000CH

?PR?_PID_REALIZE_D?PID                           -----    -----      0732H    001AH

?PR?_MOTOR_CONTROL?MYCONTROL                     -----    -----      0732H    0008H
  +--> ?PR?_RANGE_PROTECT?BALANCE
  +--> ?PR?_PWM_DUTY?ZF_PWM

?PR?_PWM_DUTY?ZF_PWM                             -----    -----      073AH    0001H

?PR?ANOTHER_GET_ATTITUDE?MPU6050                 -----    -----      -----    -----
  +--> ?PR?_ATAN2?ATAN2

?PR?_ATAN2?ATAN2                                 -----    -----      0750H    0008H
  +--> ?PR?ATAN?ATAN

?PR?ATAN?ATAN                                    0020H.2  0000H.2    0758H    0004H

?PR?SPEED_MEASURE?MYCONTROL                      -----    -----      -----    -----
  +--> ?PR?_CTIMER_COUNT_READ?ZF_TIM
  +--> ?PR?_CTIMER_COUNT_CLEAN?ZF_TIM
  +--> ?PR?_RANGE_PROTECT?BALANCE

?PR?_PID_REALIZE?PID                             -----    -----      0750H    0016H

*** NEW ROOT ***************************************************

?C_C51STARTUP                                    -----    -----      -----    -----
  +--> ?PR?MAIN?MAIN
  +--> ?C_INITSEG

?PR?MAIN?MAIN                                    -----    -----      -----    -----
  +--> ?PR?DISABLEGLOBALIRQ?BOARD
  +--> ?PR?BOARD_INIT?BOARD
  +--> ?PR?SYSTEM_INIT?SYSTEM_INIT
  +--> ?PR?ENABLEGLOBALIRQ?BOARD
  +--> ?PR?AD_LVBO?MYCONTROL
  +--> ?PR?_RANGE_PROTECT_MAIN?BALANCE
  +--> ?PR?_PLACEPID_CONTROL?PID
  +--> ?PR?TESTDATA_GENERATE?MYDEBUG

?PR?BOARD_INIT?BOARD                             -----    -----      -----    -----
BL51 BANKED LINKER/LOCATER V6.22                                                      07/15/2020  14:47:17  PAGE 11


  +--> ?PR?GET_CLK?BOARD
  +--> ?PR?PCA_DEALY_INIT?ZF_PCA_DELAY
  +--> ?PR?_UART_INIT?ZF_UART

?PR?GET_CLK?BOARD                                -----    -----      074CH    0004H

?PR?_UART_INIT?ZF_UART                           -----    -----      0750H    0008H

?PR?SYSTEM_INIT?SYSTEM_INIT                      -----    -----      074CH    0004H
  +--> ?PR?_GPIO_MODE?ZF_GPIO
  +--> ?PR?_PID_PARAMETER_INIT?PID
  +--> ?PR?_ADC_INIT?ZF_ADC
  +--> ?PR?_ADC_ONCE?ZF_ADC
  +--> ?PR?_PWM_INIT?ZF_PWM
  +--> ?PR?_UART_INIT?ZF_UART
  +--> ?PR?_PIT_TIMER_MS?ZF_TIM
  +--> ?PR?_GPIO_PULL_SET?ZF_GPIO
  +--> ?PR?OLED_INIT?OLED
  +--> ?PR?_CTIMER_COUNT_INIT?ZF_TIM
  +--> ?PR?MY_MPU6050_INIT?MPU6050
  +--> ?PR?_MPU6050_GETDATA?MPU6050
  +--> ?PR?ANOTHER_GET_ATTITUDE?MPU6050
  +--> ?PR?_PID_REALIZE?PID

?PR?_PWM_INIT?ZF_PWM                             -----    -----      0750H    000AH
  +--> ?PR?_PWM_SET_GPIO?ZF_PWM

?PR?_PWM_SET_GPIO?ZF_PWM                         -----    -----      075AH    0001H
  +--> ?PR?_GPIO_MODE?ZF_GPIO

?PR?_PIT_TIMER_MS?ZF_TIM                         -----    -----      0750H    0001H

?PR?OLED_INIT?OLED                               -----    -----      -----    -----
  +--> ?PR?_GPIO_MODE?ZF_GPIO
  +--> ?PR?_OLED_DLY_MS?OLED
  +--> ?PR?_OLED_WRCMD?OLED
  +--> ?PR?_OLED_FILL?OLED
  +--> ?PR?_OLED_SET_POS?OLED

?PR?_OLED_FILL?OLED                              -----    -----      -----    -----
  +--> ?PR?_OLED_WRCMD?OLED
  +--> ?PR?_OLED_WRDAT?OLED

?PR?_OLED_SET_POS?OLED                           -----    -----      -----    -----
  +--> ?PR?_OLED_WRCMD?OLED

?PR?MY_MPU6050_INIT?MPU6050                      -----    -----      -----    -----
  +--> ?PR?_SIMIIC_WRITE_REG?SEEKFREE_IIC
  +--> ?PR?_DELAY_MS?ZF_DELAY
  +--> ?PR?_SIMIIC_READ_REG?SEEKFREE_IIC
  +--> ?PR?MPU6050_OFFSET?MPU6050
  +--> ?PR?BALANCE_INIT?BALANCE

?PR?_SIMIIC_WRITE_REG?SEEKFREE_IIC               -----    -----      0750H    0001H
  +--> ?PR?SIMIIC_START?SEEKFREE_IIC
  +--> ?PR?_SEND_CH?SEEKFREE_IIC
  +--> ?PR?SIMIIC_STOP?SEEKFREE_IIC
BL51 BANKED LINKER/LOCATER V6.22                                                      07/15/2020  14:47:17  PAGE 12



?PR?MPU6050_OFFSET?MPU6050                       -----    -----      0750H    001AH
  +--> ?CO?MPU6050
  +--> ?PR?_MPU6050_GETDATA?MPU6050
  +--> ?PR?_DELAY_MS?ZF_DELAY

?PR?AD_LVBO?MYCONTROL                            -----    -----      074CH    0066H
  +--> ?PR?_ADC_ONCE?ZF_ADC

?PR?_RANGE_PROTECT_MAIN?BALANCE                  -----    -----      0766H    000CH

?PR?_PLACEPID_CONTROL?PID                        -----    -----      074CH    001AH
  +--> ?PR?_RANGE_PROTECT_MAIN?BALANCE

?PR?TESTDATA_GENERATE?MYDEBUG                    -----    -----      -----    -----
  +--> ?PR?OUTPUT_DATA?OUTPUTDATA

?PR?OUTPUT_DATA?OUTPUTDATA                       -----    -----      074CH    001DH
  +--> ?CO?OUTPUTDATA
  +--> ?PR?_MY_CRC_CHECK?OUTPUTDATA
  +--> ?PR?_UART_PUTCHAR?ZF_UART

?PR?_MY_CRC_CHECK?OUTPUTDATA                     -----    -----      0769H    0007H



SYMBOL TABLE OF MODULE:  .\Out_File\SEEKFREE (COMMON)

  VALUE           TYPE          NAME
  ----------------------------------

  -------         MODULE        COMMON
  C:0000H         SYMBOL        _ICE_DUMMY_
  D:0080H         PUBLIC        P0
  D:0090H         PUBLIC        P1
  D:00A0H         PUBLIC        P2
  D:00B0H         PUBLIC        P3
  D:00C0H         PUBLIC        P4
  D:00C8H         PUBLIC        P5
  D:00E8H         PUBLIC        P6
  D:00F8H         PUBLIC        P7
  D:00A8H         PUBLIC        IE
  D:00B8H         PUBLIC        IP
  D:00D8H         PUBLIC        CCON
  D:0098H         PUBLIC        SCON
  D:0088H         PUBLIC        TCON
  D:00D0H         PUBLIC        PSW
  -------         ENDMOD        COMMON

  -------         MODULE        BOARD
  C:0000H         SYMBOL        _ICE_DUMMY_
  D:0092H         PUBLIC        P1M0
  D:0093H         PUBLIC        P0M1
  D:0096H         PUBLIC        P2M0
  D:0091H         PUBLIC        P1M1
  D:0080H         PUBLIC        P0
  D:00B2H         PUBLIC        P3M0
BL51 BANKED LINKER/LOCATER V6.22                                                      07/15/2020  14:47:17  PAGE 13


  D:0095H         PUBLIC        P2M1
  D:0090H         PUBLIC        P1
  D:00B4H         PUBLIC        P4M0
  D:00B1H         PUBLIC        P3M1
  D:00A0H         PUBLIC        P2
  D:00CAH         PUBLIC        P5M0
  D:00B3H         PUBLIC        P4M1
  D:00B0H         PUBLIC        P3
  D:00CCH         PUBLIC        P6M0
  D:00C9H         PUBLIC        P5M1
  D:00C0H         PUBLIC        P4
  D:00E2H         PUBLIC        P7M0
  D:00CBH         PUBLIC        P6M1
  D:00C8H         PUBLIC        P5
  B:00A8H.7       PUBLIC        EA
  D:00E1H         PUBLIC        P7M1
  D:00E8H         PUBLIC        P6
  D:00F8H         PUBLIC        P7
  D:00F9H         PUBLIC        CH
  D:00A2H         PUBLIC        P_SW1
  D:00BAH         PUBLIC        P_SW2
  C:0086H         PUBLIC        EnableGlobalIRQ
  D:00A8H         PUBLIC        IE
  D:00E9H         PUBLIC        CL
  D:00B8H         PUBLIC        IP
  D:00DEH         PUBLIC        ADCCFG
  C:8F97H         PUBLIC        board_init
  D:00D9H         PUBLIC        CMOD
  D:00D8H         PUBLIC        CCON
  D:0098H         PUBLIC        SCON
  D:0089H         PUBLIC        TMOD
  D:0088H         PUBLIC        TCON
  D:00AFH         PUBLIC        IE2
  D:008EH         PUBLIC        AUXR
  D:009FH         PUBLIC        IRTRIM
  C:5B86H         PUBLIC        get_clk
  D:009AH         PUBLIC        S2CON
  D:00ACH         PUBLIC        S3CON
  D:0084H         PUBLIC        S4CON
  D:00D0H         PUBLIC        PSW
  C:0056H         PUBLIC        DisableGlobalIRQ
  C:A2C9H         PUBLIC        _putchar
  X:0B63H         PUBLIC        sys_clk
  D:0094H         PUBLIC        P0M0
  -------         PROC          GET_CLK
  -------         DO            
  X:074CH         SYMBOL        temp_count
  -------         ENDDO         
  C:5B86H         LINE#         42
  C:5B86H         LINE#         43
  C:5B86H         LINE#         46
  C:5B89H         LINE#         48
  C:5BB3H         LINE#         49
  C:5BD7H         LINE#         51
  C:5BF3H         LINE#         52
  C:5BFCH         LINE#         53
  C:5C18H         LINE#         54
BL51 BANKED LINKER/LOCATER V6.22                                                      07/15/2020  14:47:17  PAGE 14


  C:5C21H         LINE#         55
  C:5C3DH         LINE#         56
  C:5C46H         LINE#         57
  C:5C62H         LINE#         58
  C:5C6BH         LINE#         59
  C:5C87H         LINE#         60
  C:5C90H         LINE#         61
  C:5CACH         LINE#         62
  C:5CB5H         LINE#         63
  C:5CD1H         LINE#         64
  C:5CDAH         LINE#         65
  C:5CF6H         LINE#         66
  C:5CFFH         LINE#         67
  C:5D1BH         LINE#         68
  C:5D24H         LINE#         69
  C:5D40H         LINE#         70
  C:5D49H         LINE#         71
  C:5D65H         LINE#         72
  C:5D6EH         LINE#         74
  C:5D76H         LINE#         76
  -------         ENDPROC       GET_CLK
  -------         PROC          BOARD_INIT
  C:8F97H         LINE#         84
  C:8F97H         LINE#         85
  C:8F97H         LINE#         88
  C:8FA0H         LINE#         102
  C:8FA3H         LINE#         103
  C:8FA5H         LINE#         104
  C:8FA7H         LINE#         105
  C:8FA9H         LINE#         106
  C:8FABH         LINE#         107
  C:8FADH         LINE#         108
  C:8FAFH         LINE#         109
  C:8FB1H         LINE#         110
  C:8FB3H         LINE#         111
  C:8FB5H         LINE#         112
  C:8FB7H         LINE#         113
  C:8FB9H         LINE#         114
  C:8FBBH         LINE#         115
  C:8FBDH         LINE#         116
  C:8FBFH         LINE#         117
  C:8FC1H         LINE#         119
  C:8FC3H         LINE#         120
  C:8FC5H         LINE#         121
  C:8FC7H         LINE#         122
  C:8FC9H         LINE#         123
  C:8FCBH         LINE#         124
  C:8FCDH         LINE#         125
  C:8FCFH         LINE#         126
  C:8FD1H         LINE#         127
  C:8FD3H         LINE#         128
  C:8FD5H         LINE#         129
  C:8FD7H         LINE#         130
  C:8FD9H         LINE#         131
  C:8FDBH         LINE#         132
  C:8FDDH         LINE#         133
  C:8FE0H         LINE#         135
BL51 BANKED LINKER/LOCATER V6.22                                                      07/15/2020  14:47:17  PAGE 15


  -------         ENDPROC       BOARD_INIT
  -------         PROC          _PUTCHAR
  X:0B96H         SYMBOL        c
  C:A2C9H         LINE#         141
  C:A2CEH         LINE#         142
  C:A2CEH         LINE#         143
  C:A2D4H         LINE#         144
  C:A2D9H         LINE#         145
  -------         ENDPROC       _PUTCHAR
  -------         PROC          DISABLEGLOBALIRQ
  C:0056H         LINE#         155
  C:0056H         LINE#         156
  C:0056H         LINE#         157
  C:0058H         LINE#         158
  -------         ENDPROC       DISABLEGLOBALIRQ
  -------         PROC          ENABLEGLOBALIRQ
  C:0086H         LINE#         166
  C:0086H         LINE#         167
  C:0086H         LINE#         168
  C:0088H         LINE#         169
  -------         ENDPROC       ENABLEGLOBALIRQ
  -------         ENDMOD        BOARD

  -------         MODULE        ZF_SPI
  C:0000H         SYMBOL        _ICE_DUMMY_
  D:0080H         PUBLIC        P0
  D:0090H         PUBLIC        P1
  D:00A0H         PUBLIC        P2
  D:00B0H         PUBLIC        P3
  D:00C0H         PUBLIC        P4
  D:00C8H         PUBLIC        P5
  D:00E8H         PUBLIC        P6
  D:00F8H         PUBLIC        P7
  D:00CEH         PUBLIC        SPCTL
  D:00A2H         PUBLIC        P_SW1
  D:00A8H         PUBLIC        IE
  D:00B8H         PUBLIC        IP
  C:A0E7H         PUBLIC        _spi_change_mode
  D:00D8H         PUBLIC        CCON
  D:0098H         PUBLIC        SCON
  D:0088H         PUBLIC        TCON
  C:7AAAH         PUBLIC        _spi_change_pin
  D:00CDH         PUBLIC        SPSTAT
  C:7F8AH         PUBLIC        _spi_init
  C:0006H         PUBLIC        _spi_mosi
  D:00D0H         PUBLIC        PSW
  D:00CFH         PUBLIC        SPDAT
  -------         PROC          _SPI_INIT
  X:0AB9H         SYMBOL        spi_n
  X:0ABAH         SYMBOL        sck_pin
  X:0ABBH         SYMBOL        mosi_pin
  X:0ABCH         SYMBOL        miso_pin
  X:0ABDH         SYMBOL        mode
  X:0ABEH         SYMBOL        mstr
  X:0ABFH         SYMBOL        baud
  C:7F8AH         LINE#         37
  C:7F8FH         LINE#         44
BL51 BANKED LINKER/LOCATER V6.22                                                      07/15/2020  14:47:17  PAGE 16


  C:7F8FH         LINE#         46
  C:7F8FH         LINE#         47
  C:7F8FH         LINE#         48
  C:7F8FH         LINE#         51
  C:7F9CH         LINE#         52
  C:7F9CH         LINE#         54
  C:7F9CH         LINE#         55
  C:7FA3H         LINE#         56
  C:7FAAH         LINE#         57
  C:7FAEH         LINE#         58
  C:7FB0H         LINE#         59
  C:7FB0H         LINE#         60
  C:7FB7H         LINE#         61
  C:7FBEH         LINE#         62
  C:7FC2H         LINE#         63
  C:7FC4H         LINE#         64
  C:7FC4H         LINE#         65
  C:7FCBH         LINE#         66
  C:7FD2H         LINE#         67
  C:7FD6H         LINE#         68
  C:7FD8H         LINE#         69
  C:7FD8H         LINE#         70
  C:7FDFH         LINE#         71
  C:7FE6H         LINE#         72
  C:7FEDH         LINE#         73
  C:7FEDH         LINE#         74
  C:7FEDH         LINE#         76
  C:7FF0H         LINE#         77
  C:7FFFH         LINE#         78
  C:7FFFH         LINE#         79
  C:7FFFH         LINE#         80
  C:7FFFH         LINE#         81
  C:8001H         LINE#         82
  C:8001H         LINE#         83
  C:8004H         LINE#         84
  C:8006H         LINE#         85
  C:8006H         LINE#         86
  C:8009H         LINE#         87
  C:800BH         LINE#         88
  C:800BH         LINE#         89
  C:800EH         LINE#         90
  C:800EH         LINE#         91
  C:800EH         LINE#         93
  C:8011H         LINE#         94
  C:8020H         LINE#         95
  C:8020H         LINE#         96
  C:8020H         LINE#         98
  C:8020H         LINE#         99
  C:8020H         LINE#         100
  C:8023H         LINE#         101
  C:8025H         LINE#         102
  C:8025H         LINE#         103
  C:8028H         LINE#         104
  C:802AH         LINE#         105
  C:802AH         LINE#         106
  C:802DH         LINE#         107
  C:802DH         LINE#         108
BL51 BANKED LINKER/LOCATER V6.22                                                      07/15/2020  14:47:17  PAGE 17


  C:802DH         LINE#         111
  C:8033H         LINE#         113
  C:8039H         LINE#         114
  C:8039H         LINE#         115
  C:803CH         LINE#         116
  C:803FH         LINE#         117
  C:803FH         LINE#         119
  C:803FH         LINE#         121
  C:803FH         LINE#         122
  C:8042H         LINE#         123
  -------         ENDPROC       _SPI_INIT
  -------         PROC          _SPI_MOSI
  D:0007H         SYMBOL        dat
  C:0006H         LINE#         134
  C:0006H         LINE#         135
  C:0006H         LINE#         136
  C:0008H         LINE#         137
  C:000DH         LINE#         138
  C:0010H         LINE#         139
  C:0012H         LINE#         140
  -------         ENDPROC       _SPI_MOSI
  -------         PROC          _SPI_CHANGE_PIN
  X:0B67H         SYMBOL        spi_n
  X:0B68H         SYMBOL        sck_pin
  X:0B69H         SYMBOL        mosi_pin
  X:0B6AH         SYMBOL        miso_pin
  C:7AAAH         LINE#         151
  C:7AAFH         LINE#         152
  C:7AAFH         LINE#         153
  C:7AAFH         LINE#         154
  C:7AAFH         LINE#         155
  C:7AAFH         LINE#         157
  C:7AC2H         LINE#         158
  C:7AC2H         LINE#         160
  C:7AC2H         LINE#         161
  C:7AC9H         LINE#         162
  C:7AD0H         LINE#         163
  C:7AD7H         LINE#         164
  C:7ADEH         LINE#         165
  C:7AE5H         LINE#         166
  C:7AE9H         LINE#         167
  C:7AEBH         LINE#         168
  C:7AEBH         LINE#         169
  C:7AF2H         LINE#         170
  C:7AF9H         LINE#         171
  C:7B00H         LINE#         172
  C:7B07H         LINE#         173
  C:7B0EH         LINE#         174
  C:7B12H         LINE#         175
  C:7B14H         LINE#         176
  C:7B14H         LINE#         177
  C:7B1BH         LINE#         178
  C:7B22H         LINE#         179
  C:7B29H         LINE#         180
  C:7B30H         LINE#         181
  C:7B37H         LINE#         182
  C:7B3BH         LINE#         183
BL51 BANKED LINKER/LOCATER V6.22                                                      07/15/2020  14:47:17  PAGE 18


  C:7B3DH         LINE#         184
  C:7B3DH         LINE#         185
  C:7B44H         LINE#         186
  C:7B4BH         LINE#         187
  C:7B52H         LINE#         188
  C:7B59H         LINE#         189
  C:7B60H         LINE#         190
  C:7B67H         LINE#         191
  C:7B67H         LINE#         192
  C:7B67H         LINE#         194
  C:7B6AH         LINE#         195
  C:7B79H         LINE#         196
  C:7B79H         LINE#         197
  C:7B79H         LINE#         198
  C:7B79H         LINE#         199
  C:7B7AH         LINE#         200
  C:7B7AH         LINE#         201
  C:7B7DH         LINE#         202
  C:7B7EH         LINE#         203
  C:7B7EH         LINE#         204
  C:7B81H         LINE#         205
  C:7B82H         LINE#         206
  C:7B82H         LINE#         207
  C:7B85H         LINE#         208
  C:7B85H         LINE#         209
  C:7B85H         LINE#         210
  -------         ENDPROC       _SPI_CHANGE_PIN
  -------         PROC          _SPI_CHANGE_MODE
  D:0007H         SYMBOL        mode
  C:A0E7H         LINE#         218
  C:A0E7H         LINE#         219
  C:A0E7H         LINE#         220
  C:A0EAH         LINE#         221
  C:A0F6H         LINE#         222
  C:A0F6H         LINE#         223
  C:A0F6H         LINE#         225
  C:A0F6H         LINE#         226
  C:A0F6H         LINE#         227
  C:A0F9H         LINE#         228
  C:A0FAH         LINE#         229
  C:A0FAH         LINE#         230
  C:A0FDH         LINE#         231
  C:A0FEH         LINE#         232
  C:A0FEH         LINE#         233
  C:A101H         LINE#         234
  C:A101H         LINE#         235
  C:A101H         LINE#         236
  -------         ENDPROC       _SPI_CHANGE_MODE
  -------         ENDMOD        ZF_SPI

  -------         MODULE        ZF_IIC
  C:0000H         SYMBOL        _ICE_DUMMY_
  D:0080H         PUBLIC        P0
  D:0090H         PUBLIC        P1
  D:00A0H         PUBLIC        P2
  D:00B0H         PUBLIC        P3
  D:00C0H         PUBLIC        P4
BL51 BANKED LINKER/LOCATER V6.22                                                      07/15/2020  14:47:17  PAGE 19


  D:00C8H         PUBLIC        P5
  D:00E8H         PUBLIC        P6
  D:00F8H         PUBLIC        P7
  D:00BAH         PUBLIC        P_SW2
  D:00A8H         PUBLIC        IE
  D:00B8H         PUBLIC        IP
  D:00D8H         PUBLIC        CCON
  C:A31FH         PUBLIC        _send_data
  C:005EH         PUBLIC        _iic_change_pin
  C:A32AH         PUBLIC        recv_data
  C:A219H         PUBLIC        start
  D:0098H         PUBLIC        SCON
  D:0088H         PUBLIC        TCON
  C:9B1DH         PUBLIC        wait
  C:A02DH         PUBLIC        send_ack
  C:A366H         PUBLIC        recv_ack
  C:A370H         PUBLIC        stop
  C:A339H         PUBLIC        send_nak
  C:94EEH         PUBLIC        _iic_init
  C:8DF2H         PUBLIC        _iic_read_reg
  C:8718H         PUBLIC        _iic_read_reg_bytes
  C:9173H         PUBLIC        _iic_write_reg
  C:A233H         PUBLIC        _iic_delay_us
  D:00D0H         PUBLIC        PSW
  -------         PROC          _IIC_DELAY_US
  D:0006H         SYMBOL        x
  -------         DO            
  D:0005H         SYMBOL        i
  -------         ENDDO         
  C:A233H         LINE#         30
  C:A233H         LINE#         31
  C:A233H         LINE#         33
  C:A23DH         LINE#         34
  C:A23DH         LINE#         35
  C:A23FH         LINE#         36
  C:A245H         LINE#         38
  -------         ENDPROC       _IIC_DELAY_US
  -------         PROC          L?0064
  -------         ENDPROC       L?0064
  -------         PROC          WAIT
  -------         DO            
  X:0B88H         SYMBOL        count
  D:0004H         SYMBOL        ret
  -------         ENDDO         
  C:9B1DH         LINE#         47
  C:9B1DH         LINE#         48
  C:9B1DH         LINE#         49
  C:9B24H         LINE#         50
  C:9B25H         LINE#         51
  C:9B2CH         LINE#         52
  C:9B2CH         LINE#         53
  C:9B33H         LINE#         54
  C:9B48H         LINE#         55
  C:9B48H         LINE#         56
  C:9B4AH         LINE#         57
  C:9B4AH         LINE#         58
  C:9B4AH         LINE#         59
BL51 BANKED LINKER/LOCATER V6.22                                                      07/15/2020  14:47:17  PAGE 20


  C:9B4AH         LINE#         60
  C:9B51H         LINE#         61
  C:9B53H         LINE#         62
  -------         ENDPROC       WAIT
  -------         PROC          L?0065
  -------         ENDPROC       L?0065
  -------         PROC          START
  -------         DO            
  D:0007H         SYMBOL        ret
  -------         ENDDO         
  C:A219H         LINE#         70
  C:A219H         LINE#         71
  C:A219H         LINE#         73
  C:A21BH         LINE#         74
  C:A21EH         LINE#         75
  C:A21EH         LINE#         76
  -------         ENDPROC       START
  C:A31BH         SYMBOL        L?0067
  -------         PROC          L?0066
  -------         ENDPROC       L?0066
  C:A31BH         SYMBOL        L?0067
  -------         PROC          _SEND_DATA
  D:0007H         SYMBOL        dat
  -------         DO            
  D:0007H         SYMBOL        ret
  -------         ENDDO         
  C:A31FH         LINE#         84
  C:A31FH         LINE#         85
  C:A31FH         LINE#         87
  C:A324H         LINE#         88
  C:A326H         LINE#         89
  C:A329H         LINE#         90
  C:A329H         LINE#         91
  -------         ENDPROC       _SEND_DATA
  -------         PROC          RECV_ACK
  -------         DO            
  D:0007H         SYMBOL        ret
  -------         ENDDO         
  C:A366H         LINE#         99
  C:A366H         LINE#         100
  C:A366H         LINE#         102
  C:A36CH         LINE#         103
  C:A36FH         LINE#         104
  C:A36FH         LINE#         105
  -------         ENDPROC       RECV_ACK
  -------         PROC          RECV_DATA
  C:A32AH         LINE#         113
  C:A32AH         LINE#         114
  C:A32AH         LINE#         115
  C:A330H         LINE#         116
  C:A333H         LINE#         117
  C:A338H         LINE#         118
  -------         ENDPROC       RECV_DATA
  C:A021H         SYMBOL        L?0063
  -------         PROC          L?0062
  -------         ENDPROC       L?0062
  C:A021H         SYMBOL        L?0063
BL51 BANKED LINKER/LOCATER V6.22                                                      07/15/2020  14:47:17  PAGE 21


  -------         PROC          SEND_ACK
  -------         DO            
  D:0007H         SYMBOL        ret
  -------         ENDDO         
  C:A02DH         LINE#         126
  C:A02DH         LINE#         127
  C:A02DH         LINE#         129
  C:A032H         LINE#         130
  C:A038H         LINE#         131
  C:A03BH         LINE#         132
  C:A03BH         LINE#         133
  -------         ENDPROC       SEND_ACK
  -------         PROC          SEND_NAK
  C:A339H         LINE#         141
  C:A339H         LINE#         142
  C:A339H         LINE#         143
  C:A33FH         LINE#         144
  C:A345H         LINE#         145
  -------         ENDPROC       SEND_NAK
  -------         PROC          STOP
  -------         DO            
  D:0007H         SYMBOL        ret
  -------         ENDDO         
  C:A370H         LINE#         154
  C:A370H         LINE#         155
  C:A370H         LINE#         157
  C:A376H         LINE#         158
  C:A379H         LINE#         159
  C:A379H         LINE#         160
  -------         ENDPROC       STOP
  -------         PROC          _IIC_INIT
  D:0007H         SYMBOL        iic_n
  X:0AC1H         SYMBOL        scl_pin
  X:0AC2H         SYMBOL        sda_pin
  X:0AC3H         SYMBOL        wait_time
  C:94EEH         LINE#         171
  C:94EEH         LINE#         172
  C:94EEH         LINE#         173
  C:94EEH         LINE#         174
  C:94EEH         LINE#         176
  C:94F1H         LINE#         178
  C:94F4H         LINE#         179
  C:9500H         LINE#         180
  C:9500H         LINE#         181
  C:9500H         LINE#         182
  C:9500H         LINE#         183
  C:9502H         LINE#         184
  C:9502H         LINE#         185
  C:9505H         LINE#         186
  C:9507H         LINE#         187
  C:9507H         LINE#         188
  C:950AH         LINE#         189
  C:950CH         LINE#         190
  C:950CH         LINE#         191
  C:950FH         LINE#         192
  C:950FH         LINE#         193
  C:950FH         LINE#         196
BL51 BANKED LINKER/LOCATER V6.22                                                      07/15/2020  14:47:17  PAGE 22


  C:9516H         LINE#         197
  C:951AH         LINE#         198
  C:952FH         LINE#         199
  C:9534H         LINE#         201
  C:9537H         LINE#         202
  -------         ENDPROC       _IIC_INIT
  -------         PROC          _IIC_WRITE_REG
  X:0B97H         SYMBOL        dev_add
  D:0001H         SYMBOL        reg
  D:0003H         SYMBOL        dat
  C:9173H         LINE#         213
  C:917AH         LINE#         214
  C:917AH         LINE#         215
  C:9180H         LINE#         216
  C:9183H         LINE#         217
  C:918CH         LINE#         218
  C:918FH         LINE#         219
  C:9195H         LINE#         220
  C:9198H         LINE#         221
  C:91A0H         LINE#         222
  C:91A3H         LINE#         223
  C:91A9H         LINE#         224
  C:91ACH         LINE#         225
  C:91B4H         LINE#         226
  C:91B7H         LINE#         227
  C:91BDH         LINE#         228
  C:91C0H         LINE#         229
  C:91C6H         LINE#         230
  C:91C9H         LINE#         233
  C:91CBH         LINE#         234
  -------         ENDPROC       _IIC_WRITE_REG
  -------         PROC          _IIC_READ_REG
  X:0B4FH         SYMBOL        dev_add
  X:0B50H         SYMBOL        reg
  X:0B51H         SYMBOL        dat
  C:8DF2H         LINE#         245
  C:8DF5H         LINE#         246
  C:8DF5H         LINE#         248
  C:8DFBH         LINE#         249
  C:8DFEH         LINE#         251
  C:8E07H         LINE#         252
  C:8E0AH         LINE#         253
  C:8E10H         LINE#         254
  C:8E13H         LINE#         256
  C:8E1EH         LINE#         257
  C:8E21H         LINE#         258
  C:8E27H         LINE#         259
  C:8E2AH         LINE#         265
  C:8E39H         LINE#         266
  C:8E3CH         LINE#         268
  C:8E42H         LINE#         269
  C:8E45H         LINE#         271
  C:8E4BH         LINE#         273
  C:8E51H         LINE#         274
  C:8E54H         LINE#         276
  C:8E5AH         LINE#         277
  C:8E5DH         LINE#         279
BL51 BANKED LINKER/LOCATER V6.22                                                      07/15/2020  14:47:17  PAGE 23


  C:8E5FH         LINE#         280
  -------         ENDPROC       _IIC_READ_REG
  -------         PROC          _IIC_READ_REG_BYTES
  X:0AE3H         SYMBOL        dev_add
  X:0AE4H         SYMBOL        reg
  X:0AE5H         SYMBOL        dat
  X:0AE8H         SYMBOL        num
  C:8718H         LINE#         292
  C:871BH         LINE#         293
  C:871BH         LINE#         295
  C:8721H         LINE#         296
  C:8724H         LINE#         298
  C:872DH         LINE#         299
  C:8730H         LINE#         300
  C:8736H         LINE#         301
  C:8739H         LINE#         303
  C:8744H         LINE#         304
  C:8747H         LINE#         305
  C:874DH         LINE#         306
  C:8750H         LINE#         308
  C:875FH         LINE#         309
  C:8762H         LINE#         310
  C:8768H         LINE#         311
  C:876BH         LINE#         313
  C:8773H         LINE#         314
  C:8773H         LINE#         315
  C:8776H         LINE#         316
  C:877CH         LINE#         317
  C:877CH         LINE#         318
  C:877FH         LINE#         319
  C:877FH         LINE#         320
  C:8789H         LINE#         321
  C:878BH         LINE#         323
  C:878EH         LINE#         325
  C:8794H         LINE#         326
  C:8797H         LINE#         328
  C:879DH         LINE#         329
  C:87A0H         LINE#         331
  C:87A2H         LINE#         332
  -------         ENDPROC       _IIC_READ_REG_BYTES
  -------         PROC          _IIC_CHANGE_PIN
  D:0007H         SYMBOL        iic_n
  X:0001H         SYMBOL        scl_pin
  X:0002H         SYMBOL        sda_pin
  C:005EH         LINE#         341
  C:005EH         LINE#         342
  C:005EH         LINE#         343
  C:005EH         LINE#         344
  C:005EH         LINE#         345
  C:0061H         LINE#         347
  C:0064H         LINE#         348
  C:0070H         LINE#         349
  C:0070H         LINE#         350
  C:0070H         LINE#         351
  C:0070H         LINE#         352
  C:0072H         LINE#         353
  C:0072H         LINE#         354
BL51 BANKED LINKER/LOCATER V6.22                                                      07/15/2020  14:47:17  PAGE 24


  C:0075H         LINE#         355
  C:0077H         LINE#         356
  C:0077H         LINE#         357
  C:007AH         LINE#         358
  C:007CH         LINE#         359
  C:007CH         LINE#         360
  C:007FH         LINE#         361
  C:007FH         LINE#         362
  C:007FH         LINE#         364
  C:0082H         LINE#         366
  -------         ENDPROC       _IIC_CHANGE_PIN
  -------         ENDMOD        ZF_IIC

  -------         MODULE        ZF_UART
  C:0000H         SYMBOL        _ICE_DUMMY_
  D:0080H         PUBLIC        P0
  D:0090H         PUBLIC        P1
  D:00A0H         PUBLIC        P2
  D:00CAH         PUBLIC        P5M0
  D:00B0H         PUBLIC        P3
  D:00C9H         PUBLIC        P5M1
  D:00C0H         PUBLIC        P4
  D:00C8H         PUBLIC        P5
  D:00E8H         PUBLIC        P6
  D:00F8H         PUBLIC        P7
  D:00A2H         PUBLIC        P_SW1
  D:00BAH         PUBLIC        P_SW2
  D:00A8H         PUBLIC        IE
  B:00A8H.4       PUBLIC        ES
  D:00B8H         PUBLIC        IP
  C:9127H         PUBLIC        _uart_putchar
  C:9DBAH         PUBLIC        _uart_putbuff
  D:00D8H         PUBLIC        CCON
  D:0099H         PUBLIC        SBUF
  D:0098H         PUBLIC        SCON
  D:0089H         PUBLIC        TMOD
  D:0088H         PUBLIC        TCON
  D:00AFH         PUBLIC        IE2
  X:0665H         PUBLIC        uart1_rx_buff
  D:008EH         PUBLIC        AUXR
  X:06C9H         PUBLIC        uart1_tx_buff
  X:072DH         PUBLIC        busy
  D:008DH         PUBLIC        TH1
  D:00D6H         PUBLIC        T2H
  D:00D4H         PUBLIC        T3H
  D:00D2H         PUBLIC        T4H
  D:008BH         PUBLIC        TL1
  D:00D7H         PUBLIC        T2L
  D:00D5H         PUBLIC        T3L
  D:00D3H         PUBLIC        T4L
  C:9DE2H         PUBLIC        _uart_putstr
  C:5F29H         PUBLIC        _uart_init
  B:0088H.6       PUBLIC        TR1
  D:00D1H         PUBLIC        T4T3M
  D:009BH         PUBLIC        S2BUF
  D:00ADH         PUBLIC        S3BUF
  D:0085H         PUBLIC        S4BUF
BL51 BANKED LINKER/LOCATER V6.22                                                      07/15/2020  14:47:17  PAGE 25


  D:009AH         PUBLIC        S2CON
  D:00ACH         PUBLIC        S3CON
  D:0084H         PUBLIC        S4CON
  D:00D0H         PUBLIC        PSW
  -------         PROC          _UART_INIT
  X:0750H         SYMBOL        uart_n
  X:0751H         SYMBOL        uart_rx_pin
  X:0752H         SYMBOL        uart_tx_pin
  X:0753H         SYMBOL        baud
  X:0757H         SYMBOL        tim_n
  -------         DO            
  D:0004H         SYMBOL        brt
  -------         ENDDO         
  C:5F29H         LINE#         45
  C:5F34H         LINE#         46
  C:5F34H         LINE#         49
  C:5F63H         LINE#         51
  C:5F80H         LINE#         52
  C:5F80H         LINE#         53
  C:5F80H         LINE#         54
  C:5F80H         LINE#         55
  C:5F89H         LINE#         56
  C:5F89H         LINE#         57
  C:5F8CH         LINE#         58
  C:5F8CH         LINE#         59
  C:5F8EH         LINE#         60
  C:5F91H         LINE#         61
  C:5F94H         LINE#         62
  C:5F96H         LINE#         63
  C:5F9BH         LINE#         64
  C:5F9DH         LINE#         65
  C:5FA1H         LINE#         66
  C:5FA1H         LINE#         67
  C:5FA4H         LINE#         68
  C:5FA6H         LINE#         69
  C:5FA9H         LINE#         70
  C:5FACH         LINE#         71
  C:5FACH         LINE#         72
  C:5FAFH         LINE#         73
  C:5FBBH         LINE#         74
  C:5FBBH         LINE#         75
  C:5FBBH         LINE#         76
  C:5FBDH         LINE#         77
  C:5FC8H         LINE#         78
  C:5FC8H         LINE#         79
  C:5FCBH         LINE#         80
  C:5FCDH         LINE#         81
  C:5FD9H         LINE#         82
  C:5FD9H         LINE#         83
  C:5FDCH         LINE#         84
  C:5FDEH         LINE#         85
  C:5FEAH         LINE#         86
  C:5FEAH         LINE#         87
  C:5FEDH         LINE#         88
  C:5FEDH         LINE#         89
  C:5FF2H         LINE#         90
  C:5FF4H         LINE#         91
BL51 BANKED LINKER/LOCATER V6.22                                                      07/15/2020  14:47:17  PAGE 26


  C:5FF5H         LINE#         92
  C:5FF5H         LINE#         94
  C:5FF5H         LINE#         95
  C:5FF5H         LINE#         96
  C:5FFCH         LINE#         97
  C:5FFCH         LINE#         98
  C:5FFFH         LINE#         99
  C:6001H         LINE#         100
  C:6004H         LINE#         101
  C:6007H         LINE#         102
  C:6007H         LINE#         104
  C:600AH         LINE#         105
  C:6017H         LINE#         106
  C:6017H         LINE#         107
  C:6017H         LINE#         108
  C:6019H         LINE#         109
  C:6024H         LINE#         110
  C:6024H         LINE#         111
  C:6027H         LINE#         112
  C:6027H         LINE#         114
  C:602AH         LINE#         115
  C:602FH         LINE#         116
  C:6030H         LINE#         117
  C:6030H         LINE#         119
  C:6030H         LINE#         120
  C:6030H         LINE#         121
  C:6038H         LINE#         122
  C:6038H         LINE#         123
  C:603BH         LINE#         124
  C:603DH         LINE#         125
  C:6040H         LINE#         126
  C:6043H         LINE#         127
  C:6045H         LINE#         128
  C:6049H         LINE#         129
  C:6049H         LINE#         130
  C:604CH         LINE#         131
  C:604EH         LINE#         132
  C:6051H         LINE#         133
  C:6054H         LINE#         134
  C:6054H         LINE#         136
  C:6057H         LINE#         137
  C:6064H         LINE#         138
  C:6064H         LINE#         139
  C:6064H         LINE#         140
  C:6066H         LINE#         141
  C:6071H         LINE#         142
  C:6071H         LINE#         143
  C:6074H         LINE#         144
  C:6074H         LINE#         146
  C:6077H         LINE#         147
  C:607CH         LINE#         148
  C:607DH         LINE#         149
  C:607DH         LINE#         151
  C:607DH         LINE#         152
  C:607DH         LINE#         153
  C:6085H         LINE#         154
  C:6085H         LINE#         155
BL51 BANKED LINKER/LOCATER V6.22                                                      07/15/2020  14:47:17  PAGE 27


  C:6088H         LINE#         156
  C:608AH         LINE#         157
  C:608DH         LINE#         158
  C:6090H         LINE#         159
  C:6092H         LINE#         160
  C:6096H         LINE#         161
  C:6096H         LINE#         162
  C:6099H         LINE#         163
  C:609BH         LINE#         164
  C:609EH         LINE#         165
  C:60A1H         LINE#         166
  C:60A1H         LINE#         168
  C:60A4H         LINE#         169
  C:60B1H         LINE#         170
  C:60B1H         LINE#         171
  C:60B1H         LINE#         172
  C:60B3H         LINE#         173
  C:60BEH         LINE#         174
  C:60BEH         LINE#         175
  C:60C1H         LINE#         176
  C:60C4H         LINE#         177
  C:60C7H         LINE#         178
  C:60C7H         LINE#         179
  C:60CAH         LINE#         180
  C:60CFH         LINE#         181
  C:60CFH         LINE#         182
  C:60CFH         LINE#         184
  C:60CFH         LINE#         186
  -------         ENDPROC       _UART_INIT
  -------         PROC          L?0053
  -------         ENDPROC       L?0053
  -------         PROC          _UART_PUTCHAR
  D:0007H         SYMBOL        uart_n
  D:0005H         SYMBOL        dat
  C:9127H         LINE#         195
  C:9127H         LINE#         196
  C:9127H         LINE#         197
  C:9135H         LINE#         198
  C:9135H         LINE#         199
  C:9135H         LINE#         200
  C:913BH         LINE#         201
  C:9141H         LINE#         202
  C:9143H         LINE#         203
  C:9144H         LINE#         204
  C:9144H         LINE#         205
  C:914AH         LINE#         206
  C:9150H         LINE#         207
  C:9152H         LINE#         208
  C:9153H         LINE#         209
  C:9153H         LINE#         210
  C:9159H         LINE#         211
  C:915FH         LINE#         212
  C:9161H         LINE#         213
  C:9162H         LINE#         214
  C:9162H         LINE#         215
  C:9168H         LINE#         216
  C:916EH         LINE#         217
BL51 BANKED LINKER/LOCATER V6.22                                                      07/15/2020  14:47:17  PAGE 28


  C:9172H         LINE#         218
  C:9172H         LINE#         219
  C:9172H         LINE#         220
  -------         ENDPROC       _UART_PUTCHAR
  -------         PROC          _UART_PUTBUFF
  D:0006H         SYMBOL        uart_n
  X:0AEAH         SYMBOL        p
  X:0AEDH         SYMBOL        len
  C:9DBAH         LINE#         231
  C:9DC7H         LINE#         232
  C:9DC7H         LINE#         233
  C:9DD5H         LINE#         234
  C:9DE1H         LINE#         235
  -------         ENDPROC       _UART_PUTBUFF
  -------         PROC          _UART_PUTSTR
  D:0006H         SYMBOL        uart_n
  X:0B73H         SYMBOL        str
  C:9DE2H         LINE#         245
  C:9DEFH         LINE#         246
  C:9DEFH         LINE#         247
  C:9DFFH         LINE#         248
  C:9DFFH         LINE#         249
  C:9E07H         LINE#         250
  C:9E09H         LINE#         251
  -------         ENDPROC       _UART_PUTSTR
  -------         ENDMOD        ZF_UART

  -------         MODULE        ZF_ADC
  C:0000H         SYMBOL        _ICE_DUMMY_
  D:0092H         PUBLIC        P1M0
  D:0093H         PUBLIC        P0M1
  D:0091H         PUBLIC        P1M1
  D:0080H         PUBLIC        P0
  D:0090H         PUBLIC        P1
  D:00A0H         PUBLIC        P2
  D:00B0H         PUBLIC        P3
  D:00C0H         PUBLIC        P4
  D:00C8H         PUBLIC        P5
  D:00E8H         PUBLIC        P6
  D:00F8H         PUBLIC        P7
  D:00A8H         PUBLIC        IE
  D:00BDH         PUBLIC        ADC_RES
  D:00B8H         PUBLIC        IP
  D:00DEH         PUBLIC        ADCCFG
  D:00D8H         PUBLIC        CCON
  C:9C93H         PUBLIC        _adc_once
  D:00BCH         PUBLIC        ADC_CONTR
  D:0098H         PUBLIC        SCON
  D:0088H         PUBLIC        TCON
  C:977DH         PUBLIC        _adc_init
  D:00BEH         PUBLIC        ADC_RESL
  D:00D0H         PUBLIC        PSW
  D:0094H         PUBLIC        P0M0
  -------         PROC          _ADC_INIT
  D:0007H         SYMBOL        adcn
  D:0005H         SYMBOL        speed
  C:977DH         LINE#         32
BL51 BANKED LINKER/LOCATER V6.22                                                      07/15/2020  14:47:17  PAGE 29


  C:977DH         LINE#         33
  C:977DH         LINE#         34
  C:9780H         LINE#         36
  C:978AH         LINE#         37
  C:978AH         LINE#         39
  C:979DH         LINE#         40
  C:97A0H         LINE#         41
  C:97A2H         LINE#         42
  C:97A5H         LINE#         43
  C:97A5H         LINE#         45
  C:97B8H         LINE#         46
  C:97BBH         LINE#         47
  C:97BBH         LINE#         49
  C:97C0H         LINE#         51
  C:97C3H         LINE#         52
  -------         ENDPROC       _ADC_INIT
  -------         PROC          _ADC_ONCE
  D:0007H         SYMBOL        adcn
  D:0001H         SYMBOL        resolution
  -------         DO            
  D:0006H         SYMBOL        adc_value
  -------         ENDDO         
  C:9C93H         LINE#         63
  C:9C95H         LINE#         64
  C:9C95H         LINE#         67
  C:9C98H         LINE#         68
  C:9C9BH         LINE#         70
  C:9C9EH         LINE#         73
  C:9CA3H         LINE#         74
  C:9CA6H         LINE#         77
  C:9CA8H         LINE#         78
  C:9CAAH         LINE#         79
  C:9CAEH         LINE#         81
  C:9CBDH         LINE#         84
  C:9CBDH         LINE#         85
  -------         ENDPROC       _ADC_ONCE
  -------         ENDMOD        ZF_ADC

  -------         MODULE        ZF_TIM
  C:0000H         SYMBOL        _ICE_DUMMY_
  D:0080H         PUBLIC        P0
[...]
  D:0004H         SYMBOL        c
  D:0003H         SYMBOL        i
  D:0002H         SYMBOL        rs
  -------         ENDDO         
  C:9625H         LINE#         293
  C:9625H         LINE#         294
  C:9625H         LINE#         295
  C:9627H         LINE#         296
  C:962BH         LINE#         297
  C:9635H         LINE#         298
  C:9637H         LINE#         299
  C:9637H         LINE#         300
  C:9657H         LINE#         301
  C:965CH         LINE#         302
  -------         ENDPROC       _OLED_P6X8CHAR
  -------         PROC          _OLED_PRINTVALUEC
  D:0007H         SYMBOL        x
  D:0005H         SYMBOL        y
  X:0B85H         SYMBOL        dat
  -------         DO            
  D:0003H         SYMBOL        i
  X:0B87H         SYMBOL        j
  D:0001H         SYMBOL        k
  -------         ENDDO         
  C:85FEH         LINE#         305
  C:8606H         LINE#         306
  C:8606H         LINE#         307
  C:8609H         LINE#         309
  C:8614H         LINE#         310
  C:8614H         LINE#         311
BL51 BANKED LINKER/LOCATER V6.22                                                      07/15/2020  14:47:17  PAGE 122


  C:8619H         LINE#         312
  C:862EH         LINE#         313
  C:8630H         LINE#         315
  C:8630H         LINE#         316
  C:8635H         LINE#         317
  C:8635H         LINE#         318
  C:8646H         LINE#         319
  C:8665H         LINE#         320
  C:8676H         LINE#         321
  C:867FH         LINE#         322
  C:8685H         LINE#         323
  -------         ENDPROC       _OLED_PRINTVALUEC
  -------         PROC          _OLED_PRINTVALUEI
  D:0007H         SYMBOL        x
  D:0005H         SYMBOL        y
  X:0B43H         SYMBOL        dat
  -------         DO            
  X:0B45H         SYMBOL        i
  X:0B46H         SYMBOL        j
  D:0001H         SYMBOL        k
  D:0003H         SYMBOL        l
  X:0B47H         SYMBOL        m
  X:0B48H         SYMBOL        fn
  -------         ENDDO         
  C:75D9H         LINE#         326
  C:75E1H         LINE#         327
  C:75E6H         LINE#         328
  C:75E9H         LINE#         330
  C:75F4H         LINE#         331
  C:75F4H         LINE#         332
  C:75F9H         LINE#         333
  C:760EH         LINE#         334
  C:760EH         LINE#         335
  C:761FH         LINE#         336
  C:7640H         LINE#         337
  C:765FH         LINE#         338
  C:7680H         LINE#         339
  C:7691H         LINE#         341
  C:7694H         LINE#         342
  C:7694H         LINE#         343
  C:769AH         LINE#         344
  C:76A0H         LINE#         345
  C:76A0H         LINE#         346
  C:76ABH         LINE#         347
  C:76ABH         LINE#         348
  C:76B2H         LINE#         349
  C:76B8H         LINE#         350
  C:76B8H         LINE#         351
  C:76C5H         LINE#         352
  C:76C5H         LINE#         353
  C:76CCH         LINE#         354
  C:76D2H         LINE#         355
  C:76D2H         LINE#         356
  C:76DFH         LINE#         357
  C:76E6H         LINE#         358
  -------         ENDPROC       _OLED_PRINTVALUEI
  -------         PROC          _OLED_PRINTVALUEFP
BL51 BANKED LINKER/LOCATER V6.22                                                      07/15/2020  14:47:17  PAGE 123


  X:0B49H         SYMBOL        dat
  X:0B4BH         SYMBOL        num
  -------         DO            
  X:0B4CH         SYMBOL        m
  X:0B4DH         SYMBOL        i
  X:0B4EH         SYMBOL        j
  D:0001H         SYMBOL        k
  -------         ENDDO         
  C:8399H         LINE#         361
  C:83A4H         LINE#         362
  C:83A4H         LINE#         363
  C:83A9H         LINE#         365
  C:83C0H         LINE#         366
  C:83DBH         LINE#         367
  C:83FCH         LINE#         368
  C:8409H         LINE#         369
  C:841BH         LINE#         370
  C:841BH         LINE#         372
  C:841BH         LINE#         373
  C:841DH         LINE#         374
  C:8420H         LINE#         375
  C:8420H         LINE#         376
  C:8422H         LINE#         377
  C:8422H         LINE#         378
  C:8425H         LINE#         379
  C:8425H         LINE#         380
  C:8427H         LINE#         381
  C:842DH         LINE#         382
  C:842DH         LINE#         383
  C:8430H         LINE#         384
  C:8437H         LINE#         385
  C:8437H         LINE#         386
  C:8437H         LINE#         387
  -------         ENDPROC       _OLED_PRINTVALUEFP
  -------         PROC          _OLED_PRINTVALUEF
  X:09BCH         SYMBOL        x
  X:09BDH         SYMBOL        y
  X:09BEH         SYMBOL        dat
  X:09C2H         SYMBOL        num
  -------         DO            
  D:0003H         SYMBOL        l
  X:09C3H         SYMBOL        m
  X:09C4H         SYMBOL        i
  X:09C5H         SYMBOL        j
  D:0001H         SYMBOL        k
  X:09C6H         SYMBOL        Integer_Len
  X:09C7H         SYMBOL        Integer_Part
  X:09C9H         SYMBOL        Float_Part
  -------         ENDDO         
  C:5092H         LINE#         391
  C:509AH         LINE#         392
  C:509AH         LINE#         394
  C:50A0H         LINE#         397
  C:50BAH         LINE#         398
  C:50D9H         LINE#         399
  C:50F6H         LINE#         400
  C:5127H         LINE#         401
BL51 BANKED LINKER/LOCATER V6.22                                                      07/15/2020  14:47:17  PAGE 124


  C:5132H         LINE#         406
  C:514BH         LINE#         407
  C:5150H         LINE#         409
  C:516DH         LINE#         410
  C:517EH         LINE#         411
  C:519FH         LINE#         412
  C:51C0H         LINE#         413
  C:51E1H         LINE#         414
  C:51F2H         LINE#         419
  C:51F5H         LINE#         420
  C:51F5H         LINE#         421
  C:51FBH         LINE#         422
  C:5204H         LINE#         423
  C:5208H         LINE#         424
  C:5208H         LINE#         425
  C:5208H         LINE#         426
  C:5208H         LINE#         427
  C:520AH         LINE#         428
  C:5211H         LINE#         429
  C:5211H         LINE#         430
  C:5217H         LINE#         431
  C:521EH         LINE#         432
  C:5222H         LINE#         433
  C:5222H         LINE#         434
  C:5222H         LINE#         435
  C:5224H         LINE#         436
  C:522BH         LINE#         437
  C:522BH         LINE#         438
  C:5231H         LINE#         439
  C:5238H         LINE#         440
  C:523EH         LINE#         441
  C:523EH         LINE#         442
  C:5240H         LINE#         443
  C:5247H         LINE#         444
  C:5247H         LINE#         445
  C:524BH         LINE#         446
  C:5252H         LINE#         447
  C:5252H         LINE#         448
  C:5254H         LINE#         450
  C:5254H         LINE#         451
  C:525AH         LINE#         452
  C:5261H         LINE#         453
  C:5261H         LINE#         454
  C:5283H         LINE#         455
  C:529EH         LINE#         456
  C:529EH         LINE#         457
  C:52A3H         LINE#         458
  C:52AAH         LINE#         459
  C:52B1H         LINE#         460
  C:52B7H         LINE#         461
  C:52DDH         LINE#         462
  C:52DDH         LINE#         463
  -------         ENDPROC       _OLED_PRINTVALUEF
  -------         ENDMOD        OLED

  -------         MODULE        OUTPUTDATA
  C:0000H         SYMBOL        _ICE_DUMMY_
BL51 BANKED LINKER/LOCATER V6.22                                                      07/15/2020  14:47:17  PAGE 125


  D:0080H         PUBLIC        P0
  D:0090H         PUBLIC        P1
  D:00A0H         PUBLIC        P2
  D:00B0H         PUBLIC        P3
  D:00C0H         PUBLIC        P4
  D:00C8H         PUBLIC        P5
  D:00E8H         PUBLIC        P6
  D:00F8H         PUBLIC        P7
  D:00A8H         PUBLIC        IE
  D:00B8H         PUBLIC        IP
  D:00D8H         PUBLIC        CCON
  D:0098H         PUBLIC        SCON
  D:0088H         PUBLIC        TCON
  X:09DDH         PUBLIC        OutData
  C:88B5H         PUBLIC        _My_CRC_CHECK
  C:A136H         SYMBOL        _?ix1000
  C:A13EH         SYMBOL        _?ix1001
  C:A146H         SYMBOL        _?ix1002
  C:6DEFH         PUBLIC        OutPut_Data
  D:00D0H         PUBLIC        PSW
  -------         PROC          _MY_CRC_CHECK
  X:0769H         SYMBOL        Buf
  X:076CH         SYMBOL        CRC_CNT
  -------         DO            
  X:076DH         SYMBOL        CRC_Temp
  X:076FH         SYMBOL        i
  D:0005H         SYMBOL        j
  -------         ENDDO         
  C:88B5H         LINE#         5
  C:88C3H         LINE#         6
  C:88C3H         LINE#         9
  C:88C9H         LINE#         11
  C:88DAH         LINE#         12
  C:88F7H         LINE#         13
  C:88F9H         LINE#         14
  C:8904H         LINE#         15
  C:891DH         LINE#         17
  C:8928H         LINE#         18
  C:892DH         LINE#         19
  C:8935H         LINE#         20
  C:893DH         LINE#         21
  -------         ENDPROC       _MY_CRC_CHECK
  -------         PROC          OUTPUT_DATA
  -------         DO            
  X:074CH         SYMBOL        temp
  X:0754H         SYMBOL        temp1
  X:075CH         SYMBOL        databuf
  X:0766H         SYMBOL        i
  X:0767H         SYMBOL        CRC16
  -------         ENDDO         
  C:6DEFH         LINE#         23
  C:6DEFH         LINE#         24
  C:6DEFH         LINE#         25
  C:6E02H         LINE#         26
  C:6E15H         LINE#         27
  C:6E28H         LINE#         29
  C:6E2FH         LINE#         30
BL51 BANKED LINKER/LOCATER V6.22                                                      07/15/2020  14:47:17  PAGE 126


  C:6E3DH         LINE#         31
  C:6E3DH         LINE#         33
  C:6E6EH         LINE#         34
  C:6E90H         LINE#         36
  C:6E98H         LINE#         38
  C:6E9DH         LINE#         39
  C:6E9DH         LINE#         40
  C:6EBEH         LINE#         41
  C:6EDEH         LINE#         42
  C:6EE8H         LINE#         44
  C:6EFBH         LINE#         45
  C:6F06H         LINE#         46
  C:6F09H         LINE#         48
  C:6F16H         LINE#         49
  C:6F2FH         LINE#         50
  -------         ENDPROC       OUTPUT_DATA
  -------         ENDMOD        OUTPUTDATA

  -------         MODULE        ?C?FPADD
  C:0EADH         PUBLIC        ?C?FPADD
  C:0EA9H         PUBLIC        ?C?FPSUB
  -------         ENDMOD        ?C?FPADD

  -------         MODULE        ?C?FPMUL
  C:0F9EH         PUBLIC        ?C?FPMUL
  -------         ENDMOD        ?C?FPMUL

  -------         MODULE        ?C?FPDIV
  C:10A7H         PUBLIC        ?C?FPDIV
  -------         ENDMOD        ?C?FPDIV

  -------         MODULE        ?C?FPCMP
  C:1146H         PUBLIC        ?C?FPCMP
  C:1144H         PUBLIC        ?C?FPCMP3
  -------         ENDMOD        ?C?FPCMP

  -------         MODULE        ?C?FPNEG
  C:11B1H         PUBLIC        ?C?FPNEG
  -------         ENDMOD        ?C?FPNEG

  -------         MODULE        ?C?FCAST
  C:11CCH         PUBLIC        ?C?FCASTC
  C:11C7H         PUBLIC        ?C?FCASTI
  C:11C2H         PUBLIC        ?C?FCASTL
  -------         ENDMOD        ?C?FCAST

  -------         MODULE        ?C?CASTF
  C:1200H         PUBLIC        ?C?CASTF
  -------         ENDMOD        ?C?CASTF

  -------         MODULE        ATAN2
  X:0750H         PUBLIC        ?_atan2?BYTE
  C:843CH         PUBLIC        _atan2
  -------         ENDMOD        ATAN2

  -------         MODULE        ATAN
  C:6F50H         PUBLIC        _ATAN
BL51 BANKED LINKER/LOCATER V6.22                                                      07/15/2020  14:47:17  PAGE 127


  -------         ENDMOD        ATAN

  -------         MODULE        ?C?COPY
  C:139EH         PUBLIC        ?C?COPY
  -------         ENDMOD        ?C?COPY

  -------         MODULE        ?C?SCDIV
  C:13C4H         PUBLIC        ?C?SCDIV
  -------         ENDMOD        ?C?SCDIV

  -------         MODULE        ?C?CLDPTR
  C:13E6H         PUBLIC        ?C?CLDPTR
  -------         ENDMOD        ?C?CLDPTR

  -------         MODULE        ?C?CLDOPTR
  C:13FFH         PUBLIC        ?C?CLDOPTR
  -------         ENDMOD        ?C?CLDOPTR

  -------         MODULE        ?C?CSTPTR
  C:142CH         PUBLIC        ?C?CSTPTR
  -------         ENDMOD        ?C?CSTPTR

  -------         MODULE        ?C?CSTOPTR
  C:143EH         PUBLIC        ?C?CSTOPTR
  -------         ENDMOD        ?C?CSTOPTR

  -------         MODULE        ?C?IMUL
  C:1460H         PUBLIC        ?C?IMUL
  -------         ENDMOD        ?C?IMUL

  -------         MODULE        ?C?UIDIV
  C:1472H         PUBLIC        ?C?UIDIV
  -------         ENDMOD        ?C?UIDIV

  -------         MODULE        ?C?SIDIV
  C:14C7H         PUBLIC        ?C?SIDIV
  -------         ENDMOD        ?C?SIDIV

  -------         MODULE        ?C?IILDX
  C:14FDH         PUBLIC        ?C?IILDX
  -------         ENDMOD        ?C?IILDX

  -------         MODULE        ?C?ILDIX
  C:1513H         PUBLIC        ?C?ILDIX
  -------         ENDMOD        ?C?ILDIX

  -------         MODULE        ?C?ILDPTR
  C:1529H         PUBLIC        ?C?ILDPTR
  -------         ENDMOD        ?C?ILDPTR

  -------         MODULE        ?C?ILDOPTR
  C:1554H         PUBLIC        ?C?ILDOPTR
  -------         ENDMOD        ?C?ILDOPTR

  -------         MODULE        ?C?ISTPTR
  C:158CH         PUBLIC        ?C?ISTPTR
  -------         ENDMOD        ?C?ISTPTR
BL51 BANKED LINKER/LOCATER V6.22                                                      07/15/2020  14:47:17  PAGE 128



  -------         MODULE        ?C?ISTOPTR
  C:15ABH         PUBLIC        ?C?ISTOPTR
  -------         ENDMOD        ?C?ISTOPTR

  -------         MODULE        ?C?LMUL
  C:15D8H         PUBLIC        ?C?LMUL
  -------         ENDMOD        ?C?LMUL

  -------         MODULE        ?C?ULDIV
  C:1663H         PUBLIC        ?C?ULDIV
  -------         ENDMOD        ?C?ULDIV

  -------         MODULE        ?C?SLDIV
  C:9894H         PUBLIC        ?C?SLDIV
  -------         ENDMOD        ?C?SLDIV

  -------         MODULE        ?C?LNEG
  C:16F5H         PUBLIC        ?C?LNEG
  -------         ENDMOD        ?C?LNEG

  -------         MODULE        ?C?SLCMP
  C:1703H         PUBLIC        ?C?SLCMP
  -------         ENDMOD        ?C?SLCMP

  -------         MODULE        ?C?ULCMP
  C:1719H         PUBLIC        ?C?ULCMP
  -------         ENDMOD        ?C?ULCMP

  -------         MODULE        ?C?ULSHR
  C:172AH         PUBLIC        ?C?ULSHR
  -------         ENDMOD        ?C?ULSHR

  -------         MODULE        ?C?LLDPTR
  C:173DH         PUBLIC        ?C?LLDPTR
  -------         ENDMOD        ?C?LLDPTR

  -------         MODULE        ?C?LLDOPTR
  C:175DH         PUBLIC        ?C?LLDOPTR
  -------         ENDMOD        ?C?LLDOPTR

  -------         MODULE        ?C?LSTPTR
  C:178DH         PUBLIC        ?C?LSTPTR
  -------         ENDMOD        ?C?LSTPTR

  -------         MODULE        ?C?LSTOPTR
  C:17A7H         PUBLIC        ?C?LSTOPTR
  -------         ENDMOD        ?C?LSTOPTR

  -------         MODULE        ?C?LLDCODE
  C:17CBH         PUBLIC        ?C?LLDCODE
  -------         ENDMOD        ?C?LLDCODE

  -------         MODULE        ?C?LLDXDATA0
  C:17DBH         PUBLIC        ?C?LLDXDATA0
  -------         ENDMOD        ?C?LLDXDATA0

BL51 BANKED LINKER/LOCATER V6.22                                                      07/15/2020  14:47:17  PAGE 129


  -------         MODULE        ?C?LLDCODE0
  C:17E7H         PUBLIC        ?C?LLDCODE0
  -------         ENDMOD        ?C?LLDCODE0

  -------         MODULE        ?C?LLDPTR0
  C:17F7H         PUBLIC        ?C?LLDPTR0
  -------         ENDMOD        ?C?LLDPTR0

  -------         MODULE        ?C?LLDOPTR0
  C:1817H         PUBLIC        ?C?LLDOPTR0
  -------         ENDMOD        ?C?LLDOPTR0

  -------         MODULE        ?C?LSTXDATA
  C:1847H         PUBLIC        ?C?LSTXDATA
  -------         ENDMOD        ?C?LSTXDATA

  -------         MODULE        ?C?LSTKXDATA
  C:1853H         PUBLIC        ?C?LSTKXDATA
  -------         ENDMOD        ?C?LSTKXDATA

  -------         MODULE        ?C?LSTKPTR
  C:1884H         PUBLIC        ?C?LSTKPTR
  -------         ENDMOD        ?C?LSTKPTR

  -------         MODULE        ?C?LSTKOPTR
  C:189EH         PUBLIC        ?C?LSTKOPTR
  -------         ENDMOD        ?C?LSTKOPTR

  -------         MODULE        ?C?PLDPTR
  C:18C2H         PUBLIC        ?C?PLDPTR
  -------         ENDMOD        ?C?PLDPTR

  -------         MODULE        ?C?CCASE
  C:18E2H         PUBLIC        ?C?CCASE
  -------         ENDMOD        ?C?CCASE

  -------         MODULE        ?C?LIMUL
  C:1908H         PUBLIC        ?C?LIMUL
  -------         ENDMOD        ?C?LIMUL

  -------         MODULE        ?C?LLDIDATA
  C:1935H         PUBLIC        ?C?LLDIDATA
  -------         ENDMOD        ?C?LLDIDATA

  -------         MODULE        ?C?LLDXDATA
  C:1941H         PUBLIC        ?C?LLDXDATA
  -------         ENDMOD        ?C?LLDXDATA

  -------         MODULE        ?C?LLDPDATA
  C:194DH         PUBLIC        ?C?LLDPDATA
  -------         ENDMOD        ?C?LLDPDATA

  -------         MODULE        ?C?LLDIDATA0
  C:1959H         PUBLIC        ?C?LLDIDATA0
  -------         ENDMOD        ?C?LLDIDATA0

  -------         MODULE        ?C?LLDPDATA0
BL51 BANKED LINKER/LOCATER V6.22                                                      07/15/2020  14:47:17  PAGE 130


  C:1966H         PUBLIC        ?C?LLDPDATA0
  -------         ENDMOD        ?C?LLDPDATA0

  -------         MODULE        ?C?LSTIDATA
  C:1973H         PUBLIC        ?C?LSTIDATA
  -------         ENDMOD        ?C?LSTIDATA

  -------         MODULE        ?C?LSTPDATA
  C:197FH         PUBLIC        ?C?LSTPDATA
  -------         ENDMOD        ?C?LSTPDATA

  -------         MODULE        ?C?LSTKIDATA
  C:198BH         PUBLIC        ?C?LSTKIDATA
  -------         ENDMOD        ?C?LSTKIDATA

  -------         MODULE        ?C?LSTKPDATA
  C:19A4H         PUBLIC        ?C?LSTKPDATA
  -------         ENDMOD        ?C?LSTKPDATA

  -------         MODULE        ?C?PLDIDATA
  C:19BDH         PUBLIC        ?C?PLDIDATA
  -------         ENDMOD        ?C?PLDIDATA

  -------         MODULE        ?C?PLDXDATA
  C:19C6H         PUBLIC        ?C?PLDXDATA
  -------         ENDMOD        ?C?PLDXDATA

  -------         MODULE        ?C?PLDPDATA
  C:19CFH         PUBLIC        ?C?PLDPDATA
  -------         ENDMOD        ?C?PLDPDATA

  -------         MODULE        ?C?PLDCODE
  C:19D8H         PUBLIC        ?C?PLDCODE
  -------         ENDMOD        ?C?PLDCODE

*** WARNING L15: MULTIPLE CALL TO SEGMENT
    SEGMENT: ?PR?_SIMIIC_READ_REG?SEEKFREE_IIC
    CALLER1: ?PR?TM3_ISR?ISR
    CALLER2: ?C_C51STARTUP

*** WARNING L15: MULTIPLE CALL TO SEGMENT
    SEGMENT: ?PR?_MPU6050_GETDATA?MPU6050
    CALLER1: ?PR?TM3_ISR?ISR
    CALLER2: ?C_C51STARTUP

*** WARNING L15: MULTIPLE CALL TO SEGMENT
    SEGMENT: ?PR?_GETDATA?MPU6050
    CALLER1: ?PR?TM3_ISR?ISR
    CALLER2: ?C_C51STARTUP

*** WARNING L15: MULTIPLE CALL TO SEGMENT
    SEGMENT: ?PR?_ATAN2?ATAN2
    CALLER1: ?PR?TM3_ISR?ISR
    CALLER2: ?C_C51STARTUP

*** WARNING L15: MULTIPLE CALL TO SEGMENT
    SEGMENT: ?PR?ATAN?ATAN
BL51 BANKED LINKER/LOCATER V6.22                                                      07/15/2020  14:47:17  PAGE 131


    CALLER1: ?PR?TM3_ISR?ISR
    CALLER2: ?C_C51STARTUP

*** WARNING L15: MULTIPLE CALL TO SEGMENT
    SEGMENT: ?PR?_PID_REALIZE?PID
    CALLER1: ?PR?TM3_ISR?ISR
    CALLER2: ?C_C51STARTUP

Program Size: data=9.4 xdata=2979 code=41937
LINK/LOCATE RUN COMPLETE.  6 WARNING(S),  0 ERROR(S)
