BL51 BANKED LINKER/LOCATER V6.22                                                        07/03/2020  15:17:31  PAGE 1


BL51 BANKED LINKER/LOCATER V6.22, INVOKED BY:
C:\KEIL_V5\C51\BIN\BL51.EXE .\Out_File\common.obj, .\Out_File\board.obj, .\Out_File\zf_spi.obj, .\Out_File\zf_iic.obj, .
>> \Out_File\zf_uart.obj, .\Out_File\zf_adc.obj, .\Out_File\zf_tim.obj, .\Out_File\zf_pwm.obj, .\Out_File\zf_pca_pit.obj
>> , .\Out_File\zf_exti.obj, .\Out_File\zf_pca_delay.obj, .\Out_File\zf_gpio.obj, .\Out_File\zf_eeprom.obj, .\Out_File\z
>> f_delay.obj, .\Out_File\SEEKFREE_18TFT.obj, .\Out_File\SEEKFREE_FONT.obj, .\Out_File\SEEKFREE_ICM20602.obj, .\Out_Fil
>> e\SEEKFREE_IIC.obj, .\Out_File\SEEKFREE_TSL1401.obj, .\Out_File\SEEKFREE_IPS114_SPI.obj, .\Out_File\SEEKFREE_MPU6050.
>> obj, .\Out_File\SEEKFREE_ABSOLUTE_ENCODER.obj, .\Out_File\SEEKFREE_WIRELESS.obj, .\Out_File\SEEKFREE_VIRSCO.obj, .\Ou
>> t_File\SEEKFREE_PRINTF.obj, .\Out_File\isr.obj, .\Out_File\main.obj, .\Out_File\Balance.obj, .\Out_File\Mpu6050.obj, 
>> .\Out_File\MyControl.obj, .\Out_File\PID.obj, .\Out_File\System_Init.obj, .\Out_File\MyDebug.obj, .\Out_File\oled.obj
>>  TO .\Out_File\SEEKFREE PRINT (.\Out_File\SEEKFREE.m51) RAMSIZE (256) DISABLEWARNING (16) CODE (0X0000-0XFFF8) XDATA 
>> (0X0000-0X1FFF)


MEMORY MODEL: LARGE WITH FLOATING POINT ARITHMETIC


INPUT MODULES INCLUDED:
  .\Out_File\common.obj (COMMON)
  .\Out_File\board.obj (BOARD)
  .\Out_File\zf_spi.obj (ZF_SPI)
  .\Out_File\zf_iic.obj (ZF_IIC)
  .\Out_File\zf_uart.obj (ZF_UART)
  .\Out_File\zf_adc.obj (ZF_ADC)
  .\Out_File\zf_tim.obj (ZF_TIM)
  .\Out_File\zf_pwm.obj (ZF_PWM)
  .\Out_File\zf_pca_pit.obj (ZF_PCA_PIT)
  .\Out_File\zf_exti.obj (ZF_EXTI)
  .\Out_File\zf_pca_delay.obj (ZF_PCA_DELAY)
  .\Out_File\zf_gpio.obj (ZF_GPIO)
  .\Out_File\zf_eeprom.obj (ZF_EEPROM)
  .\Out_File\zf_delay.obj (ZF_DELAY)
  .\Out_File\SEEKFREE_18TFT.obj (SEEKFREE_18TFT)
  .\Out_File\SEEKFREE_FONT.obj (SEEKFREE_FONT)
  .\Out_File\SEEKFREE_ICM20602.obj (SEEKFREE_ICM20602)
  .\Out_File\SEEKFREE_IIC.obj (SEEKFREE_IIC)
  .\Out_File\SEEKFREE_TSL1401.obj (SEEKFREE_TSL1401)
  .\Out_File\SEEKFREE_IPS114_SPI.obj (SEEKFREE_IPS114_SPI)
  .\Out_File\SEEKFREE_MPU6050.obj (SEEKFREE_MPU6050)
  .\Out_File\SEEKFREE_ABSOLUTE_ENCODER.obj (SEEKFREE_ABSOLUTE_ENCODER)
  .\Out_File\SEEKFREE_WIRELESS.obj (SEEKFREE_WIRELESS)
  .\Out_File\SEEKFREE_VIRSCO.obj (SEEKFREE_VIRSCO)
  .\Out_File\SEEKFREE_PRINTF.obj (SEEKFREE_PRINTF)
  .\Out_File\isr.obj (ISR)
  .\Out_File\main.obj (MAIN)
  .\Out_File\Balance.obj (BALANCE)
  .\Out_File\Mpu6050.obj (MPU6050)
  .\Out_File\MyControl.obj (MYCONTROL)
  .\Out_File\PID.obj (PID)
  .\Out_File\System_Init.obj (SYSTEM_INIT)
  .\Out_File\MyDebug.obj (MYDEBUG)
  .\Out_File\oled.obj (OLED)
  C:\KEIL_V5\C51\LIB\C51FPL.LIB (?C?FPADD)
  C:\KEIL_V5\C51\LIB\C51FPL.LIB (?C?FPMUL)
  C:\KEIL_V5\C51\LIB\C51FPL.LIB (?C?FPDIV)
  C:\KEIL_V5\C51\LIB\C51FPL.LIB (?C?FPCMP)
  C:\KEIL_V5\C51\LIB\C51FPL.LIB (?C?FPNEG)
  C:\KEIL_V5\C51\LIB\C51FPL.LIB (?C?FCAST)
  C:\KEIL_V5\C51\LIB\C51FPL.LIB (?C?CASTF)
BL51 BANKED LINKER/LOCATER V6.22                                                      07/03/2020  15:17:31  PAGE 2


  C:\KEIL_V5\C51\LIB\C51FPL.LIB (SQRT)
  C:\KEIL_V5\C51\LIB\C51FPL.LIB (ATAN2)
  C:\KEIL_V5\C51\LIB\C51FPL.LIB (ASIN)
  C:\KEIL_V5\C51\LIB\C51FPL.LIB (?C?FPGETOPN)
  C:\KEIL_V5\C51\LIB\C51FPL.LIB (ATAN)
  C:\KEIL_V5\C51\LIB\C51FPL.LIB (?C?FPSERIES)
  C:\KEIL_V5\C51\LIB\C51L.LIB (?C_STARTUP)
  C:\KEIL_V5\C51\LIB\C51L.LIB (?C?COPY)
  C:\KEIL_V5\C51\LIB\C51L.LIB (?C?SCDIV)
  C:\KEIL_V5\C51\LIB\C51L.LIB (?C?CLDPTR)
  C:\KEIL_V5\C51\LIB\C51L.LIB (?C?CLDOPTR)
  C:\KEIL_V5\C51\LIB\C51L.LIB (?C?CSTPTR)
  C:\KEIL_V5\C51\LIB\C51L.LIB (?C?CSTOPTR)
  C:\KEIL_V5\C51\LIB\C51L.LIB (?C?IMUL)
  C:\KEIL_V5\C51\LIB\C51L.LIB (?C?UIDIV)
  C:\KEIL_V5\C51\LIB\C51L.LIB (?C?SIDIV)
  C:\KEIL_V5\C51\LIB\C51L.LIB (?C?IILDX)
  C:\KEIL_V5\C51\LIB\C51L.LIB (?C?ILDIX)
  C:\KEIL_V5\C51\LIB\C51L.LIB (?C?ILDPTR)
  C:\KEIL_V5\C51\LIB\C51L.LIB (?C?ILDOPTR)
  C:\KEIL_V5\C51\LIB\C51L.LIB (?C?ISTPTR)
  C:\KEIL_V5\C51\LIB\C51L.LIB (?C?ISTOPTR)
  C:\KEIL_V5\C51\LIB\C51L.LIB (?C?LMUL)
  C:\KEIL_V5\C51\LIB\C51L.LIB (?C?ULDIV)
  C:\KEIL_V5\C51\LIB\C51L.LIB (?C?SLDIV)
  C:\KEIL_V5\C51\LIB\C51L.LIB (?C?LNEG)
  C:\KEIL_V5\C51\LIB\C51L.LIB (?C?SLCMP)
  C:\KEIL_V5\C51\LIB\C51L.LIB (?C?ULCMP)
  C:\KEIL_V5\C51\LIB\C51L.LIB (?C?ULSHR)
  C:\KEIL_V5\C51\LIB\C51L.LIB (?C?LLDPTR)
  C:\KEIL_V5\C51\LIB\C51L.LIB (?C?LLDOPTR)
  C:\KEIL_V5\C51\LIB\C51L.LIB (?C?LSTPTR)
  C:\KEIL_V5\C51\LIB\C51L.LIB (?C?LSTOPTR)
  C:\KEIL_V5\C51\LIB\C51L.LIB (?C?LLDXDATA)
  C:\KEIL_V5\C51\LIB\C51L.LIB (?C?LLDCODE)
  C:\KEIL_V5\C51\LIB\C51L.LIB (?C?LLDXDATA0)
  C:\KEIL_V5\C51\LIB\C51L.LIB (?C?LLDCODE0)
  C:\KEIL_V5\C51\LIB\C51L.LIB (?C?LLDPTR0)
  C:\KEIL_V5\C51\LIB\C51L.LIB (?C?LLDOPTR0)
  C:\KEIL_V5\C51\LIB\C51L.LIB (?C?LSTXDATA)
  C:\KEIL_V5\C51\LIB\C51L.LIB (?C?LSTKXDATA)
  C:\KEIL_V5\C51\LIB\C51L.LIB (?C?LSTKPTR)
  C:\KEIL_V5\C51\LIB\C51L.LIB (?C?LSTKOPTR)
  C:\KEIL_V5\C51\LIB\C51L.LIB (?C?PLDPTR)
  C:\KEIL_V5\C51\LIB\C51L.LIB (?C?CCASE)
  C:\KEIL_V5\C51\LIB\C51L.LIB (?C?LIMUL)
  C:\KEIL_V5\C51\LIB\C51L.LIB (?C_INIT)
  C:\KEIL_V5\C51\LIB\C51L.LIB (?C?LLDIDATA)
  C:\KEIL_V5\C51\LIB\C51L.LIB (?C?LLDPDATA)
  C:\KEIL_V5\C51\LIB\C51L.LIB (?C?LLDIDATA0)
  C:\KEIL_V5\C51\LIB\C51L.LIB (?C?LLDPDATA0)
  C:\KEIL_V5\C51\LIB\C51L.LIB (?C?LSTIDATA)
  C:\KEIL_V5\C51\LIB\C51L.LIB (?C?LSTPDATA)
  C:\KEIL_V5\C51\LIB\C51L.LIB (?C?LSTKIDATA)
  C:\KEIL_V5\C51\LIB\C51L.LIB (?C?LSTKPDATA)
  C:\KEIL_V5\C51\LIB\C51L.LIB (?C?PLDIDATA)
  C:\KEIL_V5\C51\LIB\C51L.LIB (?C?PLDXDATA)
BL51 BANKED LINKER/LOCATER V6.22                                                      07/03/2020  15:17:31  PAGE 3


  C:\KEIL_V5\C51\LIB\C51L.LIB (?C?PLDPDATA)
  C:\KEIL_V5\C51\LIB\C51L.LIB (?C?PLDCODE)


LINK MAP OF MODULE:  .\Out_File\SEEKFREE (COMMON)


            TYPE    BASE      LENGTH    RELOCATION   SEGMENT NAME
            -----------------------------------------------------

            * * * * * * *   D A T A   M E M O R Y   * * * * * * *
            REG     0000H     0008H     ABSOLUTE     "REG BANK 0"
                    0008H     0018H                  *** GAP ***
            BIT     0020H.0   0000H.4   UNIT         _BIT_GROUP_
                    0020H.4   0000H.4                *** GAP ***
            IDATA   0021H     0001H     UNIT         ?STACK

            * * * * * * *  X D A T A   M E M O R Y  * * * * * * *
            XDATA   0000H     022FH     UNIT         ?XD?OLED
            XDATA   022FH     01AFH     UNIT         ?XD?MYDEBUG
            XDATA   03DEH     0101H     UNIT         ?XD?SEEKFREE_TSL1401
            XDATA   04DFH     00F4H     UNIT         ?XD?PID
            XDATA   05D3H     00D3H     UNIT         ?XD?BALANCE
            XDATA   06A6H     00CDH     UNIT         ?XD?ZF_UART
            XDATA   0773H     00C7H     UNIT         _XDATA_GROUP_
            XDATA   083AH     0065H     UNIT         ?XD?MPU6050
            XDATA   089FH     005CH     UNIT         ?XD?_ZF_SPRINTF?SEEKFREE_PRINTF
            XDATA   08FBH     0040H     UNIT         ?XD?MYCONTROL
            XDATA   093BH     0030H     UNIT         ?XD?SYSTEM_INIT
            XDATA   096BH     002FH     UNIT         ?XD?_LCD_SHOWFLOAT?SEEKFREE_18TFT
            XDATA   099AH     002FH     UNIT         ?XD?_IPS114_SHOWFLOAT?SEEKFREE_IPS114_SPI
            XDATA   09C9H     002CH     UNIT         ?XD?_LCD_SHOWINT32?SEEKFREE_18TFT
            XDATA   09F5H     002CH     UNIT         ?XD?_IPS114_SHOWINT32?SEEKFREE_IPS114_SPI
            XDATA   0A21H     0016H     UNIT         ?XD?_IPS114_DISPLAY_CHINESE?SEEKFREE_IPS114_SPI
            XDATA   0A37H     0013H     UNIT         ?XD?_NUMBER_CONVERSION_ASCII?SEEKFREE_PRINTF
            XDATA   0A4AH     0011H     UNIT         ?XD?_OLED_PRINTVALUEF?OLED
            XDATA   0A5BH     0010H     UNIT         ?XD?ZF_PCA_PIT
            XDATA   0A6BH     000CH     UNIT         ?XD?_LCD_SHOWINT16?SEEKFREE_18TFT
            XDATA   0A77H     000CH     UNIT         ?XD?SEEKFREE_ICM20602
            XDATA   0A83H     000CH     UNIT         ?XD?_IPS114_SHOWINT16?SEEKFREE_IPS114_SPI
            XDATA   0A8FH     000CH     UNIT         ?XD?SEEKFREE_MPU6050
            XDATA   0A9BH     000CH     UNIT         ?XD?_PRINTF_REVERSE_ORDER?SEEKFREE_PRINTF
            XDATA   0AA7H     000BH     UNIT         ?XD?_SHOWIMAGE?SEEKFREE_18TFT
            XDATA   0AB2H     000BH     UNIT         ?XD?_DATA_CONVERSION?SEEKFREE_VIRSCO
            XDATA   0ABDH     000AH     UNIT         ?XD?_LCD_SHOWUINT16?SEEKFREE_18TFT
            XDATA   0AC7H     000AH     UNIT         ?XD?_IPS114_SHOWUINT16?SEEKFREE_IPS114_SPI
            XDATA   0AD1H     000AH     UNIT         ?XD?SEEKFREE_VIRSCO
            XDATA   0ADBH     0009H     UNIT         ?XD?_LCD_SHOWSTR?SEEKFREE_18TFT
            XDATA   0AE4H     0009H     UNIT         ?XD?_LCD_SHOWINT8?SEEKFREE_18TFT
            XDATA   0AEDH     0009H     UNIT         ?XD?_IPS114_SHOWSTR?SEEKFREE_IPS114_SPI
            XDATA   0AF6H     0009H     UNIT         ?XD?_IPS114_SHOWINT8?SEEKFREE_IPS114_SPI
            XDATA   0AFFH     0008H     UNIT         ?XD?_LCD_SET_REGION?SEEKFREE_18TFT
            XDATA   0B07H     0008H     UNIT         ?XD?_LCD_SHOWCHAR?SEEKFREE_18TFT
            XDATA   0B0FH     0008H     UNIT         ?XD?_LCD_SHOWUINT8?SEEKFREE_18TFT
            XDATA   0B17H     0008H     UNIT         ?XD?_IPS114_SET_REGION?SEEKFREE_IPS114_SPI
            XDATA   0B1FH     0008H     UNIT         ?XD?_IPS114_SHOWCHAR?SEEKFREE_IPS114_SPI
            XDATA   0B27H     0008H     UNIT         ?XD?_IPS114_SHOWUINT8?SEEKFREE_IPS114_SPI
BL51 BANKED LINKER/LOCATER V6.22                                                      07/03/2020  15:17:31  PAGE 4


            XDATA   0B2FH     0008H     UNIT         ?XD?_OLED_P6X8STR?OLED
            XDATA   0B37H     0007H     UNIT         ?XD?_SPI_INIT?ZF_SPI
            XDATA   0B3EH     0007H     UNIT         ?XD?_IIC_INIT?ZF_IIC
            XDATA   0B45H     0007H     UNIT         ?XD?_ICM_SPI_R_REG_BYTES?SEEKFREE_ICM20602
            XDATA   0B4CH     0007H     UNIT         ?XD?_SIMIIC_READ_REGS?SEEKFREE_IIC
            XDATA   0B53H     0007H     UNIT         ?XD?_SEEKFREE_WIRELESS_SEND_BUFF?SEEKFREE_WIRELESS
            XDATA   0B5AH     0007H     UNIT         ?XD?_CRC_CHECK?SEEKFREE_VIRSCO
            XDATA   0B61H     0006H     UNIT         ?XD?_IIC_READ_REG_BYTES?ZF_IIC
            XDATA   0B67H     0006H     UNIT         ?XD?_UART_PUTBUFF?ZF_UART
            XDATA   0B6DH     0006H     UNIT         ?XD?_IAP_READ_BYTES?ZF_EEPROM
            XDATA   0B73H     0006H     UNIT         ?XD?_IAP_WRITE_BYTES?ZF_EEPROM
            XDATA   0B79H     0006H     UNIT         ?XD?_LCD_DRAWPOINT?SEEKFREE_18TFT
            XDATA   0B7FH     0006H     UNIT         ?XD?GET_ICM20602_ACCDATA_SIMIIC?SEEKFREE_ICM20602
            XDATA   0B85H     0006H     UNIT         ?XD?GET_ICM20602_GYRO_SIMIIC?SEEKFREE_ICM20602
            XDATA   0B8BH     0006H     UNIT         ?XD?GET_ICM20602_ACCDATA_SIMSPI?SEEKFREE_ICM20602
            XDATA   0B91H     0006H     UNIT         ?XD?GET_ICM20602_GYRO_SIMSPI?SEEKFREE_ICM20602
            XDATA   0B97H     0006H     UNIT         ?XD?GET_ICM20602_ACCDATA_SPI?SEEKFREE_ICM20602
            XDATA   0B9DH     0006H     UNIT         ?XD?GET_ICM20602_GYRO_SPI?SEEKFREE_ICM20602
            XDATA   0BA3H     0006H     UNIT         ?XD?SEEKFREE_IIC
            XDATA   0BA9H     0006H     UNIT         ?XD?_IPS114_CLEAR?SEEKFREE_IPS114_SPI
            XDATA   0BAFH     0006H     UNIT         ?XD?_IPS114_DRAWPOINT?SEEKFREE_IPS114_SPI
            XDATA   0BB5H     0006H     UNIT         ?XD?MPU6050_GET_ACCDATA?SEEKFREE_MPU6050
            XDATA   0BBBH     0006H     UNIT         ?XD?MPU6050_GET_GYRO?SEEKFREE_MPU6050
            XDATA   0BC1H     0006H     UNIT         ?XD?_OLED_PRINTVALUEI?OLED
            XDATA   0BC7H     0006H     UNIT         ?XD?_OLED_PRINTVALUEFP?OLED
            XDATA   0BCDH     0005H     UNIT         ?XD?_IIC_READ_REG?ZF_IIC
            XDATA   0BD2H     0005H     UNIT         ?XD?_PWM_FREQ?ZF_PWM
            XDATA   0BD7H     0005H     UNIT         ?XD?_ICM_SIMSPI_R_REG_BYTES?SEEKFREE_ICM20602
            XDATA   0BDCH     0005H     UNIT         ?XD?_CCD_SEND_DATA?SEEKFREE_TSL1401
            XDATA   0BE1H     0004H     UNIT         ?XD?BOARD
            XDATA   0BE5H     0004H     UNIT         ?XD?_SPI_CHANGE_PIN?ZF_SPI
            XDATA   0BE9H     0004H     UNIT         ?XD?_LCD_CLEAR?SEEKFREE_18TFT
            XDATA   0BEDH     0004H     UNIT         ?XD?ISR
            XDATA   0BF1H     0003H     UNIT         ?XD?_UART_PUTSTR?ZF_UART
            XDATA   0BF4H     0003H     UNIT         ?XD?_PCA_INIT_INTERRUPT_MS?ZF_PCA_PIT
            XDATA   0BF7H     0003H     UNIT         ?XD?_ICM_SPI_R_REG_BYTE?SEEKFREE_ICM20602
            XDATA   0BFAH     0003H     UNIT         ?XD?_ENCODER_SIMSPI_R_REG_BYTE?SEEKFREE_ABSOLUTE_ENCODER
            XDATA   0BFDH     0003H     UNIT         ?XD?_SPI_R_REG_BYTE?SEEKFREE_ABSOLUTE_ENCODER
            XDATA   0C00H     0003H     UNIT         ?XD?_ENCODER_SPI_R_REG_BYTE?SEEKFREE_ABSOLUTE_ENCODER
            XDATA   0C03H     0003H     UNIT         ?XD?_OLED_PRINTVALUEC?OLED
            XDATA   0C06H     0002H     UNIT         ?XD?WAIT?ZF_IIC
            XDATA   0C08H     0002H     UNIT         ?XD?ZF_PCA_DELAY
            XDATA   0C0AH     0002H     UNIT         ?XD?_LCD_WRITEDATA_16BIT?SEEKFREE_18TFT
            XDATA   0C0CH     0002H     UNIT         ?XD?_IPS114_WRITEDATA_16BIT?SEEKFREE_IPS114_SPI
            XDATA   0C0EH     0002H     UNIT         ?XD?_ENCODER_SPI_W_REG_BYTE?SEEKFREE_ABSOLUTE_ENCODER
            XDATA   0C10H     0002H     UNIT         ?XD?_SET_ZERO_POSITION_SPI?SEEKFREE_ABSOLUTE_ENCODER
            XDATA   0C12H     0002H     UNIT         ?XD?ENCODER_ANGLE_SPI?SEEKFREE_ABSOLUTE_ENCODER
            XDATA   0C14H     0001H     UNIT         ?XD?_PUTCHAR?BOARD
            XDATA   0C15H     0001H     UNIT         ?XD?_IIC_WRITE_REG?ZF_IIC
            XDATA   0C16H     0001H     UNIT         ?XD?ICM20602_SELF1_CHECK?SEEKFREE_ICM20602
            XDATA   0C17H     0001H     UNIT         ?XD?ICM20602_SELF4_CHECK?SEEKFREE_ICM20602
            XDATA   0C18H     0001H     UNIT         ?XD?ICM20602_INIT_SIMSPI?SEEKFREE_ICM20602
            XDATA   0C19H     0001H     UNIT         ?XD?_ICM_SPI_W_REG_BYTE?SEEKFREE_ICM20602
            XDATA   0C1AH     0001H     UNIT         ?XD?ICM20602_SELF3_CHECK?SEEKFREE_ICM20602
            XDATA   0C1BH     0001H     UNIT         ?XD?ICM20602_INIT_SPI?SEEKFREE_ICM20602
            XDATA   0C1CH     0001H     UNIT         ?XD?ENCODER_SELF4_CHECK?SEEKFREE_ABSOLUTE_ENCODER
            XDATA   0C1DH     0001H     UNIT         ?XD?_SPI_W_REG_BYTE?SEEKFREE_ABSOLUTE_ENCODER
BL51 BANKED LINKER/LOCATER V6.22                                                      07/03/2020  15:17:31  PAGE 5


            XDATA   0C1EH     0001H     UNIT         ?XD?ENCODER_SELF5_CHECK?SEEKFREE_ABSOLUTE_ENCODER
            XDATA   0C1FH     0001H     UNIT         ?XD?OLED_DRAW_UI?MYDEBUG

            * * * * * * *   C O D E   M E M O R Y   * * * * * * *
            CODE    0000H     0003H     ABSOLUTE     
            CODE    0003H     0003H     ABSOLUTE     
            CODE    0006H     000DH     UNIT         ?PR?_SPI_MOSI?ZF_SPI
            CODE    0013H     0003H     ABSOLUTE     
            CODE    0016H     000DH     UNIT         ?PR?_ICM_SIMSPI_W_REG_BYTE?SEEKFREE_ICM20602
            CODE    0023H     0003H     ABSOLUTE     
            CODE    0026H     0015H     UNIT         ?PR?_ICM_SPI_W_REG_BYTE?SEEKFREE_ICM20602
            CODE    003BH     0003H     ABSOLUTE     
            CODE    003EH     0004H     UNIT         ?PR?IAP_IDLE?ZF_EEPROM
            CODE    0042H     0001H     UNIT         ?PR?SIMIIC_INIT?SEEKFREE_IIC
            CODE    0043H     0003H     ABSOLUTE     
            CODE    0046H     000DH     UNIT         ?PR?_MY_PUTCHAR?MYDEBUG
            CODE    0053H     0003H     ABSOLUTE     
            CODE    0056H     0003H     UNIT         ?PR?DISABLEGLOBALIRQ?BOARD
            CODE    0059H     0001H     UNIT         ?PR?INT0_ISR?ISR
            CODE    005AH     0001H     UNIT         ?PR?INT1_ISR?ISR
            CODE    005BH     0003H     ABSOLUTE     
            CODE    005EH     0025H     UNIT         ?PR?_IIC_CHANGE_PIN?ZF_IIC
            CODE    0083H     0003H     ABSOLUTE     
            CODE    0086H     0003H     UNIT         ?PR?ENABLEGLOBALIRQ?BOARD
            CODE    0089H     0001H     UNIT         ?PR?INT2_ISR?ISR
            CODE    008AH     0001H     UNIT         ?PR?INT3_ISR?ISR
            CODE    008BH     0003H     ABSOLUTE     
            CODE    008EH     0001H     UNIT         ?PR?INT4_ISR?ISR
                    008FH     0004H                  *** GAP ***
            CODE    0093H     0003H     ABSOLUTE     
                    0096H     0005H                  *** GAP ***
            CODE    009BH     0003H     ABSOLUTE     
            CODE    009EH     0E08H     UNIT         ?CO?SEEKFREE_FONT
            CODE    0EA6H     0B3EH     UNIT         ?C?LIB_CODE
            CODE    19E4H     0B33H     UNIT         ?PR?_IMUUPDATE?MPU6050
            CODE    2517H     06BEH     UNIT         ?PR?OLED_DRAW_UI?MYDEBUG
            CODE    2BD5H     06BDH     UNIT         ?PR?SPEED_MEASURE?MYCONTROL
            CODE    3292H     05AAH     UNIT         ?C_INITSEG
            CODE    383CH     059DH     UNIT         ?PR?AD_LVBO?MYCONTROL
            CODE    3DD9H     0595H     UNIT         ?PR?_ZF_SPRINTF?SEEKFREE_PRINTF
            CODE    436EH     04B4H     UNIT         ?PR?DATA_FILTER?MPU6050
            CODE    4822H     04ADH     UNIT         ?PR?MAIN?MAIN
            CODE    4CCFH     048FH     UNIT         ?PR?BALANCE_CONTROL?BALANCE
            CODE    515EH     0441H     UNIT         ?PR?CHECK_BOTTONPRESS?MYDEBUG
            CODE    559FH     0362H     UNIT         ?PR?_GPIO_MODE?ZF_GPIO
            CODE    5901H     0303H     UNIT         ?PR?SYSTEM_INIT?SYSTEM_INIT
            CODE    5C04H     029BH     UNIT         ?PR?_PLACEPID_CONTROL?PID
            CODE    5E9FH     0252H     UNIT         ?PR?_PID_REALIZE_D?PID
            CODE    60F1H     024CH     UNIT         ?PR?_OLED_PRINTVALUEF?OLED
            CODE    633DH     0248H     UNIT         ?PR?MPU6050_OFFSET?MPU6050
            CODE    6585H     020FH     UNIT         ?PR?LCD_INIT?SEEKFREE_18TFT
            CODE    6794H     020BH     UNIT         ?PR?_PID_REALIZE?PID
            CODE    699FH     01F1H     UNIT         ?PR?GET_CLK?BOARD
            CODE    6B90H     01B2H     UNIT         ?PR?_NUMBER_CONVERSION_ASCII?SEEKFREE_PRINTF
            CODE    6D42H     01A7H     UNIT         ?PR?_UART_INIT?ZF_UART
            CODE    6EE9H     0194H     UNIT         ?PR?IAP_SET_TPS?ZF_EEPROM
            CODE    707DH     0194H     UNIT         ?PR?_IPS114_DISPLAY_CHINESE?SEEKFREE_IPS114_SPI
BL51 BANKED LINKER/LOCATER V6.22                                                      07/03/2020  15:17:31  PAGE 6


            CODE    7211H     0194H     UNIT         ?PR?_PID_INCREASE?PID
            CODE    73A5H     0171H     UNIT         ?PR?_MOTOR_CONTROL?MYCONTROL
            CODE    7516H     0166H     UNIT         ?PR?_LCD_SHOWFLOAT?SEEKFREE_18TFT
            CODE    767CH     0166H     UNIT         ?PR?IPS114_INIT?SEEKFREE_IPS114_SPI
            CODE    77E2H     0166H     UNIT         ?PR?_IPS114_SHOWFLOAT?SEEKFREE_IPS114_SPI
            CODE    7948H     0144H     UNIT         ?PR?_PCA_INIT_INTERRUPT_MS?ZF_PCA_PIT
            CODE    7A8CH     0122H     UNIT         ?PR?ATAN?ATAN
            CODE    7BAEH     0121H     UNIT         ?PR?_MPU6050_GETDATA?MPU6050
            CODE    7CCFH     011BH     UNIT         ?PR?_PWM_INIT?ZF_PWM
            CODE    7DEAH     011BH     UNIT         ?PR?_SHOWIMAGE?SEEKFREE_18TFT
            CODE    7F05H     0118H     UNIT         ?PR?_LCD_SHOWINT16?SEEKFREE_18TFT
            CODE    801DH     0118H     UNIT         ?PR?_IPS114_SHOWINT16?SEEKFREE_IPS114_SPI
            CODE    8135H     0114H     UNIT         ?PR?_OLED_PRINTVALUEI?OLED
            CODE    8249H     00F9H     UNIT         ?PR?_PRINTF_REVERSE_ORDER?SEEKFREE_PRINTF
            CODE    8342H     00EAH     UNIT         ?PR?_LCD_SHOWINT32?SEEKFREE_18TFT
            CODE    842CH     00EAH     UNIT         ?PR?_IPS114_SHOWINT32?SEEKFREE_IPS114_SPI
            CODE    8516H     00DCH     UNIT         ?PR?_SPI_CHANGE_PIN?ZF_SPI
            CODE    85F2H     00D5H     UNIT         ?PR?_IPS114_SHOWCHAR?SEEKFREE_IPS114_SPI
            CODE    86C7H     00D3H     UNIT         ?PR?OLED_INIT?OLED
            CODE    879AH     00CEH     UNIT         ?PR?_LCD_SHOWINT8?SEEKFREE_18TFT
            CODE    8868H     00CEH     UNIT         ?PR?_IPS114_SHOWINT8?SEEKFREE_IPS114_SPI
            CODE    8936H     00C4H     UNIT         ?PR?GET_ATTITUDE?MPU6050
            CODE    89FAH     00C0H     UNIT         ?PR?_LCD_SHOWCHAR?SEEKFREE_18TFT
            CODE    8ABAH     00B9H     UNIT         ?PR?_SPI_INIT?ZF_SPI
            CODE    8B73H     00AFH     UNIT         ?PR?_LCD_SHOWUINT16?SEEKFREE_18TFT
            CODE    8C22H     00AFH     UNIT         ?PR?_IPS114_SHOWUINT16?SEEKFREE_IPS114_SPI
            CODE    8CD1H     00ACH     UNIT         ?PR?_SEEKFREE_WIRELESS_SEND_BUFF?SEEKFREE_WIRELESS
            CODE    8D7DH     00ACH     UNIT         ?PR?SQRT?SQRT
            CODE    8E29H     00A9H     UNIT         ?PR?_OLED_P6X8STR?OLED
            CODE    8ED2H     00A7H     UNIT         ?PR?TESTDATA_GENERATE?MYDEBUG
            CODE    8F79H     00A3H     UNIT         ?PR?_DATA_CONVERSION?SEEKFREE_VIRSCO
            CODE    901CH     00A3H     UNIT         ?PR?_OLED_PRINTVALUEFP?OLED
            CODE    90BFH     009DH     UNIT         ?PR?_ATAN2?ATAN2
            CODE    915CH     0093H     UNIT         ?PR?_CCD_SEND_DATA?SEEKFREE_TSL1401
            CODE    91EFH     0092H     UNIT         ?PR?_PCA_RELOAD_COUNTER?ZF_PCA_PIT
            CODE    9281H     008EH     UNIT         ?PR?_OLED_PRINTVALUEC?OLED
            CODE    930FH     008CH     UNIT         ?C_C51STARTUP
            CODE    939BH     008BH     UNIT         ?PR?_IIC_READ_REG_BYTES?ZF_IIC
            CODE    9426H     0089H     UNIT         ?PR?_CRC_CHECK?SEEKFREE_VIRSCO
            CODE    94AFH     0089H     UNIT         ?PR?MY_MPU6050_INIT?MPU6050
            CODE    9538H     0088H     UNIT         ?PR?_PIT_TIMER_MS?ZF_TIM
            CODE    95C0H     0088H     UNIT         ?PR?SEND_VARIABLE?MYDEBUG
            CODE    9648H     0084H     UNIT         ?PR?_PWM_FREQ?ZF_PWM
            CODE    96CCH     007CH     UNIT         ?PR?TM3_ISR?ISR
            CODE    9748H     0078H     UNIT         ?PR?_SIMIIC_READ_REGS?SEEKFREE_IIC
            CODE    97C0H     0076H     UNIT         ?PR?_LCD_SHOWSTR?SEEKFREE_18TFT
            CODE    9836H     0076H     UNIT         ?PR?_IPS114_SHOWSTR?SEEKFREE_IPS114_SPI
            CODE    98ACH     0075H     UNIT         ?PR?ICM20602_INIT_SPI?SEEKFREE_ICM20602
            CODE    9921H     0071H     UNIT         ?PR?_LCD_SHOWUINT8?SEEKFREE_18TFT
            CODE    9992H     0071H     UNIT         ?PR?_IPS114_CLEAR?SEEKFREE_IPS114_SPI
            CODE    9A03H     0071H     UNIT         ?PR?_IPS114_SHOWUINT8?SEEKFREE_IPS114_SPI
            CODE    9A74H     006EH     UNIT         ?PR?_IIC_READ_REG?ZF_IIC
            CODE    9AE2H     006EH     UNIT         ?PR?_RANGE_PROTECT?BALANCE
            CODE    9B50H     0068H     UNIT         ?PR?PCA_ISR?ISR
            CODE    9BB8H     0066H     UNIT         ?PR?ICM20602_INIT_SIMIIC?SEEKFREE_ICM20602
            CODE    9C1EH     0063H     UNIT         ?PR?_RANGE_PROTECT_MAIN?BALANCE
            CODE    9C81H     0061H     UNIT         ?PR?BOARD_INIT?BOARD
BL51 BANKED LINKER/LOCATER V6.22                                                      07/03/2020  15:17:31  PAGE 7


            CODE    9CE2H     0061H     UNIT         ?PR?_LCD_SET_REGION?SEEKFREE_18TFT
            CODE    9D43H     0060H     UNIT         ?PR?_PCA_INIT?ZF_PCA_PIT
            CODE    9DA3H     005BH     UNIT         ?PR?_UART_PUTCHAR?ZF_UART
            CODE    9DFEH     0059H     UNIT         ?PR?_IIC_WRITE_REG?ZF_IIC
            CODE    9E57H     0058H     UNIT         ?PR?_GPIO_PULL_SET?ZF_GPIO
            CODE    9EAFH     0056H     UNIT         ?PR?_PWM_DUTY?ZF_PWM
            CODE    9F05H     0052H     UNIT         ?PR?ICM20602_INIT_SIMSPI?SEEKFREE_ICM20602
            CODE    9F57H     0052H     UNIT         ?PR?_ICM_SPI_R_REG_BYTES?SEEKFREE_ICM20602
            CODE    9FA9H     0051H     UNIT         ?PR?_IPS114_SET_REGION?SEEKFREE_IPS114_SPI
            CODE    9FFAH     004DH     UNIT         ?PR?GET_ICM20602_ACCDATA_SIMIIC?SEEKFREE_ICM20602
            CODE    A047H     004DH     UNIT         ?PR?GET_ICM20602_GYRO_SIMIIC?SEEKFREE_ICM20602
            CODE    A094H     004DH     UNIT         ?PR?MPU6050_GET_ACCDATA?SEEKFREE_MPU6050
            CODE    A0E1H     004DH     UNIT         ?PR?MPU6050_GET_GYRO?SEEKFREE_MPU6050
            CODE    A12EH     004BH     UNIT         ?PR?_LCD_CLEAR?SEEKFREE_18TFT
            CODE    A179H     004AH     UNIT         ?PR?_IIC_INIT?ZF_IIC
            CODE    A1C3H     004AH     UNIT         ?PR?UARTISR?ISR
            CODE    A20DH     0049H     UNIT         ?PR?_CTIMER_COUNT_CLEAN?ZF_TIM
            CODE    A256H     0049H     UNIT         ?PR?MPU6050_INIT?SEEKFREE_MPU6050
            CODE    A29FH     0049H     UNIT         ?PR?_OLED_P6X8CHAR?OLED
            CODE    A2E8H     0048H     UNIT         ?PR?GET_ICM20602_ACCDATA_SIMSPI?SEEKFREE_ICM20602
            CODE    A330H     0048H     UNIT         ?PR?GET_ICM20602_GYRO_SIMSPI?SEEKFREE_ICM20602
            CODE    A378H     0048H     UNIT         ?PR?GET_ICM20602_ACCDATA_SPI?SEEKFREE_ICM20602
            CODE    A3C0H     0048H     UNIT         ?PR?GET_ICM20602_GYRO_SPI?SEEKFREE_ICM20602
            CODE    A408H     0047H     UNIT         ?PR?_ADC_INIT?ZF_ADC
            CODE    A44FH     0046H     UNIT         ?PR?_CTIMER_COUNT_READ?ZF_TIM
            CODE    A495H     0045H     UNIT         ?PR?_IAP_READ_BYTES?ZF_EEPROM
            CODE    A4DAH     0045H     UNIT         ?PR?_IAP_WRITE_BYTES?ZF_EEPROM
            CODE    A51FH     0044H     UNIT         ?C?LDIV
            CODE    A563H     0042H     UNIT         ?PR?_CTIMER_COUNT_INIT?ZF_TIM
            CODE    A5A5H     0042H     UNIT         ?PR?_LCD_DRAWPOINT?SEEKFREE_18TFT
            CODE    A5E7H     0042H     UNIT         ?PR?_IPS114_DRAWPOINT?SEEKFREE_IPS114_SPI
            CODE    A629H     0041H     UNIT         ?PR?ENCODER_ANGLE_SPI?SEEKFREE_ABSOLUTE_ENCODER
            CODE    A66AH     0040H     UNIT         ?PR?_ICM_SIMSPI_R_REG_BYTES?SEEKFREE_ICM20602
            CODE    A6AAH     0040H     UNIT         ?PR?_ENCODER_SIMSPI_R_REG_BYTE?SEEKFREE_ABSOLUTE_ENCODER
            CODE    A6EAH     003FH     UNIT         ?PR?_GETDATA?MPU6050
            CODE    A729H     003EH     UNIT         ?PR?CCD_COLLECT?SEEKFREE_TSL1401
            CODE    A767H     003DH     UNIT         ?PR?_ENCODER_SPI_W_REG_BYTE?SEEKFREE_ABSOLUTE_ENCODER
            CODE    A7A4H     003BH     UNIT         ?PR?WAIT?ZF_IIC
            CODE    A7DFH     003BH     UNIT         ?PR?ASIN?ASIN
            CODE    A81AH     003AH     UNIT         ?PR?_SIMIIC_READ_REG?SEEKFREE_IIC
            CODE    A854H     0038H     UNIT         ?PR?_SET_ZERO_POSITION_SPI?SEEKFREE_ABSOLUTE_ENCODER
            CODE    A88CH     0038H     UNIT         ?PR?_OLED_WRCMD?OLED
            CODE    A8C4H     0035H     UNIT         ?PR?_PWM_SET_GPIO?ZF_PWM
            CODE    A8F9H     0033H     UNIT         ?CO?MYDEBUG
            CODE    A92CH     0033H     UNIT         ?PR?_OLED_WRDAT?OLED
            CODE    A95FH     002DH     UNIT         ?PR?_READ_CH?SEEKFREE_IIC
            CODE    A98CH     002BH     UNIT         ?PR?_ADC_ONCE?ZF_ADC
            CODE    A9B7H     002BH     UNIT         ?PR?_EXIT_INIT?ZF_EXTI
            CODE    A9E2H     002BH     UNIT         ?PR?_ENCODER_SPI_R_REG_BYTE?SEEKFREE_ABSOLUTE_ENCODER
            CODE    AA0DH     002AH     UNIT         ?PR?_IPS114_WRITEDATA_16BIT?SEEKFREE_IPS114_SPI
            CODE    AA37H     0029H     UNIT         ?PR?PCA_DEALY_INIT?ZF_PCA_DELAY
            CODE    AA60H     0029H     UNIT         ?PR?BALANCE_INIT?BALANCE
            CODE    AA89H     0028H     UNIT         ?PR?_UART_PUTBUFF?ZF_UART
            CODE    AAB1H     0028H     UNIT         ?PR?_UART_PUTSTR?ZF_UART
            CODE    AAD9H     0028H     UNIT         ?PR?_SET_ZERO_POSITION_SIMSPI?SEEKFREE_ABSOLUTE_ENCODER
            CODE    AB01H     0026H     UNIT         ?PR?_SEND_CH?SEEKFREE_IIC
            CODE    AB27H     0026H     UNIT         ?PR?ENCODER_INIT_SPI?SEEKFREE_ABSOLUTE_ENCODER
BL51 BANKED LINKER/LOCATER V6.22                                                      07/03/2020  15:17:31  PAGE 8


            CODE    AB4DH     0026H     UNIT         ?PR?_PID_PARAMETER_INIT?PID
            CODE    AB73H     0025H     UNIT         ?PR?ICM20602_SELF1_CHECK?SEEKFREE_ICM20602
            CODE    AB98H     0025H     UNIT         ?PR?_SIMSPI_WR_BYTE?SEEKFREE_ABSOLUTE_ENCODER
            CODE    ABBDH     0025H     UNIT         ?PR?ENCODER_ANGLE_SIMSPI?SEEKFREE_ABSOLUTE_ENCODER
            CODE    ABE2H     0023H     UNIT         ?PR?_LCD_WRITEDATA_16BIT?SEEKFREE_18TFT
            CODE    AC05H     0022H     UNIT         ?PR?ICM20602_SELF3_CHECK?SEEKFREE_ICM20602
            CODE    AC27H     0022H     UNIT         ?PR?UART2ISR?ISR
            CODE    AC49H     0022H     UNIT         ?PR?UART3ISR?ISR
            CODE    AC6BH     0022H     UNIT         ?PR?UART4ISR?ISR
            CODE    AC8DH     0021H     UNIT         ?PR?_ENCODER_SIMSPI_W_REG_BYTE?SEEKFREE_ABSOLUTE_ENCODER
            CODE    ACAEH     0020H     UNIT         ?PR?_ICM_SIMSPI_WR_BYTE?SEEKFREE_ICM20602
            CODE    ACCEH     001FH     UNIT         ?PR?MPU6050_SELF1_CHECK?SEEKFREE_MPU6050
            CODE    ACEDH     001EH     UNIT         ?PR?SEND_ACK?ZF_IIC
            CODE    AD0BH     001DH     UNIT         ?PR?PCA_DELAY?ZF_PCA_DELAY
            CODE    AD28H     001DH     UNIT         ?PR?_ICM_SPI_R_REG_BYTE?SEEKFREE_ICM20602
            CODE    AD45H     001DH     UNIT         ?PR?_SPI_R_REG_BYTE?SEEKFREE_ABSOLUTE_ENCODER
            CODE    AD62H     001CH     UNIT         ?PR?_SIMIIC_WRITE_REG?SEEKFREE_IIC
            CODE    AD7EH     001CH     UNIT         ?PR?_OLED_SET_POS?OLED
            CODE    AD9AH     001CH     UNIT         ?PR?_OLED_FILL?OLED
            CODE    ADB6H     001BH     UNIT         ?PR?_SPI_CHANGE_MODE?ZF_SPI
            CODE    ADD1H     001AH     UNIT         ?PR?_SIMIIC_SENDACK?SEEKFREE_IIC
            CODE    ADEBH     001AH     UNIT         ?PR?_OLED_DLY_MS?OLED
            CODE    AE05H     0019H     UNIT         ?PR?_SPI_W_REG_BYTE?SEEKFREE_ABSOLUTE_ENCODER
            CODE    AE1EH     0019H     UNIT         ?PR?SEEKFREE_WIRELESS_INIT?SEEKFREE_WIRELESS
            CODE    AE37H     0019H     UNIT         ?PR?OLED_CLS?OLED
            CODE    AE50H     0018H     UNIT         ?CO?MPU6050
            CODE    AE68H     0017H     UNIT         ?PR?_DELAY_MS?ZF_DELAY
            CODE    AE7FH     0016H     UNIT         ?PR?SIMIIC_DELAY?SEEKFREE_IIC
            CODE    AE95H     0016H     UNIT         ?PR?SCCB_WAITACK?SEEKFREE_IIC
            CODE    AEABH     0015H     UNIT         ?PR?_SIMSPI_R_REG_BYTE?SEEKFREE_ABSOLUTE_ENCODER
            CODE    AEC0H     0014H     UNIT         ?PR?START?ZF_IIC
            CODE    AED4H     0014H     UNIT         ?PR?_PCA_DELAY_MS?ZF_PCA_DELAY
            CODE    AEE8H     0013H     UNIT         ?PR?_IIC_DELAY_US?ZF_IIC
            CODE    AEFBH     0013H     UNIT         ?PR?_DELAY_US2?ZF_DELAY
            CODE    AF0EH     0013H     UNIT         ?PR?ICM20602_SELF4_CHECK?SEEKFREE_ICM20602
            CODE    AF21H     0013H     UNIT         ?PR?_ENCODER_DELAY_US?SEEKFREE_ABSOLUTE_ENCODER
            CODE    AF34H     0013H     UNIT         ?PR?ENCODER_SELF4_CHECK?SEEKFREE_ABSOLUTE_ENCODER
            CODE    AF47H     0013H     UNIT         ?PR?ENCODER_SELF5_CHECK?SEEKFREE_ABSOLUTE_ENCODER
            CODE    AF5AH     0012H     UNIT         ?PR?_ICM_SPI_WR_BYTE?SEEKFREE_ICM20602
            CODE    AF6CH     0012H     UNIT         ?PR?_SPI_WR_BYTE?SEEKFREE_ABSOLUTE_ENCODER
            CODE    AF7EH     0011H     UNIT         ?PR?_PUTCHAR?BOARD
            CODE    AF8FH     0011H     UNIT         ?PR?_PCA_GET?ZF_PCA_PIT
            CODE    AFA0H     0010H     UNIT         ?PR?_IAP_ERASE_PAGE?ZF_EEPROM
            CODE    AFB0H     0010H     UNIT         ?PR?CCD_INIT?SEEKFREE_TSL1401
            CODE    AFC0H     0010H     UNIT         ?PR?ENCODER_INIT_SIMSPI?SEEKFREE_ABSOLUTE_ENCODER
            CODE    AFD0H     000FH     UNIT         ?PR?_SEND_DATA?ZF_IIC
            CODE    AFDFH     000FH     UNIT         ?PR?RECV_DATA?ZF_IIC
            CODE    AFEEH     000FH     UNIT         ?PR?SEND_NAK?ZF_IIC
            CODE    AFFDH     000FH     UNIT         ?PR?_ICM_SIMSPI_R_REG_BYTE?SEEKFREE_ICM20602
            CODE    B00CH     000FH     UNIT         ?PR?SIMIIC_START?SEEKFREE_IIC
            CODE    B01BH     000FH     UNIT         ?PR?SEND_BEGIN?MYDEBUG
            CODE    B02AH     000CH     UNIT         ?PR?IAP_GET_CMD_STATE?ZF_EEPROM
            CODE    B036H     000AH     UNIT         ?PR?RECV_ACK?ZF_IIC
            CODE    B040H     000AH     UNIT         ?PR?STOP?ZF_IIC
            CODE    B04AH     000AH     UNIT         ?PR?_PCA_CLEAN?ZF_PCA_PIT
            CODE    B054H     000AH     UNIT         ?PR?_LCD_WRITEINDEX?SEEKFREE_18TFT
            CODE    B05EH     000AH     UNIT         ?PR?_LCD_WRITEDATA?SEEKFREE_18TFT
BL51 BANKED LINKER/LOCATER V6.22                                                      07/03/2020  15:17:31  PAGE 9


            CODE    B068H     000AH     UNIT         ?PR?SIMIIC_STOP?SEEKFREE_IIC
            CODE    B072H     000AH     UNIT         ?PR?_IPS114_WRITEINDEX?SEEKFREE_IPS114_SPI
            CODE    B07CH     000AH     UNIT         ?PR?_IPS114_WRITEDATA?SEEKFREE_IPS114_SPI
            CODE    B086H     000AH     UNIT         ?PR?READ_SWITCH?SYSTEM_INIT
            CODE    B090H     0006H     UNIT         ?PR?IAP_INIT?ZF_EEPROM
            CODE    B096H     0006H     UNIT         ?CO?SEEKFREE_18TFT
            CODE    B09CH     0006H     UNIT         ?CO?SEEKFREE_IPS114_SPI
            CODE    B0A2H     0006H     UNIT         ?PR?_SIMSPI_W_REG_BYTE?SEEKFREE_ABSOLUTE_ENCODER



OVERLAY MAP OF MODULE:   .\Out_File\SEEKFREE (COMMON)


SEGMENT                                             BIT_GROUP          XDATA_GROUP
  +--> CALLED SEGMENT                            START    LENGTH     START    LENGTH
------------------------------------------------------------------------------------
?PR?PCA_ISR?ISR                                  -----    -----      -----    -----
  +--> ?PR?_PCA_RELOAD_COUNTER?ZF_PCA_PIT
  +--> ?PR?CCD_COLLECT?SEEKFREE_TSL1401

?PR?CCD_COLLECT?SEEKFREE_TSL1401                 -----    -----      0773H    0001H
  +--> ?PR?_ADC_ONCE?ZF_ADC

*** NEW ROOT ***************************************************

?PR?TM3_ISR?ISR                                  -----    -----      -----    -----
  +--> ?PR?READ_SWITCH?SYSTEM_INIT
  +--> ?PR?BALANCE_CONTROL?BALANCE

?PR?BALANCE_CONTROL?BALANCE                      -----    -----      -----    -----
  +--> ?PR?_MPU6050_GETDATA?MPU6050
  +--> ?PR?DATA_FILTER?MPU6050
  +--> ?PR?_PID_INCREASE?PID
  +--> ?PR?_RANGE_PROTECT?BALANCE
  +--> ?PR?_PID_REALIZE_D?PID
  +--> ?PR?_MOTOR_CONTROL?MYCONTROL
  +--> ?PR?_DELAY_MS?ZF_DELAY
  +--> ?PR?GET_ATTITUDE?MPU6050
  +--> ?PR?SPEED_MEASURE?MYCONTROL
  +--> ?PR?_PID_REALIZE?PID

?PR?_MPU6050_GETDATA?MPU6050                     -----    -----      07F2H    0006H
  +--> ?PR?_GETDATA?MPU6050

?PR?_GETDATA?MPU6050                             -----    -----      07F8H    0002H
  +--> ?PR?_SIMIIC_READ_REG?SEEKFREE_IIC

?PR?_SIMIIC_READ_REG?SEEKFREE_IIC                -----    -----      07FAH    0001H
  +--> ?PR?SIMIIC_START?SEEKFREE_IIC
  +--> ?PR?_SEND_CH?SEEKFREE_IIC
  +--> ?PR?SIMIIC_STOP?SEEKFREE_IIC
  +--> ?PR?_READ_CH?SEEKFREE_IIC

?PR?SIMIIC_START?SEEKFREE_IIC                    -----    -----      -----    -----
  +--> ?PR?SIMIIC_DELAY?SEEKFREE_IIC

BL51 BANKED LINKER/LOCATER V6.22                                                      07/03/2020  15:17:31  PAGE 10


?PR?_SEND_CH?SEEKFREE_IIC                        -----    -----      -----    -----
  +--> ?PR?SIMIIC_DELAY?SEEKFREE_IIC
  +--> ?PR?SCCB_WAITACK?SEEKFREE_IIC

?PR?SCCB_WAITACK?SEEKFREE_IIC                    -----    -----      -----    -----
  +--> ?PR?SIMIIC_DELAY?SEEKFREE_IIC

?PR?SIMIIC_STOP?SEEKFREE_IIC                     -----    -----      -----    -----
  +--> ?PR?SIMIIC_DELAY?SEEKFREE_IIC

?PR?_READ_CH?SEEKFREE_IIC                        -----    -----      -----    -----
  +--> ?PR?SIMIIC_DELAY?SEEKFREE_IIC
  +--> ?PR?_SIMIIC_SENDACK?SEEKFREE_IIC

?PR?_SIMIIC_SENDACK?SEEKFREE_IIC                 -----    -----      -----    -----
  +--> ?PR?SIMIIC_DELAY?SEEKFREE_IIC

?PR?DATA_FILTER?MPU6050                          -----    -----      0774H    0019H

?PR?_PID_INCREASE?PID                            -----    -----      0774H    0016H

?PR?_RANGE_PROTECT?BALANCE                       -----    -----      077CH    000CH

?PR?_PID_REALIZE_D?PID                           -----    -----      0774H    001AH

?PR?_MOTOR_CONTROL?MYCONTROL                     -----    -----      0774H    0008H
  +--> ?PR?_RANGE_PROTECT?BALANCE
  +--> ?PR?_PWM_DUTY?ZF_PWM

?PR?_PWM_DUTY?ZF_PWM                             -----    -----      077CH    0001H

?PR?GET_ATTITUDE?MPU6050                         -----    -----      -----    -----
  +--> ?PR?_IMUUPDATE?MPU6050

?PR?_IMUUPDATE?MPU6050                           -----    -----      07D8H    0054H
  +--> ?PR?SQRT?SQRT
  +--> ?PR?ASIN?ASIN
  +--> ?PR?_ATAN2?ATAN2

?PR?SQRT?SQRT                                    -----    -----      082CH    0004H

?PR?ASIN?ASIN                                    -----    -----      -----    -----
  +--> ?PR?SQRT?SQRT
  +--> ?PR?ATAN?ATAN

?PR?ATAN?ATAN                                    0020H.2  0000H.2    0834H    0004H

?PR?_ATAN2?ATAN2                                 -----    -----      082CH    0008H
  +--> ?PR?ATAN?ATAN

?PR?SPEED_MEASURE?MYCONTROL                      -----    -----      -----    -----
  +--> ?PR?_CTIMER_COUNT_READ?ZF_TIM
  +--> ?PR?_CTIMER_COUNT_CLEAN?ZF_TIM
  +--> ?PR?_RANGE_PROTECT?BALANCE

?PR?_PID_REALIZE?PID                             -----    -----      07D8H    0016H

BL51 BANKED LINKER/LOCATER V6.22                                                      07/03/2020  15:17:31  PAGE 11


*** NEW ROOT ***************************************************

?C_C51STARTUP                                    -----    -----      -----    -----
  +--> ?PR?MAIN?MAIN
  +--> ?C_INITSEG

?PR?MAIN?MAIN                                    -----    -----      -----    -----
  +--> ?PR?DISABLEGLOBALIRQ?BOARD
  +--> ?PR?BOARD_INIT?BOARD
  +--> ?PR?SYSTEM_INIT?SYSTEM_INIT
  +--> ?PR?ENABLEGLOBALIRQ?BOARD
  +--> ?PR?AD_LVBO?MYCONTROL
  +--> ?PR?_RANGE_PROTECT_MAIN?BALANCE
  +--> ?PR?_PLACEPID_CONTROL?PID
  +--> ?PR?SEND_BEGIN?MYDEBUG
  +--> ?PR?TESTDATA_GENERATE?MYDEBUG
  +--> ?PR?SEND_VARIABLE?MYDEBUG

?PR?BOARD_INIT?BOARD                             -----    -----      -----    -----
  +--> ?PR?GET_CLK?BOARD
  +--> ?PR?PCA_DEALY_INIT?ZF_PCA_DELAY
  +--> ?PR?_UART_INIT?ZF_UART

?PR?GET_CLK?BOARD                                -----    -----      07D4H    0004H

?PR?_UART_INIT?ZF_UART                           -----    -----      07D8H    0008H

?PR?SYSTEM_INIT?SYSTEM_INIT                      -----    -----      07D4H    0004H
  +--> ?PR?_GPIO_MODE?ZF_GPIO
  +--> ?PR?_PID_PARAMETER_INIT?PID
  +--> ?PR?_PWM_INIT?ZF_PWM
  +--> ?PR?_UART_INIT?ZF_UART
  +--> ?PR?_PIT_TIMER_MS?ZF_TIM
  +--> ?PR?_GPIO_PULL_SET?ZF_GPIO
  +--> ?PR?_CTIMER_COUNT_INIT?ZF_TIM
  +--> ?PR?_ADC_INIT?ZF_ADC
  +--> ?PR?_ADC_ONCE?ZF_ADC
  +--> ?PR?MY_MPU6050_INIT?MPU6050
  +--> ?PR?GET_ATTITUDE?MPU6050
  +--> ?PR?_PID_REALIZE?PID

?PR?_PWM_INIT?ZF_PWM                             -----    -----      07D8H    000AH
  +--> ?PR?_PWM_SET_GPIO?ZF_PWM

?PR?_PWM_SET_GPIO?ZF_PWM                         -----    -----      07E2H    0001H
  +--> ?PR?_GPIO_MODE?ZF_GPIO

?PR?_PIT_TIMER_MS?ZF_TIM                         -----    -----      07D8H    0001H

?PR?MY_MPU6050_INIT?MPU6050                      -----    -----      -----    -----
  +--> ?PR?_SIMIIC_WRITE_REG?SEEKFREE_IIC
  +--> ?PR?_DELAY_MS?ZF_DELAY
  +--> ?PR?_SIMIIC_READ_REG?SEEKFREE_IIC
  +--> ?PR?MPU6050_OFFSET?MPU6050
  +--> ?PR?BALANCE_INIT?BALANCE

?PR?_SIMIIC_WRITE_REG?SEEKFREE_IIC               -----    -----      07D8H    0001H
BL51 BANKED LINKER/LOCATER V6.22                                                      07/03/2020  15:17:31  PAGE 12


  +--> ?PR?SIMIIC_START?SEEKFREE_IIC
  +--> ?PR?_SEND_CH?SEEKFREE_IIC
  +--> ?PR?SIMIIC_STOP?SEEKFREE_IIC

?PR?MPU6050_OFFSET?MPU6050                       -----    -----      07D8H    001AH
  +--> ?CO?MPU6050
  +--> ?PR?_MPU6050_GETDATA?MPU6050
  +--> ?PR?_DELAY_MS?ZF_DELAY

?PR?AD_LVBO?MYCONTROL                            -----    -----      07D4H    0066H
  +--> ?PR?_ADC_ONCE?ZF_ADC

?PR?_RANGE_PROTECT_MAIN?BALANCE                  -----    -----      07EEH    000CH

?PR?_PLACEPID_CONTROL?PID                        -----    -----      07D4H    001AH
  +--> ?PR?_RANGE_PROTECT_MAIN?BALANCE

?PR?SEND_BEGIN?MYDEBUG                           -----    -----      -----    -----
  +--> ?PR?_MY_PUTCHAR?MYDEBUG

?PR?_MY_PUTCHAR?MYDEBUG                          -----    -----      -----    -----
  +--> ?PR?_UART_PUTCHAR?ZF_UART

?PR?SEND_VARIABLE?MYDEBUG                        -----    -----      07D4H    0007H
  +--> ?PR?_MY_PUTCHAR?MYDEBUG



SYMBOL TABLE OF MODULE:  .\Out_File\SEEKFREE (COMMON)

  VALUE           TYPE          NAME
  ----------------------------------

  -------         MODULE        COMMON
  C:0000H         SYMBOL        _ICE_DUMMY_
  D:0080H         PUBLIC        P0
  D:0090H         PUBLIC        P1
  D:00A0H         PUBLIC        P2
  D:00B0H         PUBLIC        P3
  D:00C0H         PUBLIC        P4
  D:00C8H         PUBLIC        P5
  D:00E8H         PUBLIC        P6
  D:00F8H         PUBLIC        P7
  D:00A8H         PUBLIC        IE
  D:00B8H         PUBLIC        IP
  D:00D8H         PUBLIC        CCON
  D:0098H         PUBLIC        SCON
  D:0088H         PUBLIC        TCON
  D:00D0H         PUBLIC        PSW
  -------         ENDMOD        COMMON

  -------         MODULE        BOARD
  C:0000H         SYMBOL        _ICE_DUMMY_
  D:0092H         PUBLIC        P1M0
  D:0093H         PUBLIC        P0M1
  D:0096H         PUBLIC        P2M0
  D:0091H         PUBLIC        P1M1
BL51 BANKED LINKER/LOCATER V6.22                                                      07/03/2020  15:17:31  PAGE 13


  D:0080H         PUBLIC        P0
  D:00B2H         PUBLIC        P3M0
  D:0095H         PUBLIC        P2M1
  D:0090H         PUBLIC        P1
  D:00B4H         PUBLIC        P4M0
  D:00B1H         PUBLIC        P3M1
  D:00A0H         PUBLIC        P2
  D:00CAH         PUBLIC        P5M0
  D:00B3H         PUBLIC        P4M1
  D:00B0H         PUBLIC        P3
  D:00CCH         PUBLIC        P6M0
  D:00C9H         PUBLIC        P5M1
  D:00C0H         PUBLIC        P4
  D:00E2H         PUBLIC        P7M0
  D:00CBH         PUBLIC        P6M1
  D:00C8H         PUBLIC        P5
  B:00A8H.7       PUBLIC        EA
  D:00E1H         PUBLIC        P7M1
  D:00E8H         PUBLIC        P6
  D:00F8H         PUBLIC        P7
  D:00F9H         PUBLIC        CH
  D:00A2H         PUBLIC        P_SW1
  D:00BAH         PUBLIC        P_SW2
  C:0086H         PUBLIC        EnableGlobalIRQ
  D:00A8H         PUBLIC        IE
  D:00E9H         PUBLIC        CL
  D:00B8H         PUBLIC        IP
  D:00DEH         PUBLIC        ADCCFG
  C:9C81H         PUBLIC        board_init
  D:00D9H         PUBLIC        CMOD
  D:00D8H         PUBLIC        CCON
  D:0098H         PUBLIC        SCON
  D:0089H         PUBLIC        TMOD
  D:0088H         PUBLIC        TCON
  D:00AFH         PUBLIC        IE2
  D:008EH         PUBLIC        AUXR
  D:009FH         PUBLIC        IRTRIM
  C:699FH         PUBLIC        get_clk
  D:009AH         PUBLIC        S2CON
  D:00ACH         PUBLIC        S3CON
  D:0084H         PUBLIC        S4CON
  D:00D0H         PUBLIC        PSW
  C:0056H         PUBLIC        DisableGlobalIRQ
  C:AF7EH         PUBLIC        _putchar
  X:0BE1H         PUBLIC        sys_clk
  D:0094H         PUBLIC        P0M0
  -------         PROC          GET_CLK
  -------         DO            
  X:07D4H         SYMBOL        temp_count
  -------         ENDDO         
  C:699FH         LINE#         42
  C:699FH         LINE#         43
  C:699FH         LINE#         46
  C:69A2H         LINE#         48
  C:69CCH         LINE#         49
  C:69F0H         LINE#         51
  C:6A0CH         LINE#         52
BL51 BANKED LINKER/LOCATER V6.22                                                      07/03/2020  15:17:31  PAGE 14


  C:6A15H         LINE#         53
  C:6A31H         LINE#         54
  C:6A3AH         LINE#         55
  C:6A56H         LINE#         56
  C:6A5FH         LINE#         57
  C:6A7BH         LINE#         58
  C:6A84H         LINE#         59
  C:6AA0H         LINE#         60
  C:6AA9H         LINE#         61
  C:6AC5H         LINE#         62
  C:6ACEH         LINE#         63
  C:6AEAH         LINE#         64
  C:6AF3H         LINE#         65
  C:6B0FH         LINE#         66
  C:6B18H         LINE#         67
  C:6B34H         LINE#         68
  C:6B3DH         LINE#         69
  C:6B59H         LINE#         70
  C:6B62H         LINE#         71
  C:6B7EH         LINE#         72
  C:6B87H         LINE#         74
  C:6B8FH         LINE#         76
  -------         ENDPROC       GET_CLK
  -------         PROC          BOARD_INIT
  C:9C81H         LINE#         84
  C:9C81H         LINE#         85
  C:9C81H         LINE#         88
  C:9C8AH         LINE#         102
  C:9C8DH         LINE#         103
  C:9C8FH         LINE#         104
  C:9C91H         LINE#         105
  C:9C93H         LINE#         106
  C:9C95H         LINE#         107
  C:9C97H         LINE#         108
  C:9C99H         LINE#         109
  C:9C9BH         LINE#         110
  C:9C9DH         LINE#         111
  C:9C9FH         LINE#         112
  C:9CA1H         LINE#         113
  C:9CA3H         LINE#         114
  C:9CA5H         LINE#         115
  C:9CA7H         LINE#         116
  C:9CA9H         LINE#         117
  C:9CABH         LINE#         119
  C:9CADH         LINE#         120
  C:9CAFH         LINE#         121
  C:9CB1H         LINE#         122
  C:9CB3H         LINE#         123
  C:9CB5H         LINE#         124
  C:9CB7H         LINE#         125
  C:9CB9H         LINE#         126
  C:9CBBH         LINE#         127
  C:9CBDH         LINE#         128
  C:9CBFH         LINE#         129
  C:9CC1H         LINE#         130
  C:9CC3H         LINE#         131
  C:9CC5H         LINE#         132
BL51 BANKED LINKER/LOCATER V6.22                                                      07/03/2020  15:17:31  PAGE 15


  C:9CC7H         LINE#         133
  C:9CCAH         LINE#         135
  -------         ENDPROC       BOARD_INIT
  -------         PROC          _PUTCHAR
  X:0C14H         SYMBOL        c
  C:AF7EH         LINE#         141
  C:AF83H         LINE#         142
  C:AF83H         LINE#         143
  C:AF89H         LINE#         144
  C:AF8EH         LINE#         145
  -------         ENDPROC       _PUTCHAR
  -------         PROC          DISABLEGLOBALIRQ
  C:0056H         LINE#         155
  C:0056H         LINE#         156
  C:0056H         LINE#         157
  C:0058H         LINE#         158
  -------         ENDPROC       DISABLEGLOBALIRQ
  -------         PROC          ENABLEGLOBALIRQ
  C:0086H         LINE#         166
  C:0086H         LINE#         167
  C:0086H         LINE#         168
  C:0088H         LINE#         169
  -------         ENDPROC       ENABLEGLOBALIRQ
  -------         ENDMOD        BOARD

  -------         MODULE        ZF_SPI
  C:0000H         SYMBOL        _ICE_DUMMY_
  D:0080H         PUBLIC        P0
  D:0090H         PUBLIC        P1
  D:00A0H         PUBLIC        P2
  D:00B0H         PUBLIC        P3
  D:00C0H         PUBLIC        P4
  D:00C8H         PUBLIC        P5
  D:00E8H         PUBLIC        P6
  D:00F8H         PUBLIC        P7
  D:00CEH         PUBLIC        SPCTL
  D:00A2H         PUBLIC        P_SW1
  D:00A8H         PUBLIC        IE
  D:00B8H         PUBLIC        IP
  C:ADB6H         PUBLIC        _spi_change_mode
  D:00D8H         PUBLIC        CCON
  D:0098H         PUBLIC        SCON
  D:0088H         PUBLIC        TCON
  C:8516H         PUBLIC        _spi_change_pin
  D:00CDH         PUBLIC        SPSTAT
  C:8ABAH         PUBLIC        _spi_init
  C:0006H         PUBLIC        _spi_mosi
  D:00D0H         PUBLIC        PSW
  D:00CFH         PUBLIC        SPDAT
  -------         PROC          _SPI_INIT
  X:0B37H         SYMBOL        spi_n
  X:0B38H         SYMBOL        sck_pin
  X:0B39H         SYMBOL        mosi_pin
  X:0B3AH         SYMBOL        miso_pin
  X:0B3BH         SYMBOL        mode
  X:0B3CH         SYMBOL        mstr
  X:0B3DH         SYMBOL        baud
BL51 BANKED LINKER/LOCATER V6.22                                                      07/03/2020  15:17:31  PAGE 16


  C:8ABAH         LINE#         37
  C:8ABFH         LINE#         44
  C:8ABFH         LINE#         46
  C:8ABFH         LINE#         47
  C:8ABFH         LINE#         48
  C:8ABFH         LINE#         51
  C:8ACCH         LINE#         52
  C:8ACCH         LINE#         54
  C:8ACCH         LINE#         55
  C:8AD3H         LINE#         56
  C:8ADAH         LINE#         57
  C:8ADEH         LINE#         58
  C:8AE0H         LINE#         59
  C:8AE0H         LINE#         60
  C:8AE7H         LINE#         61
  C:8AEEH         LINE#         62
  C:8AF2H         LINE#         63
  C:8AF4H         LINE#         64
  C:8AF4H         LINE#         65
  C:8AFBH         LINE#         66
  C:8B02H         LINE#         67
  C:8B06H         LINE#         68
  C:8B08H         LINE#         69
  C:8B08H         LINE#         70
  C:8B0FH         LINE#         71
  C:8B16H         LINE#         72
  C:8B1DH         LINE#         73
  C:8B1DH         LINE#         74
  C:8B1DH         LINE#         76
  C:8B20H         LINE#         77
  C:8B2FH         LINE#         78
  C:8B2FH         LINE#         79
  C:8B2FH         LINE#         80
  C:8B2FH         LINE#         81
  C:8B31H         LINE#         82
  C:8B31H         LINE#         83
  C:8B34H         LINE#         84
  C:8B36H         LINE#         85
  C:8B36H         LINE#         86
  C:8B39H         LINE#         87
  C:8B3BH         LINE#         88
  C:8B3BH         LINE#         89
  C:8B3EH         LINE#         90
  C:8B3EH         LINE#         91
  C:8B3EH         LINE#         93
  C:8B41H         LINE#         94
  C:8B50H         LINE#         95
  C:8B50H         LINE#         96
  C:8B50H         LINE#         98
  C:8B50H         LINE#         99
  C:8B50H         LINE#         100
  C:8B53H         LINE#         101
  C:8B55H         LINE#         102
  C:8B55H         LINE#         103
  C:8B58H         LINE#         104
  C:8B5AH         LINE#         105
  C:8B5AH         LINE#         106
BL51 BANKED LINKER/LOCATER V6.22                                                      07/03/2020  15:17:31  PAGE 17


  C:8B5DH         LINE#         107
  C:8B5DH         LINE#         108
  C:8B5DH         LINE#         111
  C:8B63H         LINE#         113
  C:8B69H         LINE#         114
  C:8B69H         LINE#         115
  C:8B6CH         LINE#         116
  C:8B6FH         LINE#         117
  C:8B6FH         LINE#         119
  C:8B6FH         LINE#         121
  C:8B6FH         LINE#         122
  C:8B72H         LINE#         123
  -------         ENDPROC       _SPI_INIT
  -------         PROC          _SPI_MOSI
  D:0007H         SYMBOL        dat
  C:0006H         LINE#         134
  C:0006H         LINE#         135
  C:0006H         LINE#         136
  C:0008H         LINE#         137
  C:000DH         LINE#         138
  C:0010H         LINE#         139
  C:0012H         LINE#         140
  -------         ENDPROC       _SPI_MOSI
  -------         PROC          _SPI_CHANGE_PIN
  X:0BE5H         SYMBOL        spi_n
  X:0BE6H         SYMBOL        sck_pin
  X:0BE7H         SYMBOL        mosi_pin
  X:0BE8H         SYMBOL        miso_pin
  C:8516H         LINE#         151
  C:851BH         LINE#         152
  C:851BH         LINE#         153
  C:851BH         LINE#         154
  C:851BH         LINE#         155
  C:851BH         LINE#         157
  C:852EH         LINE#         158
  C:852EH         LINE#         160
  C:852EH         LINE#         161
  C:8535H         LINE#         162
  C:853CH         LINE#         163
  C:8543H         LINE#         164
  C:854AH         LINE#         165
  C:8551H         LINE#         166
  C:8555H         LINE#         167
  C:8557H         LINE#         168
  C:8557H         LINE#         169
  C:855EH         LINE#         170
  C:8565H         LINE#         171
  C:856CH         LINE#         172
  C:8573H         LINE#         173
  C:857AH         LINE#         174
  C:857EH         LINE#         175
  C:8580H         LINE#         176
  C:8580H         LINE#         177
  C:8587H         LINE#         178
  C:858EH         LINE#         179
  C:8595H         LINE#         180
  C:859CH         LINE#         181
BL51 BANKED LINKER/LOCATER V6.22                                                      07/03/2020  15:17:31  PAGE 18


  C:85A3H         LINE#         182
  C:85A7H         LINE#         183
  C:85A9H         LINE#         184
  C:85A9H         LINE#         185
  C:85B0H         LINE#         186
  C:85B7H         LINE#         187
  C:85BEH         LINE#         188
  C:85C5H         LINE#         189
  C:85CCH         LINE#         190
  C:85D3H         LINE#         191
  C:85D3H         LINE#         192
  C:85D3H         LINE#         194
  C:85D6H         LINE#         195
  C:85E5H         LINE#         196
  C:85E5H         LINE#         197
  C:85E5H         LINE#         198
  C:85E5H         LINE#         199
  C:85E6H         LINE#         200
  C:85E6H         LINE#         201
  C:85E9H         LINE#         202
  C:85EAH         LINE#         203
  C:85EAH         LINE#         204
  C:85EDH         LINE#         205
  C:85EEH         LINE#         206
  C:85EEH         LINE#         207
  C:85F1H         LINE#         208
  C:85F1H         LINE#         209
  C:85F1H         LINE#         210
  -------         ENDPROC       _SPI_CHANGE_PIN
  -------         PROC          _SPI_CHANGE_MODE
  D:0007H         SYMBOL        mode
  C:ADB6H         LINE#         218
  C:ADB6H         LINE#         219
  C:ADB6H         LINE#         220
  C:ADB9H         LINE#         221
  C:ADC5H         LINE#         222
  C:ADC5H         LINE#         223
  C:ADC5H         LINE#         225
  C:ADC5H         LINE#         226
  C:ADC5H         LINE#         227
  C:ADC8H         LINE#         228
  C:ADC9H         LINE#         229
  C:ADC9H         LINE#         230
  C:ADCCH         LINE#         231
  C:ADCDH         LINE#         232
  C:ADCDH         LINE#         233
  C:ADD0H         LINE#         234
  C:ADD0H         LINE#         235
  C:ADD0H         LINE#         236
  -------         ENDPROC       _SPI_CHANGE_MODE
  -------         ENDMOD        ZF_SPI

  -------         MODULE        ZF_IIC
  C:0000H         SYMBOL        _ICE_DUMMY_
  D:0080H         PUBLIC        P0
  D:0090H         PUBLIC        P1
  D:00A0H         PUBLIC        P2
BL51 BANKED LINKER/LOCATER V6.22                                                      07/03/2020  15:17:31  PAGE 19


  D:00B0H         PUBLIC        P3
  D:00C0H         PUBLIC        P4
  D:00C8H         PUBLIC        P5
  D:00E8H         PUBLIC        P6
  D:00F8H         PUBLIC        P7
  D:00BAH         PUBLIC        P_SW2
  D:00A8H         PUBLIC        IE
  D:00B8H         PUBLIC        IP
  D:00D8H         PUBLIC        CCON
  C:AFD4H         PUBLIC        _send_data
  C:005EH         PUBLIC        _iic_change_pin
  C:AFDFH         PUBLIC        recv_data
  C:AECEH         PUBLIC        start
  D:0098H         PUBLIC        SCON
  D:0088H         PUBLIC        TCON
  C:A7A8H         PUBLIC        wait
  C:ACFCH         PUBLIC        send_ack
  C:B036H         PUBLIC        recv_ack
  C:B040H         PUBLIC        stop
  C:AFEEH         PUBLIC        send_nak
  C:A179H         PUBLIC        _iic_init
  C:9A74H         PUBLIC        _iic_read_reg
  C:939BH         PUBLIC        _iic_read_reg_bytes
  C:9DFEH         PUBLIC        _iic_write_reg
  C:AEE8H         PUBLIC        _iic_delay_us
  D:00D0H         PUBLIC        PSW
  -------         PROC          _IIC_DELAY_US
  D:0006H         SYMBOL        x
  -------         DO            
  D:0005H         SYMBOL        i
  -------         ENDDO         
  C:AEE8H         LINE#         30
  C:AEE8H         LINE#         31
  C:AEE8H         LINE#         33
  C:AEF2H         LINE#         34
  C:AEF2H         LINE#         35
  C:AEF4H         LINE#         36
  C:AEFAH         LINE#         38
  -------         ENDPROC       _IIC_DELAY_US
  -------         PROC          L?0064
  -------         ENDPROC       L?0064
  -------         PROC          WAIT
  -------         DO            
  X:0C06H         SYMBOL        count
  D:0004H         SYMBOL        ret
  -------         ENDDO         
  C:A7A8H         LINE#         47
  C:A7A8H         LINE#         48
  C:A7A8H         LINE#         49
  C:A7AFH         LINE#         50
  C:A7B0H         LINE#         51
  C:A7B7H         LINE#         52
  C:A7B7H         LINE#         53
  C:A7BEH         LINE#         54
  C:A7D3H         LINE#         55
  C:A7D3H         LINE#         56
  C:A7D5H         LINE#         57
BL51 BANKED LINKER/LOCATER V6.22                                                      07/03/2020  15:17:31  PAGE 20


  C:A7D5H         LINE#         58
  C:A7D5H         LINE#         59
  C:A7D5H         LINE#         60
  C:A7DCH         LINE#         61
  C:A7DEH         LINE#         62
  -------         ENDPROC       WAIT
  -------         PROC          L?0065
  -------         ENDPROC       L?0065
  -------         PROC          START
  -------         DO            
  D:0007H         SYMBOL        ret
  -------         ENDDO         
  C:AECEH         LINE#         70
  C:AECEH         LINE#         71
  C:AECEH         LINE#         73
  C:AED0H         LINE#         74
  C:AED3H         LINE#         75
  C:AED3H         LINE#         76
  -------         ENDPROC       START
  C:AFD0H         SYMBOL        L?0067
  -------         PROC          L?0066
  -------         ENDPROC       L?0066
  C:AFD0H         SYMBOL        L?0067
  -------         PROC          _SEND_DATA
  D:0007H         SYMBOL        dat
  -------         DO            
  D:0007H         SYMBOL        ret
  -------         ENDDO         
  C:AFD4H         LINE#         84
  C:AFD4H         LINE#         85
  C:AFD4H         LINE#         87
  C:AFD9H         LINE#         88
  C:AFDBH         LINE#         89
  C:AFDEH         LINE#         90
  C:AFDEH         LINE#         91
  -------         ENDPROC       _SEND_DATA
  -------         PROC          RECV_ACK
  -------         DO            
  D:0007H         SYMBOL        ret
  -------         ENDDO         
  C:B036H         LINE#         99
  C:B036H         LINE#         100
  C:B036H         LINE#         102
  C:B03CH         LINE#         103
  C:B03FH         LINE#         104
  C:B03FH         LINE#         105
  -------         ENDPROC       RECV_ACK
  -------         PROC          RECV_DATA
  C:AFDFH         LINE#         113
  C:AFDFH         LINE#         114
  C:AFDFH         LINE#         115
  C:AFE5H         LINE#         116
  C:AFE8H         LINE#         117
  C:AFEDH         LINE#         118
  -------         ENDPROC       RECV_DATA
  C:ACF0H         SYMBOL        L?0063
  -------         PROC          L?0062
BL51 BANKED LINKER/LOCATER V6.22                                                      07/03/2020  15:17:31  PAGE 21


  -------         ENDPROC       L?0062
  C:ACF0H         SYMBOL        L?0063
  -------         PROC          SEND_ACK
  -------         DO            
  D:0007H         SYMBOL        ret
  -------         ENDDO         
  C:ACFCH         LINE#         126
  C:ACFCH         LINE#         127
  C:ACFCH         LINE#         129
  C:AD01H         LINE#         130
  C:AD07H         LINE#         131
  C:AD0AH         LINE#         132
  C:AD0AH         LINE#         133
  -------         ENDPROC       SEND_ACK
  -------         PROC          SEND_NAK
  C:AFEEH         LINE#         141
  C:AFEEH         LINE#         142
  C:AFEEH         LINE#         143
  C:AFF4H         LINE#         144
  C:AFFAH         LINE#         145
  -------         ENDPROC       SEND_NAK
  -------         PROC          STOP
  -------         DO            
  D:0007H         SYMBOL        ret
  -------         ENDDO         
  C:B040H         LINE#         154
  C:B040H         LINE#         155
  C:B040H         LINE#         157
  C:B046H         LINE#         158
  C:B049H         LINE#         159
  C:B049H         LINE#         160
  -------         ENDPROC       STOP
  -------         PROC          _IIC_INIT
  D:0007H         SYMBOL        iic_n
  X:0B3FH         SYMBOL        scl_pin
  X:0B40H         SYMBOL        sda_pin
  X:0B41H         SYMBOL        wait_time
  C:A179H         LINE#         171
  C:A179H         LINE#         172
  C:A179H         LINE#         173
  C:A179H         LINE#         174
  C:A179H         LINE#         176
  C:A17CH         LINE#         178
  C:A17FH         LINE#         179
  C:A18BH         LINE#         180
  C:A18BH         LINE#         181
  C:A18BH         LINE#         182
  C:A18BH         LINE#         183
  C:A18DH         LINE#         184
  C:A18DH         LINE#         185
  C:A190H         LINE#         186
  C:A192H         LINE#         187
  C:A192H         LINE#         188
  C:A195H         LINE#         189
  C:A197H         LINE#         190
  C:A197H         LINE#         191
  C:A19AH         LINE#         192
BL51 BANKED LINKER/LOCATER V6.22                                                      07/03/2020  15:17:31  PAGE 22


  C:A19AH         LINE#         193
  C:A19AH         LINE#         196
  C:A1A1H         LINE#         197
  C:A1A5H         LINE#         198
  C:A1BAH         LINE#         199
  C:A1BFH         LINE#         201
  C:A1C2H         LINE#         202
  -------         ENDPROC       _IIC_INIT
  -------         PROC          _IIC_WRITE_REG
  X:0C15H         SYMBOL        dev_add
  D:0001H         SYMBOL        reg
  D:0003H         SYMBOL        dat
  C:9DFEH         LINE#         213
  C:9E05H         LINE#         214
  C:9E05H         LINE#         215
  C:9E0BH         LINE#         216
  C:9E0EH         LINE#         217
  C:9E17H         LINE#         218
  C:9E1AH         LINE#         219
  C:9E20H         LINE#         220
  C:9E23H         LINE#         221
  C:9E2BH         LINE#         222
  C:9E2EH         LINE#         223
  C:9E34H         LINE#         224
  C:9E37H         LINE#         225
  C:9E3FH         LINE#         226
  C:9E42H         LINE#         227
  C:9E48H         LINE#         228
  C:9E4BH         LINE#         229
  C:9E51H         LINE#         230
  C:9E54H         LINE#         233
  C:9E56H         LINE#         234
  -------         ENDPROC       _IIC_WRITE_REG
  -------         PROC          _IIC_READ_REG
  X:0BCDH         SYMBOL        dev_add
  X:0BCEH         SYMBOL        reg
  X:0BCFH         SYMBOL        dat
  C:9A74H         LINE#         245
  C:9A77H         LINE#         246
  C:9A77H         LINE#         248
  C:9A7DH         LINE#         249
  C:9A80H         LINE#         251
  C:9A89H         LINE#         252
  C:9A8CH         LINE#         253
  C:9A92H         LINE#         254
  C:9A95H         LINE#         256
  C:9AA0H         LINE#         257
  C:9AA3H         LINE#         258
  C:9AA9H         LINE#         259
  C:9AACH         LINE#         265
  C:9ABBH         LINE#         266
  C:9ABEH         LINE#         268
  C:9AC4H         LINE#         269
  C:9AC7H         LINE#         271
  C:9ACDH         LINE#         273
  C:9AD3H         LINE#         274
  C:9AD6H         LINE#         276
BL51 BANKED LINKER/LOCATER V6.22                                                      07/03/2020  15:17:31  PAGE 23


  C:9ADCH         LINE#         277
  C:9ADFH         LINE#         279
  C:9AE1H         LINE#         280
  -------         ENDPROC       _IIC_READ_REG
  -------         PROC          _IIC_READ_REG_BYTES
  X:0B61H         SYMBOL        dev_add
  X:0B62H         SYMBOL        reg
  X:0B63H         SYMBOL        dat
  X:0B66H         SYMBOL        num
  C:939BH         LINE#         292
  C:939EH         LINE#         293
  C:939EH         LINE#         295
  C:93A4H         LINE#         296
  C:93A7H         LINE#         298
  C:93B0H         LINE#         299
  C:93B3H         LINE#         300
  C:93B9H         LINE#         301
  C:93BCH         LINE#         303
  C:93C7H         LINE#         304
  C:93CAH         LINE#         305
  C:93D0H         LINE#         306
  C:93D3H         LINE#         308
  C:93E2H         LINE#         309
  C:93E5H         LINE#         310
  C:93EBH         LINE#         311
  C:93EEH         LINE#         313
  C:93F6H         LINE#         314
  C:93F6H         LINE#         315
  C:93F9H         LINE#         316
  C:93FFH         LINE#         317
  C:93FFH         LINE#         318
  C:9402H         LINE#         319
  C:9402H         LINE#         320
  C:940CH         LINE#         321
  C:940EH         LINE#         323
  C:9411H         LINE#         325
  C:9417H         LINE#         326
  C:941AH         LINE#         328
  C:9420H         LINE#         329
  C:9423H         LINE#         331
  C:9425H         LINE#         332
  -------         ENDPROC       _IIC_READ_REG_BYTES
  -------         PROC          _IIC_CHANGE_PIN
  D:0007H         SYMBOL        iic_n
  X:0001H         SYMBOL        scl_pin
  X:0002H         SYMBOL        sda_pin
  C:005EH         LINE#         341
  C:005EH         LINE#         342
  C:005EH         LINE#         343
  C:005EH         LINE#         344
  C:005EH         LINE#         345
  C:0061H         LINE#         347
  C:0064H         LINE#         348
  C:0070H         LINE#         349
  C:0070H         LINE#         350
  C:0070H         LINE#         351
  C:0070H         LINE#         352
BL51 BANKED LINKER/LOCATER V6.22                                                      07/03/2020  15:17:31  PAGE 24


  C:0072H         LINE#         353
  C:0072H         LINE#         354
  C:0075H         LINE#         355
  C:0077H         LINE#         356
  C:0077H         LINE#         357
  C:007AH         LINE#         358
  C:007CH         LINE#         359
  C:007CH         LINE#         360
  C:007FH         LINE#         361
  C:007FH         LINE#         362
  C:007FH         LINE#         364
  C:0082H         LINE#         366
  -------         ENDPROC       _IIC_CHANGE_PIN
  -------         ENDMOD        ZF_IIC

  -------         MODULE        ZF_UART
  C:0000H         SYMBOL        _ICE_DUMMY_
  D:0080H         PUBLIC        P0
  D:0090H         PUBLIC        P1
  D:00A0H         PUBLIC        P2
  D:00CAH         PUBLIC        P5M0
  D:00B0H         PUBLIC        P3
  D:00C9H         PUBLIC        P5M1
  D:00C0H         PUBLIC        P4
  D:00C8H         PUBLIC        P5
  D:00E8H         PUBLIC        P6
  D:00F8H         PUBLIC        P7
  D:00A2H         PUBLIC        P_SW1
  D:00BAH         PUBLIC        P_SW2
  D:00A8H         PUBLIC        IE
  B:00A8H.4       PUBLIC        ES
  D:00B8H         PUBLIC        IP
  C:9DB2H         PUBLIC        _uart_putchar
  C:AA89H         PUBLIC        _uart_putbuff
  D:00D8H         PUBLIC        CCON
  D:0099H         PUBLIC        SBUF
  D:0098H         PUBLIC        SCON
  D:0089H         PUBLIC        TMOD
  D:0088H         PUBLIC        TCON
  D:00AFH         PUBLIC        IE2
  X:06A6H         PUBLIC        uart1_rx_buff
  D:008EH         PUBLIC        AUXR
  X:070AH         PUBLIC        uart1_tx_buff
  X:076EH         PUBLIC        busy
  D:008DH         PUBLIC        TH1
  D:00D6H         PUBLIC        T2H
  D:00D4H         PUBLIC        T3H
  D:00D2H         PUBLIC        T4H
  D:008BH         PUBLIC        TL1
  D:00D7H         PUBLIC        T2L
  D:00D5H         PUBLIC        T3L
  D:00D3H         PUBLIC        T4L
  C:AAB1H         PUBLIC        _uart_putstr
  C:6D42H         PUBLIC        _uart_init
  B:0088H.6       PUBLIC        TR1
  D:00D1H         PUBLIC        T4T3M
  D:009BH         PUBLIC        S2BUF
BL51 BANKED LINKER/LOCATER V6.22                                                      07/03/2020  15:17:31  PAGE 25


  D:00ADH         PUBLIC        S3BUF
  D:0085H         PUBLIC        S4BUF
  D:009AH         PUBLIC        S2CON
  D:00ACH         PUBLIC        S3CON
  D:0084H         PUBLIC        S4CON
  D:00D0H         PUBLIC        PSW
  -------         PROC          _UART_INIT
  X:07D8H         SYMBOL        uart_n
  X:07D9H         SYMBOL        uart_rx_pin
  X:07DAH         SYMBOL        uart_tx_pin
  X:07DBH         SYMBOL        baud
  X:07DFH         SYMBOL        tim_n
  -------         DO            
  D:0004H         SYMBOL        brt
  -------         ENDDO         
  C:6D42H         LINE#         45
  C:6D4DH         LINE#         46
  C:6D4DH         LINE#         49
  C:6D7CH         LINE#         51
  C:6D99H         LINE#         52
  C:6D99H         LINE#         53
  C:6D99H         LINE#         54
  C:6D99H         LINE#         55
  C:6DA2H         LINE#         56
  C:6DA2H         LINE#         57
  C:6DA5H         LINE#         58
  C:6DA5H         LINE#         59
  C:6DA7H         LINE#         60
  C:6DAAH         LINE#         61
  C:6DADH         LINE#         62
  C:6DAFH         LINE#         63
  C:6DB4H         LINE#         64
  C:6DB6H         LINE#         65
  C:6DBAH         LINE#         66
  C:6DBAH         LINE#         67
  C:6DBDH         LINE#         68
  C:6DBFH         LINE#         69
  C:6DC2H         LINE#         70
  C:6DC5H         LINE#         71
  C:6DC5H         LINE#         72
  C:6DC8H         LINE#         73
  C:6DD4H         LINE#         74
  C:6DD4H         LINE#         75
  C:6DD4H         LINE#         76
  C:6DD6H         LINE#         77
  C:6DE1H         LINE#         78
  C:6DE1H         LINE#         79
  C:6DE4H         LINE#         80
  C:6DE6H         LINE#         81
  C:6DF2H         LINE#         82
  C:6DF2H         LINE#         83
  C:6DF5H         LINE#         84
  C:6DF7H         LINE#         85
  C:6E03H         LINE#         86
  C:6E03H         LINE#         87
  C:6E06H         LINE#         88
  C:6E06H         LINE#         89
BL51 BANKED LINKER/LOCATER V6.22                                                      07/03/2020  15:17:31  PAGE 26


  C:6E0BH         LINE#         90
  C:6E0DH         LINE#         91
  C:6E0EH         LINE#         92
  C:6E0EH         LINE#         94
  C:6E0EH         LINE#         95
  C:6E0EH         LINE#         96
  C:6E15H         LINE#         97
  C:6E15H         LINE#         98
  C:6E18H         LINE#         99
  C:6E1AH         LINE#         100
  C:6E1DH         LINE#         101
  C:6E20H         LINE#         102
  C:6E20H         LINE#         104
  C:6E23H         LINE#         105
  C:6E30H         LINE#         106
  C:6E30H         LINE#         107
  C:6E30H         LINE#         108
  C:6E32H         LINE#         109
  C:6E3DH         LINE#         110
  C:6E3DH         LINE#         111
  C:6E40H         LINE#         112
  C:6E40H         LINE#         114
  C:6E43H         LINE#         115
  C:6E48H         LINE#         116
  C:6E49H         LINE#         117
  C:6E49H         LINE#         119
  C:6E49H         LINE#         120
  C:6E49H         LINE#         121
  C:6E51H         LINE#         122
  C:6E51H         LINE#         123
  C:6E54H         LINE#         124
  C:6E56H         LINE#         125
  C:6E59H         LINE#         126
  C:6E5CH         LINE#         127
  C:6E5EH         LINE#         128
  C:6E62H         LINE#         129
  C:6E62H         LINE#         130
  C:6E65H         LINE#         131
  C:6E67H         LINE#         132
  C:6E6AH         LINE#         133
  C:6E6DH         LINE#         134
  C:6E6DH         LINE#         136
  C:6E70H         LINE#         137
  C:6E7DH         LINE#         138
  C:6E7DH         LINE#         139
  C:6E7DH         LINE#         140
  C:6E7FH         LINE#         141
  C:6E8AH         LINE#         142
  C:6E8AH         LINE#         143
  C:6E8DH         LINE#         144
  C:6E8DH         LINE#         146
  C:6E90H         LINE#         147
  C:6E95H         LINE#         148
  C:6E96H         LINE#         149
  C:6E96H         LINE#         151
  C:6E96H         LINE#         152
  C:6E96H         LINE#         153
BL51 BANKED LINKER/LOCATER V6.22                                                      07/03/2020  15:17:31  PAGE 27


  C:6E9EH         LINE#         154
  C:6E9EH         LINE#         155
  C:6EA1H         LINE#         156
  C:6EA3H         LINE#         157
  C:6EA6H         LINE#         158
  C:6EA9H         LINE#         159
  C:6EABH         LINE#         160
  C:6EAFH         LINE#         161
  C:6EAFH         LINE#         162
  C:6EB2H         LINE#         163
  C:6EB4H         LINE#         164
  C:6EB7H         LINE#         165
  C:6EBAH         LINE#         166
  C:6EBAH         LINE#         168
  C:6EBDH         LINE#         169
  C:6ECAH         LINE#         170
  C:6ECAH         LINE#         171
  C:6ECAH         LINE#         172
  C:6ECCH         LINE#         173
  C:6ED7H         LINE#         174
  C:6ED7H         LINE#         175
  C:6EDAH         LINE#         176
  C:6EDDH         LINE#         177
  C:6EE0H         LINE#         178
  C:6EE0H         LINE#         179
  C:6EE3H         LINE#         180
  C:6EE8H         LINE#         181
  C:6EE8H         LINE#         182
  C:6EE8H         LINE#         184
  C:6EE8H         LINE#         186
  -------         ENDPROC       _UART_INIT
  -------         PROC          L?0053
  -------         ENDPROC       L?0053
  -------         PROC          _UART_PUTCHAR
  D:0007H         SYMBOL        uart_n
  D:0005H         SYMBOL        dat
  C:9DB2H         LINE#         195
  C:9DB2H         LINE#         196
  C:9DB2H         LINE#         197
  C:9DC0H         LINE#         198
  C:9DC0H         LINE#         199
  C:9DC0H         LINE#         200
  C:9DC6H         LINE#         201
  C:9DCCH         LINE#         202
  C:9DCEH         LINE#         203
  C:9DCFH         LINE#         204
  C:9DCFH         LINE#         205
  C:9DD5H         LINE#         206
  C:9DDBH         LINE#         207
  C:9DDDH         LINE#         208
  C:9DDEH         LINE#         209
  C:9DDEH         LINE#         210
  C:9DE4H         LINE#         211
  C:9DEAH         LINE#         212
  C:9DECH         LINE#         213
  C:9DEDH         LINE#         214
  C:9DEDH         LINE#         215
BL51 BANKED LINKER/LOCATER V6.22                                                      07/03/2020  15:17:31  PAGE 28


  C:9DF3H         LINE#         216
  C:9DF9H         LINE#         217
  C:9DFDH         LINE#         218
  C:9DFDH         LINE#         219
  C:9DFDH         LINE#         220
  -------         ENDPROC       _UART_PUTCHAR
  -------         PROC          _UART_PUTBUFF
  D:0006H         SYMBOL        uart_n
  X:0B68H         SYMBOL        p
  X:0B6BH         SYMBOL        len
  C:AA89H         LINE#         231
  C:AA96H         LINE#         232
  C:AA96H         LINE#         233
  C:AAA4H         LINE#         234
  C:AAB0H         LINE#         235
  -------         ENDPROC       _UART_PUTBUFF
  -------         PROC          _UART_PUTSTR
  D:0006H         SYMBOL        uart_n
  X:0BF1H         SYMBOL        str
  C:AAB1H         LINE#         245
  C:AABEH         LINE#         246
  C:AABEH         LINE#         247
  C:AACEH         LINE#         248
  C:AACEH         LINE#         249
  C:AAD6H         LINE#         250
  C:AAD8H         LINE#         251
  -------         ENDPROC       _UART_PUTSTR
  -------         ENDMOD        ZF_UART

  -------         MODULE        ZF_ADC
  C:0000H         SYMBOL        _ICE_DUMMY_
  D:0092H         PUBLIC        P1M0
  D:0093H         PUBLIC        P0M1
  D:0091H         PUBLIC        P1M1
  D:0080H         PUBLIC        P0
  D:0090H         PUBLIC        P1
  D:00A0H         PUBLIC        P2
  D:00B0H         PUBLIC        P3
  D:00C0H         PUBLIC        P4
  D:00C8H         PUBLIC        P5
  D:00E8H         PUBLIC        P6
  D:00F8H         PUBLIC        P7
  D:00A8H         PUBLIC        IE
  D:00BDH         PUBLIC        ADC_RES
  D:00B8H         PUBLIC        IP
  D:00DEH         PUBLIC        ADCCFG
  D:00D8H         PUBLIC        CCON
  C:A98CH         PUBLIC        _adc_once
  D:00BCH         PUBLIC        ADC_CONTR
  D:0098H         PUBLIC        SCON
  D:0088H         PUBLIC        TCON
  C:A408H         PUBLIC        _adc_init
  D:00BEH         PUBLIC        ADC_RESL
  D:00D0H         PUBLIC        PSW
  D:0094H         PUBLIC        P0M0
  -------         PROC          _ADC_INIT
  D:0007H         SYMBOL        adcn
BL51 BANKED LINKER/LOCATER V6.22                                                      07/03/2020  15:17:31  PAGE 29


  D:0005H         SYMBOL        speed
  C:A408H         LINE#         32
  C:A408H         LINE#         33
  C:A408H         LINE#         34
  C:A40BH         LINE#         36
  C:A415H         LINE#         37
  C:A415H         LINE#         39
  C:A428H         LINE#         40
  C:A42BH         LINE#         41
  C:A42DH         LINE#         42
  C:A430H         LINE#         43
  C:A430H         LINE#         45
  C:A443H         LINE#         46
  C:A446H         LINE#         47
  C:A446H         LINE#         49
  C:A44BH         LINE#         51
  C:A44EH         LINE#         52
  -------         ENDPROC       _ADC_INIT
  -------         PROC          _ADC_ONCE
  D:0007H         SYMBOL        adcn
  D:0001H         SYMBOL        resolution
  -------         DO            
  D:0006H         SYMBOL        adc_value
  -------         ENDDO         
  C:A98CH         LINE#         63
  C:A98EH         LINE#         64
  C:A98EH         LINE#         67
  C:A991H         LINE#         68
  C:A994H         LINE#         70
  C:A997H         LINE#         73
  C:A99CH         LINE#         74
  C:A99FH         LINE#         77
  C:A9A1H         LINE#         78
  C:A9A3H         LINE#         79
  C:A9A7H         LINE#         81
  C:A9B6H         LINE#         84
  C:A9B6H         LINE#         85
  -------         ENDPROC       _ADC_ONCE
  -------         ENDMOD        ZF_ADC

  -------         MODULE        ZF_TIM
[...]
  C:8717H         LINE#         239
  C:871CH         LINE#         241
  C:8721H         LINE#         242
BL51 BANKED LINKER/LOCATER V6.22                                                      07/03/2020  15:17:31  PAGE 123


  C:8726H         LINE#         243
  C:872BH         LINE#         245
  C:8730H         LINE#         246
  C:8735H         LINE#         247
  C:873AH         LINE#         248
  C:873FH         LINE#         249
  C:8744H         LINE#         250
  C:8749H         LINE#         251
  C:874EH         LINE#         252
  C:8753H         LINE#         253
  C:8758H         LINE#         254
  C:875DH         LINE#         255
  C:8762H         LINE#         256
  C:8767H         LINE#         257
  C:876CH         LINE#         258
  C:8771H         LINE#         259
  C:8776H         LINE#         260
  C:877BH         LINE#         261
  C:8780H         LINE#         262
  C:8785H         LINE#         263
  C:878AH         LINE#         264
  C:878FH         LINE#         265
  C:8794H         LINE#         266
  -------         ENDPROC       OLED_INIT
  -------         PROC          _OLED_P6X8STR
  X:0B2FH         SYMBOL        x
  X:0B30H         SYMBOL        y
  X:0B31H         SYMBOL        ch
  -------         DO            
  X:0B34H         SYMBOL        c
  D:0004H         SYMBOL        i
  X:0B35H         SYMBOL        j
  X:0B36H         SYMBOL        rs
  -------         ENDDO         
  C:8E29H         LINE#         275
  C:8E3AH         LINE#         276
  C:8E3AH         LINE#         277
  C:8E42H         LINE#         278
  C:8E5BH         LINE#         279
  C:8E5BH         LINE#         280
  C:8E61H         LINE#         281
  C:8E75H         LINE#         282
  C:8E7AH         LINE#         283
  C:8E89H         LINE#         284
  C:8E94H         LINE#         285
  C:8E96H         LINE#         286
  C:8EC1H         LINE#         287
  C:8EC8H         LINE#         288
  C:8ECEH         LINE#         289
  C:8ED1H         LINE#         290
  -------         ENDPROC       _OLED_P6X8STR
  C:A2A9H         SYMBOL        L?0097
  C:A2ACH         SYMBOL        L?0098
  -------         PROC          L?0096
  -------         ENDPROC       L?0096
  C:A2A9H         SYMBOL        L?0097
  C:A2ACH         SYMBOL        L?0098
BL51 BANKED LINKER/LOCATER V6.22                                                      07/03/2020  15:17:31  PAGE 124


  -------         PROC          _OLED_P6X8CHAR
  D:0007H         SYMBOL        ch
  -------         DO            
  D:0004H         SYMBOL        c
  D:0003H         SYMBOL        i
  D:0002H         SYMBOL        rs
  -------         ENDDO         
  C:A2B0H         LINE#         293
  C:A2B0H         LINE#         294
  C:A2B0H         LINE#         295
  C:A2B2H         LINE#         296
  C:A2B6H         LINE#         297
  C:A2C0H         LINE#         298
  C:A2C2H         LINE#         299
  C:A2C2H         LINE#         300
  C:A2E2H         LINE#         301
  C:A2E7H         LINE#         302
  -------         ENDPROC       _OLED_P6X8CHAR
  -------         PROC          _OLED_PRINTVALUEC
  D:0007H         SYMBOL        x
  D:0005H         SYMBOL        y
  X:0C03H         SYMBOL        dat
  -------         DO            
  D:0003H         SYMBOL        i
  X:0C05H         SYMBOL        j
  D:0001H         SYMBOL        k
  -------         ENDDO         
  C:9281H         LINE#         305
  C:9289H         LINE#         306
  C:9289H         LINE#         307
  C:928CH         LINE#         309
  C:9297H         LINE#         310
  C:9297H         LINE#         311
  C:929CH         LINE#         312
  C:92B1H         LINE#         313
  C:92B3H         LINE#         315
  C:92B3H         LINE#         316
  C:92B8H         LINE#         317
  C:92B8H         LINE#         318
  C:92C9H         LINE#         319
  C:92E8H         LINE#         320
  C:92F9H         LINE#         321
  C:9302H         LINE#         322
  C:9308H         LINE#         323
  -------         ENDPROC       _OLED_PRINTVALUEC
  -------         PROC          _OLED_PRINTVALUEI
  D:0007H         SYMBOL        x
  D:0005H         SYMBOL        y
  X:0BC1H         SYMBOL        dat
  -------         DO            
  X:0BC3H         SYMBOL        i
  X:0BC4H         SYMBOL        j
  D:0001H         SYMBOL        k
  D:0003H         SYMBOL        l
  X:0BC5H         SYMBOL        m
  X:0BC6H         SYMBOL        fn
  -------         ENDDO         
BL51 BANKED LINKER/LOCATER V6.22                                                      07/03/2020  15:17:31  PAGE 125


  C:8135H         LINE#         326
  C:813DH         LINE#         327
  C:8142H         LINE#         328
  C:8145H         LINE#         330
  C:8150H         LINE#         331
  C:8150H         LINE#         332
  C:8155H         LINE#         333
  C:816AH         LINE#         334
  C:816AH         LINE#         335
  C:817BH         LINE#         336
  C:819CH         LINE#         337
  C:81BBH         LINE#         338
  C:81DCH         LINE#         339
  C:81EDH         LINE#         341
  C:81F0H         LINE#         342
  C:81F0H         LINE#         343
  C:81F6H         LINE#         344
  C:81FCH         LINE#         345
  C:81FCH         LINE#         346
  C:8207H         LINE#         347
  C:8207H         LINE#         348
  C:820EH         LINE#         349
  C:8214H         LINE#         350
  C:8214H         LINE#         351
  C:8221H         LINE#         352
  C:8221H         LINE#         353
  C:8228H         LINE#         354
  C:822EH         LINE#         355
  C:822EH         LINE#         356
  C:823BH         LINE#         357
  C:8242H         LINE#         358
  -------         ENDPROC       _OLED_PRINTVALUEI
  -------         PROC          _OLED_PRINTVALUEFP
  X:0BC7H         SYMBOL        dat
  X:0BC9H         SYMBOL        num
  -------         DO            
  X:0BCAH         SYMBOL        m
  X:0BCBH         SYMBOL        i
  X:0BCCH         SYMBOL        j
  D:0001H         SYMBOL        k
  -------         ENDDO         
  C:901CH         LINE#         361
  C:9027H         LINE#         362
  C:9027H         LINE#         363
  C:902CH         LINE#         365
  C:9043H         LINE#         366
  C:905EH         LINE#         367
  C:907FH         LINE#         368
  C:908CH         LINE#         369
  C:909EH         LINE#         370
  C:909EH         LINE#         372
  C:909EH         LINE#         373
  C:90A0H         LINE#         374
  C:90A3H         LINE#         375
  C:90A3H         LINE#         376
  C:90A5H         LINE#         377
  C:90A5H         LINE#         378
BL51 BANKED LINKER/LOCATER V6.22                                                      07/03/2020  15:17:31  PAGE 126


  C:90A8H         LINE#         379
  C:90A8H         LINE#         380
  C:90AAH         LINE#         381
  C:90B0H         LINE#         382
  C:90B0H         LINE#         383
  C:90B3H         LINE#         384
  C:90BAH         LINE#         385
  C:90BAH         LINE#         386
  C:90BAH         LINE#         387
  -------         ENDPROC       _OLED_PRINTVALUEFP
  -------         PROC          _OLED_PRINTVALUEF
  X:0A4AH         SYMBOL        x
  X:0A4BH         SYMBOL        y
  X:0A4CH         SYMBOL        dat
  X:0A50H         SYMBOL        num
  -------         DO            
  D:0003H         SYMBOL        l
  X:0A51H         SYMBOL        m
  X:0A52H         SYMBOL        i
  X:0A53H         SYMBOL        j
  D:0001H         SYMBOL        k
  X:0A54H         SYMBOL        Integer_Len
  X:0A55H         SYMBOL        Integer_Part
  X:0A57H         SYMBOL        Float_Part
  -------         ENDDO         
  C:60F1H         LINE#         391
  C:60F9H         LINE#         392
  C:60F9H         LINE#         394
  C:60FFH         LINE#         397
  C:6119H         LINE#         398
  C:6138H         LINE#         399
  C:6155H         LINE#         400
  C:6186H         LINE#         401
  C:6191H         LINE#         406
  C:61AAH         LINE#         407
  C:61AFH         LINE#         409
  C:61CCH         LINE#         410
  C:61DDH         LINE#         411
  C:61FEH         LINE#         412
  C:621FH         LINE#         413
  C:6240H         LINE#         414
  C:6251H         LINE#         419
  C:6254H         LINE#         420
  C:6254H         LINE#         421
  C:625AH         LINE#         422
  C:6263H         LINE#         423
  C:6267H         LINE#         424
  C:6267H         LINE#         425
  C:6267H         LINE#         426
  C:6267H         LINE#         427
  C:6269H         LINE#         428
  C:6270H         LINE#         429
  C:6270H         LINE#         430
  C:6276H         LINE#         431
  C:627DH         LINE#         432
  C:6281H         LINE#         433
  C:6281H         LINE#         434
BL51 BANKED LINKER/LOCATER V6.22                                                      07/03/2020  15:17:31  PAGE 127


  C:6281H         LINE#         435
  C:6283H         LINE#         436
  C:628AH         LINE#         437
  C:628AH         LINE#         438
  C:6290H         LINE#         439
  C:6297H         LINE#         440
  C:629DH         LINE#         441
  C:629DH         LINE#         442
  C:629FH         LINE#         443
  C:62A6H         LINE#         444
  C:62A6H         LINE#         445
  C:62AAH         LINE#         446
  C:62B1H         LINE#         447
  C:62B1H         LINE#         448
  C:62B3H         LINE#         450
  C:62B3H         LINE#         451
  C:62B9H         LINE#         452
  C:62C0H         LINE#         453
  C:62C0H         LINE#         454
  C:62E2H         LINE#         455
  C:62FDH         LINE#         456
  C:62FDH         LINE#         457
  C:6302H         LINE#         458
  C:6309H         LINE#         459
  C:6310H         LINE#         460
  C:6316H         LINE#         461
  C:633CH         LINE#         462
  C:633CH         LINE#         463
  -------         ENDPROC       _OLED_PRINTVALUEF
  -------         ENDMOD        OLED

  -------         MODULE        ?C?FPADD
  C:0EADH         PUBLIC        ?C?FPADD
  C:0EA9H         PUBLIC        ?C?FPSUB
  -------         ENDMOD        ?C?FPADD

  -------         MODULE        ?C?FPMUL
  C:0F9EH         PUBLIC        ?C?FPMUL
  -------         ENDMOD        ?C?FPMUL

  -------         MODULE        ?C?FPDIV
  C:10A7H         PUBLIC        ?C?FPDIV
  -------         ENDMOD        ?C?FPDIV

  -------         MODULE        ?C?FPCMP
  C:1146H         PUBLIC        ?C?FPCMP
  C:1144H         PUBLIC        ?C?FPCMP3
  -------         ENDMOD        ?C?FPCMP

  -------         MODULE        ?C?FPNEG
  C:11B1H         PUBLIC        ?C?FPNEG
  -------         ENDMOD        ?C?FPNEG

  -------         MODULE        ?C?FCAST
  C:11CCH         PUBLIC        ?C?FCASTC
  C:11C7H         PUBLIC        ?C?FCASTI
  C:11C2H         PUBLIC        ?C?FCASTL
BL51 BANKED LINKER/LOCATER V6.22                                                      07/03/2020  15:17:31  PAGE 128


  -------         ENDMOD        ?C?FCAST

  -------         MODULE        ?C?CASTF
  C:1200H         PUBLIC        ?C?CASTF
  -------         ENDMOD        ?C?CASTF

  -------         MODULE        SQRT
  C:8D81H         PUBLIC        _SQRT
  -------         ENDMOD        SQRT

  -------         MODULE        ATAN2
  X:082CH         PUBLIC        ?_atan2?BYTE
  C:90BFH         PUBLIC        _atan2
  -------         ENDMOD        ATAN2

  -------         MODULE        ASIN
  C:A7DFH         PUBLIC        _ASIN
  -------         ENDMOD        ASIN

  -------         MODULE        ATAN
  C:7AACH         PUBLIC        _ATAN
  -------         ENDMOD        ATAN

  -------         MODULE        ?C?COPY
  C:139EH         PUBLIC        ?C?COPY
  -------         ENDMOD        ?C?COPY

  -------         MODULE        ?C?SCDIV
  C:13C4H         PUBLIC        ?C?SCDIV
  -------         ENDMOD        ?C?SCDIV

  -------         MODULE        ?C?CLDPTR
  C:13E6H         PUBLIC        ?C?CLDPTR
  -------         ENDMOD        ?C?CLDPTR

  -------         MODULE        ?C?CLDOPTR
  C:13FFH         PUBLIC        ?C?CLDOPTR
  -------         ENDMOD        ?C?CLDOPTR

  -------         MODULE        ?C?CSTPTR
  C:142CH         PUBLIC        ?C?CSTPTR
  -------         ENDMOD        ?C?CSTPTR

  -------         MODULE        ?C?CSTOPTR
  C:143EH         PUBLIC        ?C?CSTOPTR
  -------         ENDMOD        ?C?CSTOPTR

  -------         MODULE        ?C?IMUL
  C:1460H         PUBLIC        ?C?IMUL
  -------         ENDMOD        ?C?IMUL

  -------         MODULE        ?C?UIDIV
  C:1472H         PUBLIC        ?C?UIDIV
  -------         ENDMOD        ?C?UIDIV

  -------         MODULE        ?C?SIDIV
  C:14C7H         PUBLIC        ?C?SIDIV
BL51 BANKED LINKER/LOCATER V6.22                                                      07/03/2020  15:17:31  PAGE 129


  -------         ENDMOD        ?C?SIDIV

  -------         MODULE        ?C?IILDX
  C:14FDH         PUBLIC        ?C?IILDX
  -------         ENDMOD        ?C?IILDX

  -------         MODULE        ?C?ILDIX
  C:1513H         PUBLIC        ?C?ILDIX
  -------         ENDMOD        ?C?ILDIX

  -------         MODULE        ?C?ILDPTR
  C:1529H         PUBLIC        ?C?ILDPTR
  -------         ENDMOD        ?C?ILDPTR

  -------         MODULE        ?C?ILDOPTR
  C:1554H         PUBLIC        ?C?ILDOPTR
  -------         ENDMOD        ?C?ILDOPTR

  -------         MODULE        ?C?ISTPTR
  C:158CH         PUBLIC        ?C?ISTPTR
  -------         ENDMOD        ?C?ISTPTR

  -------         MODULE        ?C?ISTOPTR
  C:15ABH         PUBLIC        ?C?ISTOPTR
  -------         ENDMOD        ?C?ISTOPTR

  -------         MODULE        ?C?LMUL
  C:15D8H         PUBLIC        ?C?LMUL
  -------         ENDMOD        ?C?LMUL

  -------         MODULE        ?C?ULDIV
  C:1663H         PUBLIC        ?C?ULDIV
  -------         ENDMOD        ?C?ULDIV

  -------         MODULE        ?C?SLDIV
  C:A51FH         PUBLIC        ?C?SLDIV
  -------         ENDMOD        ?C?SLDIV

  -------         MODULE        ?C?LNEG
  C:16F5H         PUBLIC        ?C?LNEG
  -------         ENDMOD        ?C?LNEG

  -------         MODULE        ?C?SLCMP
  C:1703H         PUBLIC        ?C?SLCMP
  -------         ENDMOD        ?C?SLCMP

  -------         MODULE        ?C?ULCMP
  C:1719H         PUBLIC        ?C?ULCMP
  -------         ENDMOD        ?C?ULCMP

  -------         MODULE        ?C?ULSHR
  C:172AH         PUBLIC        ?C?ULSHR
  -------         ENDMOD        ?C?ULSHR

  -------         MODULE        ?C?LLDPTR
  C:173DH         PUBLIC        ?C?LLDPTR
  -------         ENDMOD        ?C?LLDPTR
BL51 BANKED LINKER/LOCATER V6.22                                                      07/03/2020  15:17:31  PAGE 130



  -------         MODULE        ?C?LLDOPTR
  C:175DH         PUBLIC        ?C?LLDOPTR
  -------         ENDMOD        ?C?LLDOPTR

  -------         MODULE        ?C?LSTPTR
  C:178DH         PUBLIC        ?C?LSTPTR
  -------         ENDMOD        ?C?LSTPTR

  -------         MODULE        ?C?LSTOPTR
  C:17A7H         PUBLIC        ?C?LSTOPTR
  -------         ENDMOD        ?C?LSTOPTR

  -------         MODULE        ?C?LLDXDATA
  C:17CBH         PUBLIC        ?C?LLDXDATA
  -------         ENDMOD        ?C?LLDXDATA

  -------         MODULE        ?C?LLDCODE
  C:17D7H         PUBLIC        ?C?LLDCODE
  -------         ENDMOD        ?C?LLDCODE

  -------         MODULE        ?C?LLDXDATA0
  C:17E7H         PUBLIC        ?C?LLDXDATA0
  -------         ENDMOD        ?C?LLDXDATA0

  -------         MODULE        ?C?LLDCODE0
  C:17F3H         PUBLIC        ?C?LLDCODE0
  -------         ENDMOD        ?C?LLDCODE0

  -------         MODULE        ?C?LLDPTR0
  C:1803H         PUBLIC        ?C?LLDPTR0
  -------         ENDMOD        ?C?LLDPTR0

  -------         MODULE        ?C?LLDOPTR0
  C:1823H         PUBLIC        ?C?LLDOPTR0
  -------         ENDMOD        ?C?LLDOPTR0

  -------         MODULE        ?C?LSTXDATA
  C:1853H         PUBLIC        ?C?LSTXDATA
  -------         ENDMOD        ?C?LSTXDATA

  -------         MODULE        ?C?LSTKXDATA
  C:185FH         PUBLIC        ?C?LSTKXDATA
  -------         ENDMOD        ?C?LSTKXDATA

  -------         MODULE        ?C?LSTKPTR
  C:1890H         PUBLIC        ?C?LSTKPTR
  -------         ENDMOD        ?C?LSTKPTR

  -------         MODULE        ?C?LSTKOPTR
  C:18AAH         PUBLIC        ?C?LSTKOPTR
  -------         ENDMOD        ?C?LSTKOPTR

  -------         MODULE        ?C?PLDPTR
  C:18CEH         PUBLIC        ?C?PLDPTR
  -------         ENDMOD        ?C?PLDPTR

BL51 BANKED LINKER/LOCATER V6.22                                                      07/03/2020  15:17:31  PAGE 131


  -------         MODULE        ?C?CCASE
  C:18EEH         PUBLIC        ?C?CCASE
  -------         ENDMOD        ?C?CCASE

  -------         MODULE        ?C?LIMUL
  C:1914H         PUBLIC        ?C?LIMUL
  -------         ENDMOD        ?C?LIMUL

  -------         MODULE        ?C?LLDIDATA
  C:1941H         PUBLIC        ?C?LLDIDATA
  -------         ENDMOD        ?C?LLDIDATA

  -------         MODULE        ?C?LLDPDATA
  C:194DH         PUBLIC        ?C?LLDPDATA
  -------         ENDMOD        ?C?LLDPDATA

  -------         MODULE        ?C?LLDIDATA0
  C:1959H         PUBLIC        ?C?LLDIDATA0
  -------         ENDMOD        ?C?LLDIDATA0

  -------         MODULE        ?C?LLDPDATA0
  C:1966H         PUBLIC        ?C?LLDPDATA0
  -------         ENDMOD        ?C?LLDPDATA0

  -------         MODULE        ?C?LSTIDATA
  C:1973H         PUBLIC        ?C?LSTIDATA
  -------         ENDMOD        ?C?LSTIDATA

  -------         MODULE        ?C?LSTPDATA
  C:197FH         PUBLIC        ?C?LSTPDATA
  -------         ENDMOD        ?C?LSTPDATA

  -------         MODULE        ?C?LSTKIDATA
  C:198BH         PUBLIC        ?C?LSTKIDATA
  -------         ENDMOD        ?C?LSTKIDATA

  -------         MODULE        ?C?LSTKPDATA
  C:19A4H         PUBLIC        ?C?LSTKPDATA
  -------         ENDMOD        ?C?LSTKPDATA

  -------         MODULE        ?C?PLDIDATA
  C:19BDH         PUBLIC        ?C?PLDIDATA
  -------         ENDMOD        ?C?PLDIDATA

  -------         MODULE        ?C?PLDXDATA
  C:19C6H         PUBLIC        ?C?PLDXDATA
  -------         ENDMOD        ?C?PLDXDATA

  -------         MODULE        ?C?PLDPDATA
  C:19CFH         PUBLIC        ?C?PLDPDATA
  -------         ENDMOD        ?C?PLDPDATA

  -------         MODULE        ?C?PLDCODE
  C:19D8H         PUBLIC        ?C?PLDCODE
  -------         ENDMOD        ?C?PLDCODE

*** WARNING L15: MULTIPLE CALL TO SEGMENT
BL51 BANKED LINKER/LOCATER V6.22                                                      07/03/2020  15:17:31  PAGE 132


    SEGMENT: ?PR?_SIMIIC_READ_REG?SEEKFREE_IIC
    CALLER1: ?PR?TM3_ISR?ISR
    CALLER2: ?C_C51STARTUP

*** WARNING L15: MULTIPLE CALL TO SEGMENT
    SEGMENT: ?PR?_MPU6050_GETDATA?MPU6050
    CALLER1: ?PR?TM3_ISR?ISR
    CALLER2: ?C_C51STARTUP

*** WARNING L15: MULTIPLE CALL TO SEGMENT
    SEGMENT: ?PR?_GETDATA?MPU6050
    CALLER1: ?PR?TM3_ISR?ISR
    CALLER2: ?C_C51STARTUP

*** WARNING L15: MULTIPLE CALL TO SEGMENT
    SEGMENT: ?PR?_IMUUPDATE?MPU6050
    CALLER1: ?PR?TM3_ISR?ISR
    CALLER2: ?C_C51STARTUP

*** WARNING L15: MULTIPLE CALL TO SEGMENT
    SEGMENT: ?PR?SQRT?SQRT
    CALLER1: ?PR?TM3_ISR?ISR
    CALLER2: ?C_C51STARTUP

*** WARNING L15: MULTIPLE CALL TO SEGMENT
    SEGMENT: ?PR?ATAN?ATAN
    CALLER1: ?PR?TM3_ISR?ISR
    CALLER2: ?C_C51STARTUP

*** WARNING L15: MULTIPLE CALL TO SEGMENT
    SEGMENT: ?PR?_ATAN2?ATAN2
    CALLER1: ?PR?TM3_ISR?ISR
    CALLER2: ?C_C51STARTUP

*** WARNING L15: MULTIPLE CALL TO SEGMENT
    SEGMENT: ?PR?_PID_REALIZE?PID
    CALLER1: ?PR?TM3_ISR?ISR
    CALLER2: ?C_C51STARTUP

Program Size: data=9.4 xdata=3104 code=45215
LINK/LOCATE RUN COMPLETE.  8 WARNING(S),  0 ERROR(S)
